Archive member included because of file (symbol)

c:/microsemi/softconsole_v4.0/arm-none-eabi-gcc/bin/../lib/gcc/arm-none-eabi/4.9.3/../../../../arm-none-eabi/lib/armv7-m\libg_nano.a(lib_a-assert.o)
                              ./WebServer/httpserver-netconn.o (__assert_func)
c:/microsemi/softconsole_v4.0/arm-none-eabi-gcc/bin/../lib/gcc/arm-none-eabi/4.9.3/../../../../arm-none-eabi/lib/armv7-m\libg_nano.a(lib_a-errno.o)
                              ./CMSIS/startup_gcc/newlib_stubs.o (__errno)
c:/microsemi/softconsole_v4.0/arm-none-eabi-gcc/bin/../lib/gcc/arm-none-eabi/4.9.3/../../../../arm-none-eabi/lib/armv7-m\libg_nano.a(lib_a-exit.o)
                              c:/microsemi/softconsole_v4.0/arm-none-eabi-gcc/bin/../lib/gcc/arm-none-eabi/4.9.3/../../../../arm-none-eabi/lib/armv7-m/crt0.o (exit)
c:/microsemi/softconsole_v4.0/arm-none-eabi-gcc/bin/../lib/gcc/arm-none-eabi/4.9.3/../../../../arm-none-eabi/lib/armv7-m\libg_nano.a(lib_a-fprintf.o)
                              c:/microsemi/softconsole_v4.0/arm-none-eabi-gcc/bin/../lib/gcc/arm-none-eabi/4.9.3/../../../../arm-none-eabi/lib/armv7-m\libg_nano.a(lib_a-assert.o) (fiprintf)
c:/microsemi/softconsole_v4.0/arm-none-eabi-gcc/bin/../lib/gcc/arm-none-eabi/4.9.3/../../../../arm-none-eabi/lib/armv7-m\libg_nano.a(lib_a-impure.o)
                              c:/microsemi/softconsole_v4.0/arm-none-eabi-gcc/bin/../lib/gcc/arm-none-eabi/4.9.3/../../../../arm-none-eabi/lib/armv7-m\libg_nano.a(lib_a-exit.o) (_global_impure_ptr)
c:/microsemi/softconsole_v4.0/arm-none-eabi-gcc/bin/../lib/gcc/arm-none-eabi/4.9.3/../../../../arm-none-eabi/lib/armv7-m\libg_nano.a(lib_a-init.o)
                              c:/microsemi/softconsole_v4.0/arm-none-eabi-gcc/bin/../lib/gcc/arm-none-eabi/4.9.3/../../../../arm-none-eabi/lib/armv7-m/crt0.o (__libc_init_array)
c:/microsemi/softconsole_v4.0/arm-none-eabi-gcc/bin/../lib/gcc/arm-none-eabi/4.9.3/../../../../arm-none-eabi/lib/armv7-m\libg_nano.a(lib_a-memcmp.o)
                              ./lwip-1.4.1/netif/etharp.o (memcmp)
c:/microsemi/softconsole_v4.0/arm-none-eabi-gcc/bin/../lib/gcc/arm-none-eabi/4.9.3/../../../../arm-none-eabi/lib/armv7-m\libg_nano.a(lib_a-memcpy.o)
                              ./lwip-1.4.1/netif/coretse_ethernetif.o (memcpy)
c:/microsemi/softconsole_v4.0/arm-none-eabi-gcc/bin/../lib/gcc/arm-none-eabi/4.9.3/../../../../arm-none-eabi/lib/armv7-m\libg_nano.a(lib_a-memset.o)
                              c:/microsemi/softconsole_v4.0/arm-none-eabi-gcc/bin/../lib/gcc/arm-none-eabi/4.9.3/../../../../arm-none-eabi/lib/armv7-m/crt0.o (memset)
c:/microsemi/softconsole_v4.0/arm-none-eabi-gcc/bin/../lib/gcc/arm-none-eabi/4.9.3/../../../../arm-none-eabi/lib/armv7-m\libg_nano.a(lib_a-nano-vfprintf.o)
                              c:/microsemi/softconsole_v4.0/arm-none-eabi-gcc/bin/../lib/gcc/arm-none-eabi/4.9.3/../../../../arm-none-eabi/lib/armv7-m\libg_nano.a(lib_a-fprintf.o) (_vfprintf_r)
c:/microsemi/softconsole_v4.0/arm-none-eabi-gcc/bin/../lib/gcc/arm-none-eabi/4.9.3/../../../../arm-none-eabi/lib/armv7-m\libg_nano.a(lib_a-nano-vfprintf_i.o)
                              c:/microsemi/softconsole_v4.0/arm-none-eabi-gcc/bin/../lib/gcc/arm-none-eabi/4.9.3/../../../../arm-none-eabi/lib/armv7-m\libg_nano.a(lib_a-nano-vfprintf.o) (_printf_i)
c:/microsemi/softconsole_v4.0/arm-none-eabi-gcc/bin/../lib/gcc/arm-none-eabi/4.9.3/../../../../arm-none-eabi/lib/armv7-m\libg_nano.a(lib_a-snprintf.o)
                              ./WebServer/httpserver-netconn.o (snprintf)
c:/microsemi/softconsole_v4.0/arm-none-eabi-gcc/bin/../lib/gcc/arm-none-eabi/4.9.3/../../../../arm-none-eabi/lib/armv7-m\libg_nano.a(lib_a-sprintf.o)
                              ./FreeRTOS/tasks.o (sprintf)
c:/microsemi/softconsole_v4.0/arm-none-eabi-gcc/bin/../lib/gcc/arm-none-eabi/4.9.3/../../../../arm-none-eabi/lib/armv7-m\libg_nano.a(lib_a-strcat.o)
                              ./FreeRTOS/tasks.o (strcat)
c:/microsemi/softconsole_v4.0/arm-none-eabi-gcc/bin/../lib/gcc/arm-none-eabi/4.9.3/../../../../arm-none-eabi/lib/armv7-m\libg_nano.a(lib_a-strlen.o)
                              ./lwip-1.4.1/core/pbuf.o (strlen)
c:/microsemi/softconsole_v4.0/arm-none-eabi-gcc/bin/../lib/gcc/arm-none-eabi/4.9.3/../../../../arm-none-eabi/lib/armv7-m\libg_nano.a(lib_a-strncmp.o)
                              ./WebServer/httpserver-netconn.o (strncmp)
c:/microsemi/softconsole_v4.0/arm-none-eabi-gcc/bin/../lib/gcc/arm-none-eabi/4.9.3/../../../../arm-none-eabi/lib/armv7-m\libg_nano.a(lib_a-strncpy.o)
                              ./FreeRTOS/tasks.o (strncpy)
c:/microsemi/softconsole_v4.0/arm-none-eabi-gcc/bin/../lib/gcc/arm-none-eabi/4.9.3/../../../../arm-none-eabi/lib/armv7-m\libg_nano.a(lib_a-wbuf.o)
                              c:/microsemi/softconsole_v4.0/arm-none-eabi-gcc/bin/../lib/gcc/arm-none-eabi/4.9.3/../../../../arm-none-eabi/lib/armv7-m\libg_nano.a(lib_a-nano-vfprintf.o) (__swbuf_r)
[...]
Memory Configuration

Name             Origin             Length             Attributes
rom              0x60000000         0x00040000         xr
romMirror        0x00000000         0x00040000         xr
ram              0x20000000         0x00010000         xrw
*default*        0x00000000         0xffffffff

Linker script and memory map

LOAD c:/microsemi/softconsole_v4.0/arm-none-eabi-gcc/bin/../lib/gcc/arm-none-eabi/4.9.3/armv7-m/crti.o
LOAD c:/microsemi/softconsole_v4.0/arm-none-eabi-gcc/bin/../lib/gcc/arm-none-eabi/4.9.3/armv7-m/crtbegin.o
LOAD c:/microsemi/softconsole_v4.0/arm-none-eabi-gcc/bin/../lib/gcc/arm-none-eabi/4.9.3/../../../../arm-none-eabi/lib/armv7-m/crt0.o
LOAD ./lwip-1.4.1/port/FreeRTOS/M2SXXX/sys_arch.o
LOAD ./lwip-1.4.1/netif/ppp/auth.o
LOAD ./lwip-1.4.1/netif/ppp/chap.o
LOAD ./lwip-1.4.1/netif/ppp/chpms.o
LOAD ./lwip-1.4.1/netif/ppp/fsm.o
LOAD ./lwip-1.4.1/netif/ppp/ipcp.o
LOAD ./lwip-1.4.1/netif/ppp/lcp.o
LOAD ./lwip-1.4.1/netif/ppp/magic.o
LOAD ./lwip-1.4.1/netif/ppp/md5.o
LOAD ./lwip-1.4.1/netif/ppp/pap.o
LOAD ./lwip-1.4.1/netif/ppp/ppp.o
LOAD ./lwip-1.4.1/netif/ppp/ppp_oe.o
LOAD ./lwip-1.4.1/netif/ppp/randm.o
LOAD ./lwip-1.4.1/netif/ppp/vj.o
LOAD ./lwip-1.4.1/netif/coretse_ethernetif.o
LOAD ./lwip-1.4.1/netif/etharp.o
LOAD ./lwip-1.4.1/netif/ethernetif.o
LOAD ./lwip-1.4.1/netif/slipif.o
LOAD ./lwip-1.4.1/core/snmp/asn1_dec.o
LOAD ./lwip-1.4.1/core/snmp/asn1_enc.o
LOAD ./lwip-1.4.1/core/snmp/mib2.o
LOAD ./lwip-1.4.1/core/snmp/mib_structs.o
LOAD ./lwip-1.4.1/core/snmp/msg_in.o
LOAD ./lwip-1.4.1/core/snmp/msg_out.o
LOAD ./lwip-1.4.1/core/ipv4/autoip.o
LOAD ./lwip-1.4.1/core/ipv4/icmp.o
LOAD ./lwip-1.4.1/core/ipv4/igmp.o
LOAD ./lwip-1.4.1/core/ipv4/inet.o
LOAD ./lwip-1.4.1/core/ipv4/inet_chksum.o
LOAD ./lwip-1.4.1/core/ipv4/ip.o
LOAD ./lwip-1.4.1/core/ipv4/ip_addr.o
LOAD ./lwip-1.4.1/core/ipv4/ip_frag.o
LOAD ./lwip-1.4.1/core/def.o
LOAD ./lwip-1.4.1/core/dhcp.o
LOAD ./lwip-1.4.1/core/dns.o
LOAD ./lwip-1.4.1/core/init.o
LOAD ./lwip-1.4.1/core/lwip_timers.o
LOAD ./lwip-1.4.1/core/mem.o
LOAD ./lwip-1.4.1/core/memp.o
LOAD ./lwip-1.4.1/core/netif.o
LOAD ./lwip-1.4.1/core/pbuf.o
LOAD ./lwip-1.4.1/core/raw.o
LOAD ./lwip-1.4.1/core/stats.o
LOAD ./lwip-1.4.1/core/sys.o
LOAD ./lwip-1.4.1/core/tcp.o
LOAD ./lwip-1.4.1/core/tcp_in.o
LOAD ./lwip-1.4.1/core/tcp_out.o
LOAD ./lwip-1.4.1/core/udp.o
LOAD ./lwip-1.4.1/api/api_lib.o
LOAD ./lwip-1.4.1/api/api_msg.o
LOAD ./lwip-1.4.1/api/err.o
LOAD ./lwip-1.4.1/api/netbuf.o
LOAD ./lwip-1.4.1/api/netdb.o
LOAD ./lwip-1.4.1/api/netifapi.o
LOAD ./lwip-1.4.1/api/sockets.o
LOAD ./lwip-1.4.1/api/tcpip.o
LOAD ./hal/CortexM3/GNU/hal.o
LOAD ./hal/CortexM3/GNU/hw_reg_access.o
LOAD ./hal/CortexM3/cortex_nvic.o
LOAD ./drivers_config/sys_config/sys_config.o
LOAD ./drivers_config/sys_config/sys_config_SERDESIF_0.o
LOAD ./drivers/mss_uart/mss_uart.o
LOAD ./drivers/mss_sys_services/mss_comblk.o
LOAD ./drivers/mss_sys_services/mss_sys_services.o
LOAD ./drivers/mss_spi/mss_spi.o
LOAD ./drivers/mss_rtc/mss_rtc.o
LOAD ./drivers/mss_nvm/mss_nvm.o
LOAD ./drivers/mss_hpdma/mss_hpdma.o
LOAD ./drivers/mss_gpio/mss_gpio.o
LOAD ./drivers/CoreTSE/core_tse.o
LOAD ./drivers/CoreTSE/crc32.o
LOAD ./drivers/CoreTSE/m88e1340_phy.o
LOAD ./WebServer/httpserver-netconn.o
LOAD ./WebServer/mscc_logo.o
LOAD ./FreeRTOS/portable/MemMang/heap_2.o
LOAD ./FreeRTOS/portable/GCC/ARM_CM3/port.o
LOAD ./FreeRTOS/croutine.o
LOAD ./FreeRTOS/list.o
LOAD ./FreeRTOS/queue.o
LOAD ./FreeRTOS/tasks.o
LOAD ./FreeRTOS/timers.o
LOAD ./CMSIS/startup_gcc/newlib_stubs.o
LOAD ./CMSIS/startup_gcc/startup_m2sxxx.o
LOAD ./CMSIS/system_m2sxxx.o
LOAD ./main.o
LOAD ./mscc_post_hw_cfg_init.o
LOAD ./sys_cfg.o
LOAD ./uart_task.o
START GROUP
LOAD c:/microsemi/softconsole_v4.0/arm-none-eabi-gcc/bin/../lib/gcc/arm-none-eabi/4.9.3/armv7-m\libgcc.a
LOAD c:/microsemi/softconsole_v4.0/arm-none-eabi-gcc/bin/../lib/gcc/arm-none-eabi/4.9.3/../../../../arm-none-eabi/lib/armv7-m\libg_nano.a
LOAD c:/microsemi/softconsole_v4.0/arm-none-eabi-gcc/bin/../lib/gcc/arm-none-eabi/4.9.3/../../../../arm-none-eabi/lib/armv7-m\libc_nano.a
END GROUP
START GROUP
LOAD c:/microsemi/softconsole_v4.0/arm-none-eabi-gcc/bin/../lib/gcc/arm-none-eabi/4.9.3/armv7-m\libgcc.a
LOAD c:/microsemi/softconsole_v4.0/arm-none-eabi-gcc/bin/../lib/gcc/arm-none-eabi/4.9.3/../../../../arm-none-eabi/lib/armv7-m\libc_nano.a
END GROUP
LOAD c:/microsemi/softconsole_v4.0/arm-none-eabi-gcc/bin/../lib/gcc/arm-none-eabi/4.9.3/armv7-m/crtend.o
LOAD c:/microsemi/softconsole_v4.0/arm-none-eabi-gcc/bin/../lib/gcc/arm-none-eabi/4.9.3/armv7-m/crtn.o
START GROUP
LOAD c:/microsemi/softconsole_v4.0/arm-none-eabi-gcc/bin/../lib/gcc/arm-none-eabi/4.9.3/../../../../arm-none-eabi/lib/armv7-m\libc.a
LOAD c:/microsemi/softconsole_v4.0/arm-none-eabi-gcc/bin/../lib/gcc/arm-none-eabi/4.9.3/armv7-m\libgcc.a
LOAD c:/microsemi/softconsole_v4.0/arm-none-eabi-gcc/bin/../lib/gcc/arm-none-eabi/4.9.3/../../../../arm-none-eabi/lib/armv7-m\libm.a
END GROUP
                0x00000000                __DYNAMIC = 0x0
                0x20000000                RAM_START_ADDRESS = 0x20000000
                0x00010000                RAM_SIZE = 0x10000
                0x00001000                MAIN_STACK_SIZE = 0x1000
                0x00000000                MIN_SIZE_HEAP = 0x0
                0x20010000                PROVIDE (__main_stack_start, (RAM_START_ADDRESS + RAM_SIZE))
                0x20010000                PROVIDE (_estack, __main_stack_start)
                0x00000001                PROVIDE (__mirrored_nvm, 0x1)
                0x00000000                PROVIDE (__smartfusion2_memory_remap, 0x0)

.vector_table   0x00000000      0x190 load address 0x60000000
                0x60000000                __vector_table_load = LOADADDR (.vector_table)
                0x00000000                __vector_table_start = .
                0x00000000                __vector_table_vma_base_address = .
 *(.isr_vector)
 .isr_vector    0x00000000      0x190 ./CMSIS/startup_gcc/startup_m2sxxx.o
                0x00000000                g_pfnVectors
                0x00000190                . = ALIGN (0x10)
                0x00000190                _evector_table = .

.boot_code      0x00000190      0x4a0 load address 0x60000190
 *(.boot_code)
 .boot_code     0x00000190      0x324 ./CMSIS/startup_gcc/startup_m2sxxx.o
                0x00000190                Reset_Handler
                0x0000037e                NMI_Handler
                0x00000380                HardFault_Handler
                0x00000382                MemManage_Handler
                0x00000384                BusFault_Handler
                0x00000386                UsageFault_Handler
                0x0000038a                DebugMon_Handler
                0x00000390                WdogWakeup_IRQHandler
                0x00000392                RTC_Wakeup_IRQHandler
                0x00000398                I2C0_IRQHandler
                0x0000039a                I2C0_SMBAlert_IRQHandler
                0x0000039c                I2C0_SMBus_IRQHandler
                0x0000039e                I2C1_IRQHandler
                0x000003a0                I2C1_SMBAlert_IRQHandler
                0x000003a2                I2C1_SMBus_IRQHandler
                0x000003a8                EthernetMAC_IRQHandler
                0x000003aa                DMA_IRQHandler
                0x000003ac                Timer1_IRQHandler
                0x000003ae                Timer2_IRQHandler
                0x000003b0                CAN_IRQHandler
                0x000003b2                ENVM0_IRQHandler
                0x000003b4                ENVM1_IRQHandler
                0x000003b8                USB_IRQHandler
                0x000003ba                USB_DMA_IRQHandler
                0x000003bc                PLL_Lock_IRQHandler
                0x000003be                PLL_LockLost_IRQHandler
                0x000003c0                CommSwitchError_IRQHandler
                0x000003c2                CacheError_IRQHandler
                0x000003c4                DDR_IRQHandler
                0x000003ca                ECC_Error_IRQHandler
                0x000003cc                MDDR_IOCalib_IRQHandler
                0x000003ce                FAB_PLL_Lock_IRQHandler
                0x000003d0                FAB_PLL_LockLost_IRQHandler
                0x000003d2                FIC64_IRQHandler
                0x000003d6                FabricIrq1_IRQHandler
                0x000003d8                FabricIrq2_IRQHandler
                0x000003da                FabricIrq3_IRQHandler
                0x000003dc                FabricIrq4_IRQHandler
                0x000003de                FabricIrq5_IRQHandler
                0x000003e0                FabricIrq6_IRQHandler
                0x000003e2                FabricIrq7_IRQHandler
                0x000003e4                FabricIrq8_IRQHandler
                0x000003e6                FabricIrq9_IRQHandler
                0x000003e8                FabricIrq10_IRQHandler
                0x000003ea                FabricIrq11_IRQHandler
                0x000003ec                FabricIrq12_IRQHandler
                0x000003ee                FabricIrq13_IRQHandler
                0x000003f0                FabricIrq14_IRQHandler
                0x000003f2                FabricIrq15_IRQHandler
                0x000003f4                GPIO0_IRQHandler
                0x000003f6                GPIO1_IRQHandler
                0x000003f8                GPIO2_IRQHandler
                0x000003fa                GPIO3_IRQHandler
                0x000003fc                GPIO4_IRQHandler
                0x000003fe                GPIO5_IRQHandler
                0x00000400                GPIO6_IRQHandler
                0x00000402                GPIO7_IRQHandler
                0x00000404                GPIO8_IRQHandler
                0x00000406                GPIO9_IRQHandler
                0x00000408                GPIO10_IRQHandler
                0x0000040a                GPIO11_IRQHandler
                0x0000040c                GPIO12_IRQHandler
                0x0000040e                GPIO13_IRQHandler
                0x00000410                GPIO14_IRQHandler
                0x00000412                GPIO15_IRQHandler
                0x00000414                GPIO16_IRQHandler
                0x00000416                GPIO17_IRQHandler
                0x00000418                GPIO18_IRQHandler
                0x0000041a                GPIO19_IRQHandler
                0x0000041c                GPIO20_IRQHandler
                0x0000041e                GPIO21_IRQHandler
                0x00000420                GPIO22_IRQHandler
                0x00000422                GPIO23_IRQHandler
                0x00000424                GPIO24_IRQHandler
                0x00000426                GPIO25_IRQHandler
                0x00000428                GPIO26_IRQHandler
                0x0000042a                GPIO27_IRQHandler
                0x0000042c                GPIO28_IRQHandler
                0x0000042e                GPIO29_IRQHandler
                0x00000430                GPIO30_IRQHandler
                0x00000432                GPIO31_IRQHandler
 *system_m2sxxx.o(.text*)
 .text.SystemInit
                0x000004b4       0xa8 ./CMSIS/system_m2sxxx.o
                0x000004b4                SystemInit
 .text.SystemCoreClockUpdate
                0x0000055c       0xc8 ./CMSIS/system_m2sxxx.o
                0x0000055c                SystemCoreClockUpdate
 *sys_config.o(.rodata*)
                0x00000630                . = ALIGN (0x10)
 *fill*         0x00000624        0xc 

.text           0x00000630    0x1c0c0 load address 0x60000630
 CREATE_OBJECT_SYMBOLS
                0x60000630                __text_load = LOADADDR (.text)
                0x00000630                __text_start = .
 *(.text .text.* .gnu.linkonce.t.*)
 .text          0x00000630       0x5c c:/microsemi/softconsole_v4.0/arm-none-eabi-gcc/bin/../lib/gcc/arm-none-eabi/4.9.3/armv7-m/crtbegin.o
 .text.sys_mbox_new
                0x0000068c       0x30 ./lwip-1.4.1/port/FreeRTOS/M2SXXX/sys_arch.o
                0x0000068c                sys_mbox_new
 .text.sys_mbox_free
                0x000006bc       0x30 ./lwip-1.4.1/port/FreeRTOS/M2SXXX/sys_arch.o
                0x000006bc                sys_mbox_free
 .text.sys_mbox_valid
                0x000006ec        0xc ./lwip-1.4.1/port/FreeRTOS/M2SXXX/sys_arch.o
                0x000006ec                sys_mbox_valid
 .text.sys_mbox_set_invalid
                0x000006f8        0x8 ./lwip-1.4.1/port/FreeRTOS/M2SXXX/sys_arch.o
                0x000006f8                sys_mbox_set_invalid
 .text.sys_mbox_post
                0x00000700       0x24 ./lwip-1.4.1/port/FreeRTOS/M2SXXX/sys_arch.o
                0x00000700                sys_mbox_post
 .text.sys_mbox_trypost
                0x00000724       0x60 ./lwip-1.4.1/port/FreeRTOS/M2SXXX/sys_arch.o
                0x00000724                sys_mbox_trypost
 .text.sys_arch_mbox_fetch
                0x00000784       0x50 ./lwip-1.4.1/port/FreeRTOS/M2SXXX/sys_arch.o
                0x00000784                sys_arch_mbox_fetch
 .text.sys_arch_mbox_tryfetch
                0x000007d4       0x24 ./lwip-1.4.1/port/FreeRTOS/M2SXXX/sys_arch.o
                0x000007d4                sys_arch_mbox_tryfetch
 .text.sys_sem_new
                0x000007f8       0x64 ./lwip-1.4.1/port/FreeRTOS/M2SXXX/sys_arch.o
                0x000007f8                sys_sem_new
 .text.sys_arch_sem_wait
                0x0000085c       0x40 ./lwip-1.4.1/port/FreeRTOS/M2SXXX/sys_arch.o
                0x0000085c                sys_arch_sem_wait
 .text.sys_sem_signal
                0x0000089c        0xc ./lwip-1.4.1/port/FreeRTOS/M2SXXX/sys_arch.o
                0x0000089c                sys_sem_signal
 .text.sys_sem_free
                0x000008a8       0x18 ./lwip-1.4.1/port/FreeRTOS/M2SXXX/sys_arch.o
                0x000008a8                sys_sem_free
 .text.sys_sem_valid
                0x000008c0        0x4 ./lwip-1.4.1/port/FreeRTOS/M2SXXX/sys_arch.o
                0x000008c0                sys_sem_valid
 .text.sys_sem_set_invalid
                0x000008c4        0x4 ./lwip-1.4.1/port/FreeRTOS/M2SXXX/sys_arch.o
                0x000008c4                sys_sem_set_invalid
 .text.sys_init
                0x000008c8        0x4 ./lwip-1.4.1/port/FreeRTOS/M2SXXX/sys_arch.o
                0x000008c8                sys_init
 .text.sys_thread_new
                0x000008cc       0x30 ./lwip-1.4.1/port/FreeRTOS/M2SXXX/sys_arch.o
                0x000008cc                sys_thread_new
 .text.sys_arch_protect
                0x000008fc        0xc ./lwip-1.4.1/port/FreeRTOS/M2SXXX/sys_arch.o
                0x000008fc                sys_arch_protect
 .text.sys_arch_unprotect
                0x00000908        0x4 ./lwip-1.4.1/port/FreeRTOS/M2SXXX/sys_arch.o
                0x00000908                sys_arch_unprotect
 .text.sys_arch_random
                0x0000090c        0x8 ./lwip-1.4.1/port/FreeRTOS/M2SXXX/sys_arch.o
                0x0000090c                sys_arch_random
 .text.packet_tx_complete_handler
                0x00000914        0x8 ./lwip-1.4.1/netif/coretse_ethernetif.o
 .text.low_level_output
                0x0000091c       0x60 ./lwip-1.4.1/netif/coretse_ethernetif.o
 .text.mac_rx_callback
                0x0000097c      0x130 ./lwip-1.4.1/netif/coretse_ethernetif.o
                0x0000097c                mac_rx_callback
 .text.FabricIrq0_IRQHandler
                0x00000aac        0xc ./lwip-1.4.1/netif/coretse_ethernetif.o
                0x00000aac                FabricIrq0_IRQHandler
 .text.ethernetif_init
                0x00000ab8      0x130 ./lwip-1.4.1/netif/coretse_ethernetif.o
                0x00000ab8                ethernetif_init
 .text.ethernetif_tick
                0x00000be8       0x1c ./lwip-1.4.1/netif/coretse_ethernetif.o
                0x00000be8                ethernetif_tick
 .text.read_mac_address
                0x00000c04       0x1c ./lwip-1.4.1/netif/coretse_ethernetif.o
                0x00000c04                read_mac_address
 .text.clear_mac_buf
                0x00000c20       0x28 ./lwip-1.4.1/netif/coretse_ethernetif.o
                0x00000c20                clear_mac_buf
 .text.etharp_find_entry
                0x00000c48      0x2c0 ./lwip-1.4.1/netif/etharp.o
 .text.etharp_tmr
                0x00000f08       0x68 ./lwip-1.4.1/netif/etharp.o
                0x00000f08                etharp_tmr
 .text.etharp_cleanup_netif
                0x00000f70      0x170 ./lwip-1.4.1/netif/etharp.o
                0x00000f70                etharp_cleanup_netif
 .text.etharp_request
                0x000010e0      0x164 ./lwip-1.4.1/netif/etharp.o
                0x000010e0                etharp_request
 .text.etharp_output_to_arp_index
                0x00001244       0xf0 ./lwip-1.4.1/netif/etharp.o
 .text.etharp_query
                0x00001334      0x1c0 ./lwip-1.4.1/netif/etharp.o
                0x00001334                etharp_query
 .text.etharp_output
                0x000014f4      0x300 ./lwip-1.4.1/netif/etharp.o
                0x000014f4                etharp_output
 .text.ethernet_input
                0x000017f4      0x338 ./lwip-1.4.1/netif/etharp.o
                0x000017f4                ethernet_input
 .text.icmp_send_response.isra.1
                0x00001b2c       0xdc ./lwip-1.4.1/core/ipv4/icmp.o
 .text.icmp_input
                0x00001c08      0x300 ./lwip-1.4.1/core/ipv4/icmp.o
                0x00001c08                icmp_input
 .text.icmp_dest_unreach
                0x00001f08        0xc ./lwip-1.4.1/core/ipv4/icmp.o
                0x00001f08                icmp_dest_unreach
 .text.icmp_time_exceeded
                0x00001f14        0xc ./lwip-1.4.1/core/ipv4/icmp.o
                0x00001f14                icmp_time_exceeded
 .text.igmp_send
                0x00001f20      0x104 ./lwip-1.4.1/core/ipv4/igmp.o
 .text.igmp_init
                0x00002024       0x20 ./lwip-1.4.1/core/ipv4/igmp.o
                0x00002024                igmp_init
 .text.igmp_start
                0x00002044       0x74 ./lwip-1.4.1/core/ipv4/igmp.o
                0x00002044                igmp_start
 .text.igmp_report_groups
                0x000020b8       0x54 ./lwip-1.4.1/core/ipv4/igmp.o
                0x000020b8                igmp_report_groups
 .text.igmp_lookfor_group
                0x0000210c       0x2c ./lwip-1.4.1/core/ipv4/igmp.o
                0x0000210c                igmp_lookfor_group
 .text.igmp_input
                0x00002138      0x1dc ./lwip-1.4.1/core/ipv4/igmp.o
                0x00002138                igmp_input
 .text.igmp_tmr
                0x00002314       0x48 ./lwip-1.4.1/core/ipv4/igmp.o
                0x00002314                igmp_tmr
 .text.inet_chksum_pseudo
                0x0000235c      0x11c ./lwip-1.4.1/core/ipv4/inet_chksum.o
                0x0000235c                inet_chksum_pseudo
 .text.inet_chksum
                0x00002478       0x78 ./lwip-1.4.1/core/ipv4/inet_chksum.o
                0x00002478                inet_chksum
 .text.inet_chksum_pbuf
                0x000024f0       0xe8 ./lwip-1.4.1/core/ipv4/inet_chksum.o
                0x000024f0                inet_chksum_pbuf
 .text.ip_output_if_opt.constprop.2
                0x000025d8      0x184 ./lwip-1.4.1/core/ipv4/ip.o
 .text.ip_route
                0x0000275c       0x54 ./lwip-1.4.1/core/ipv4/ip.o
                0x0000275c                ip_route
 .text.ip_input
                0x000027b0      0x260 ./lwip-1.4.1/core/ipv4/ip.o
                0x000027b0                ip_input
 .text.ip_output_if
                0x00002a10       0x14 ./lwip-1.4.1/core/ipv4/ip.o
                0x00002a10                ip_output_if
 .text.ip_output_if_opt
                0x00002a24      0x1f8 ./lwip-1.4.1/core/ipv4/ip.o
                0x00002a24                ip_output_if_opt
 .text.ip_output
                0x00002c1c       0x98 ./lwip-1.4.1/core/ipv4/ip.o
                0x00002c1c                ip_output
 .text.ip4_addr_isbroadcast
                0x00002cb4       0x40 ./lwip-1.4.1/core/ipv4/ip_addr.o
                0x00002cb4                ip4_addr_isbroadcast
 .text.ipfrag_free_pbuf_custom
                0x00002cf4       0x50 ./lwip-1.4.1/core/ipv4/ip_frag.o
 .text.ip_reass_free_complete_datagram
                0x00002d44      0x1d4 ./lwip-1.4.1/core/ipv4/ip_frag.o
 .text.ip_reass_tmr
                0x00002f18       0x30 ./lwip-1.4.1/core/ipv4/ip_frag.o
                0x00002f18                ip_reass_tmr
 .text.ip_reass
                0x00002f48      0x5c8 ./lwip-1.4.1/core/ipv4/ip_frag.o
                0x00002f48                ip_reass
 .text.ip_frag  0x00003510      0x1f4 ./lwip-1.4.1/core/ipv4/ip_frag.o
                0x00003510                ip_frag
 .text.lwip_htons
                0x00003704        0x8 ./lwip-1.4.1/core/def.o
                0x00003704                lwip_htons
 .text.lwip_ntohs
                0x0000370c        0x8 ./lwip-1.4.1/core/def.o
                0x0000370c                lwip_ntohs
 .text.lwip_htonl
                0x00003714        0x4 ./lwip-1.4.1/core/def.o
                0x00003714                lwip_htonl
 .text.lwip_ntohl
                0x00003718        0x4 ./lwip-1.4.1/core/def.o
                0x00003718                lwip_ntohl
 .text.dhcp_delete_msg
                0x0000371c       0xc8 ./lwip-1.4.1/core/dhcp.o
 .text.dhcp_bind
                0x000037e4      0x164 ./lwip-1.4.1/core/dhcp.o
 .text.dhcp_option_trailer
                0x00003948       0xe4 ./lwip-1.4.1/core/dhcp.o
 .text.dhcp_create_msg
                0x00003a2c      0x3e8 ./lwip-1.4.1/core/dhcp.o
 .text.dhcp_rebind
                0x00003e14      0x148 ./lwip-1.4.1/core/dhcp.o
 .text.dhcp_discover
                0x00003f5c      0x2ac ./lwip-1.4.1/core/dhcp.o
 .text.dhcp_select
                0x00004208      0x458 ./lwip-1.4.1/core/dhcp.o
 .text.dhcp_reboot
                0x00004660      0x220 ./lwip-1.4.1/core/dhcp.o
 .text.dhcp_recv
                0x00004880      0x914 ./lwip-1.4.1/core/dhcp.o
 .text.dhcp_arp_reply
                0x00005194      0x17c ./lwip-1.4.1/core/dhcp.o
                0x00005194                dhcp_arp_reply
 .text.dhcp_renew
                0x00005310      0x144 ./lwip-1.4.1/core/dhcp.o
                0x00005310                dhcp_renew
 .text.dhcp_coarse_tmr
                0x00005454       0x60 ./lwip-1.4.1/core/dhcp.o
                0x00005454                dhcp_coarse_tmr
 .text.dhcp_release
                0x000054b4       0xb8 ./lwip-1.4.1/core/dhcp.o
                0x000054b4                dhcp_release
 .text.dhcp_fine_tmr
                0x0000556c       0xb0 ./lwip-1.4.1/core/dhcp.o
                0x0000556c                dhcp_fine_tmr
 .text.dhcp_stop
                0x0000561c       0xa4 ./lwip-1.4.1/core/dhcp.o
                0x0000561c                dhcp_stop
 .text.dhcp_start
                0x000056c0      0x148 ./lwip-1.4.1/core/dhcp.o
                0x000056c0                dhcp_start
 .text.lwip_init
                0x00005808       0x2c ./lwip-1.4.1/core/init.o
                0x00005808                lwip_init
 .text.ip_reass_timer
                0x00005834       0xa0 ./lwip-1.4.1/core/lwip_timers.o
 .text.arp_timer
                0x000058d4       0xa0 ./lwip-1.4.1/core/lwip_timers.o
 .text.dhcp_timer_coarse
                0x00005974       0xa0 ./lwip-1.4.1/core/lwip_timers.o
 .text.dhcp_timer_fine
                0x00005a14       0xa0 ./lwip-1.4.1/core/lwip_timers.o
 .text.igmp_timer
                0x00005ab4       0x98 ./lwip-1.4.1/core/lwip_timers.o
 .text.tcpip_tcp_timer
                0x00005b4c       0xb8 ./lwip-1.4.1/core/lwip_timers.o
 .text.tcp_timer_needed
                0x00005c04       0xb8 ./lwip-1.4.1/core/lwip_timers.o
                0x00005c04                tcp_timer_needed
 .text.sys_timeout
                0x00005cbc       0xa4 ./lwip-1.4.1/core/lwip_timers.o
                0x00005cbc                sys_timeout
 .text.sys_timeouts_init
                0x00005d60       0x54 ./lwip-1.4.1/core/lwip_timers.o
                0x00005d60                sys_timeouts_init
 .text.sys_untimeout
                0x00005db4       0x48 ./lwip-1.4.1/core/lwip_timers.o
                0x00005db4                sys_untimeout
 .text.sys_timeouts_mbox_fetch
                0x00005dfc       0x6c ./lwip-1.4.1/core/lwip_timers.o
                0x00005dfc                sys_timeouts_mbox_fetch
 .text.mem_malloc
                0x00005e68       0x6c ./lwip-1.4.1/core/mem.o
                0x00005e68                mem_malloc
 .text.mem_free
                0x00005ed4      0x134 ./lwip-1.4.1/core/mem.o
                0x00005ed4                mem_free
 .text.memp_init
                0x00006008       0x98 ./lwip-1.4.1/core/memp.o
                0x00006008                memp_init
 .text.memp_malloc
                0x000060a0       0xd4 ./lwip-1.4.1/core/memp.o
                0x000060a0                memp_malloc
 .text.memp_free
                0x00006174       0x74 ./lwip-1.4.1/core/memp.o
                0x00006174                memp_free
 .text.netif_init
                0x000061e8        0x4 ./lwip-1.4.1/core/netif.o
                0x000061e8                netif_init
 .text.netif_add
                0x000061ec      0x13c ./lwip-1.4.1/core/netif.o
                0x000061ec                netif_add
 .text.netif_set_ipaddr
                0x00006328       0x68 ./lwip-1.4.1/core/netif.o
                0x00006328                netif_set_ipaddr
 .text.netif_set_gw
                0x00006390        0x8 ./lwip-1.4.1/core/netif.o
                0x00006390                netif_set_gw
 .text.netif_set_netmask
                0x00006398        0x8 ./lwip-1.4.1/core/netif.o
                0x00006398                netif_set_netmask
 .text.netif_set_default
                0x000063a0        0xc ./lwip-1.4.1/core/netif.o
                0x000063a0                netif_set_default
 .text.netif_set_up
                0x000063ac       0x3c ./lwip-1.4.1/core/netif.o
                0x000063ac                netif_set_up
 .text.netif_set_down
                0x000063e8       0x1c ./lwip-1.4.1/core/netif.o
                0x000063e8                netif_set_down
 .text.pbuf_free_ooseq_callback
                0x00006404       0x38 ./lwip-1.4.1/core/pbuf.o
 .text.pbuf_alloced_custom
                0x0000643c       0x88 ./lwip-1.4.1/core/pbuf.o
                0x0000643c                pbuf_alloced_custom
 .text.pbuf_header
                0x000064c4      0x108 ./lwip-1.4.1/core/pbuf.o
                0x000064c4                pbuf_header
 .text.pbuf_free
                0x000065cc      0x140 ./lwip-1.4.1/core/pbuf.o
                0x000065cc                pbuf_free
 .text.pbuf_alloc
                0x0000670c      0x324 ./lwip-1.4.1/core/pbuf.o
                0x0000670c                pbuf_alloc
 .text.pbuf_realloc
                0x00006a30      0x114 ./lwip-1.4.1/core/pbuf.o
                0x00006a30                pbuf_realloc
 .text.pbuf_clen
                0x00006b44       0x14 ./lwip-1.4.1/core/pbuf.o
                0x00006b44                pbuf_clen
 .text.pbuf_ref
                0x00006b58       0x1c ./lwip-1.4.1/core/pbuf.o
                0x00006b58                pbuf_ref
 .text.pbuf_cat
                0x00006b74       0xe8 ./lwip-1.4.1/core/pbuf.o
                0x00006b74                pbuf_cat
 .text.pbuf_chain
                0x00006c5c       0x20 ./lwip-1.4.1/core/pbuf.o
                0x00006c5c                pbuf_chain
 .text.pbuf_copy
                0x00006c7c      0x20c ./lwip-1.4.1/core/pbuf.o
                0x00006c7c                pbuf_copy
 .text.pbuf_copy_partial
                0x00006e88       0xdc ./lwip-1.4.1/core/pbuf.o
                0x00006e88                pbuf_copy_partial
 .text.raw_input
                0x00006f64       0x78 ./lwip-1.4.1/core/raw.o
                0x00006f64                raw_input
 .text.raw_bind
                0x00006fdc        0xc ./lwip-1.4.1/core/raw.o
                0x00006fdc                raw_bind
 .text.raw_recv
                0x00006fe8        0x8 ./lwip-1.4.1/core/raw.o
                0x00006fe8                raw_recv
 .text.raw_remove
                0x00006ff0       0x3c ./lwip-1.4.1/core/raw.o
                0x00006ff0                raw_remove
 .text.raw_new  0x0000702c       0x2c ./lwip-1.4.1/core/raw.o
                0x0000702c                raw_new
 .text.stats_init
                0x00007058        0x4 ./lwip-1.4.1/core/stats.o
                0x00007058                stats_init
 .text.sys_msleep
                0x0000705c       0x2c ./lwip-1.4.1/core/sys.o
                0x0000705c                sys_msleep
 .text.tcp_accept_null
                0x00007088        0x8 ./lwip-1.4.1/core/tcp.o
 .text.tcp_init
                0x00007090        0x4 ./lwip-1.4.1/core/tcp.o
                0x00007090                tcp_init
 .text.tcp_bind
                0x00007094      0x16c ./lwip-1.4.1/core/tcp.o
                0x00007094                tcp_bind
 .text.tcp_listen_with_backlog
                0x00007200      0x104 ./lwip-1.4.1/core/tcp.o
                0x00007200                tcp_listen_with_backlog
 .text.tcp_update_rcv_ann_wnd
                0x00007304       0x7c ./lwip-1.4.1/core/tcp.o
                0x00007304                tcp_update_rcv_ann_wnd
 .text.tcp_recved
                0x00007380      0x118 ./lwip-1.4.1/core/tcp.o
                0x00007380                tcp_recved
 .text.tcp_segs_free
                0x00007498       0x20 ./lwip-1.4.1/core/tcp.o
                0x00007498                tcp_segs_free
 .text.tcp_seg_free
                0x000074b8       0x1c ./lwip-1.4.1/core/tcp.o
                0x000074b8                tcp_seg_free
 .text.tcp_seg_copy
                0x000074d4       0x28 ./lwip-1.4.1/core/tcp.o
                0x000074d4                tcp_seg_copy
 .text.tcp_arg  0x000074fc        0x4 ./lwip-1.4.1/core/tcp.o
                0x000074fc                tcp_arg
 .text.tcp_recv
                0x00007500       0x48 ./lwip-1.4.1/core/tcp.o
                0x00007500                tcp_recv
 .text.tcp_sent
                0x00007548       0x44 ./lwip-1.4.1/core/tcp.o
                0x00007548                tcp_sent
 .text.tcp_err  0x0000758c       0x48 ./lwip-1.4.1/core/tcp.o
                0x0000758c                tcp_err
 .text.tcp_accept
                0x000075d4        0x4 ./lwip-1.4.1/core/tcp.o
                0x000075d4                tcp_accept
 .text.tcp_poll
                0x000075d8       0x50 ./lwip-1.4.1/core/tcp.o
                0x000075d8                tcp_poll
 .text.tcp_pcb_purge
                0x00007628       0x88 ./lwip-1.4.1/core/tcp.o
                0x00007628                tcp_pcb_purge
 .text.tcp_slowtmr
                0x000076b0      0x590 ./lwip-1.4.1/core/tcp.o
                0x000076b0                tcp_slowtmr
 .text.tcp_pcb_remove
                0x00007c40      0x114 ./lwip-1.4.1/core/tcp.o
                0x00007c40                tcp_pcb_remove
 .text.tcp_close_shutdown
                0x00007d54      0x1b0 ./lwip-1.4.1/core/tcp.o
 .text.tcp_recv_null
                0x00007f04       0x34 ./lwip-1.4.1/core/tcp.o
                0x00007f04                tcp_recv_null
 .text.tcp_abandon
                0x00007f38      0x12c ./lwip-1.4.1/core/tcp.o
                0x00007f38                tcp_abandon
 .text.tcp_abort
                0x00008064        0x8 ./lwip-1.4.1/core/tcp.o
                0x00008064                tcp_abort
 .text.tcp_new  0x0000806c      0x148 ./lwip-1.4.1/core/tcp.o
                0x0000806c                tcp_new
 .text.tcp_alloc
                0x000081b4      0x148 ./lwip-1.4.1/core/tcp.o
                0x000081b4                tcp_alloc
 .text.tcp_close
                0x000082fc      0x17c ./lwip-1.4.1/core/tcp.o
                0x000082fc                tcp_close
 .text.tcp_process_refused_data
                0x00008478       0x70 ./lwip-1.4.1/core/tcp.o
                0x00008478                tcp_process_refused_data
 .text.tcp_tmr  0x000084e8       0x8c ./lwip-1.4.1/core/tcp.o
                0x000084e8                tcp_tmr
 .text.tcp_shutdown
                0x00008574       0x78 ./lwip-1.4.1/core/tcp.o
                0x00008574                tcp_shutdown
 .text.tcp_eff_send_mss
                0x000085ec       0x20 ./lwip-1.4.1/core/tcp.o
                0x000085ec                tcp_eff_send_mss
 .text.tcp_oos_insert_segment
                0x0000860c       0xb4 ./lwip-1.4.1/core/tcp_in.o
 .text.ITM_SendChar
                0x000086c0       0x28 ./lwip-1.4.1/core/tcp_in.o
 .text.tcp_parseopt.isra.1
                0x000086e8       0x88 ./lwip-1.4.1/core/tcp_in.o
 .text.tcp_receive
                0x00008770      0xc98 ./lwip-1.4.1/core/tcp_in.o
 .text.tcp_input
                0x00009408      0xbb0 ./lwip-1.4.1/core/tcp_in.o
                0x00009408                tcp_input
 .text.tcp_pbuf_prealloc
                0x00009fb8       0x94 ./lwip-1.4.1/core/tcp_out.o
 .text.tcp_output_alloc_header.constprop.2
                0x0000a04c       0x90 ./lwip-1.4.1/core/tcp_out.o
 .text.tcp_write
                0x0000a0dc      0x774 ./lwip-1.4.1/core/tcp_out.o
                0x0000a0dc                tcp_write
 .text.tcp_enqueue_flags
                0x0000a850      0x2cc ./lwip-1.4.1/core/tcp_out.o
                0x0000a850                tcp_enqueue_flags
 .text.tcp_send_fin
                0x0000ab1c       0x48 ./lwip-1.4.1/core/tcp_out.o
                0x0000ab1c                tcp_send_fin
 .text.tcp_send_empty_ack
                0x0000ab64       0x5c ./lwip-1.4.1/core/tcp_out.o
                0x0000ab64                tcp_send_empty_ack
 .text.tcp_output
                0x0000abc0      0x3ac ./lwip-1.4.1/core/tcp_out.o
                0x0000abc0                tcp_output
 .text.tcp_rst  0x0000af6c       0xf8 ./lwip-1.4.1/core/tcp_out.o
                0x0000af6c                tcp_rst
 .text.tcp_rexmit_rto
                0x0000b064       0x34 ./lwip-1.4.1/core/tcp_out.o
                0x0000b064                tcp_rexmit_rto
 .text.tcp_rexmit
                0x0000b098       0x54 ./lwip-1.4.1/core/tcp_out.o
                0x0000b098                tcp_rexmit
 .text.tcp_rexmit_fast
                0x0000b0ec       0x90 ./lwip-1.4.1/core/tcp_out.o
                0x0000b0ec                tcp_rexmit_fast
 .text.tcp_keepalive
                0x0000b17c       0x64 ./lwip-1.4.1/core/tcp_out.o
                0x0000b17c                tcp_keepalive
 .text.tcp_zero_window_probe
                0x0000b1e0       0xb8 ./lwip-1.4.1/core/tcp_out.o
                0x0000b1e0                tcp_zero_window_probe
 .text.udp_init
                0x0000b298        0x4 ./lwip-1.4.1/core/udp.o
                0x0000b298                udp_init
 .text.udp_input
                0x0000b29c      0x378 ./lwip-1.4.1/core/udp.o
                0x0000b29c                udp_input
 .text.udp_bind
                0x0000b614      0x100 ./lwip-1.4.1/core/udp.o
                0x0000b614                udp_bind
 .text.udp_sendto_if
                0x0000b714      0x16c ./lwip-1.4.1/core/udp.o
                0x0000b714                udp_sendto_if
 .text.udp_connect
                0x0000b880       0x58 ./lwip-1.4.1/core/udp.o
                0x0000b880                udp_connect
 .text.udp_recv
                0x0000b8d8        0x8 ./lwip-1.4.1/core/udp.o
                0x0000b8d8                udp_recv
 .text.udp_remove
                0x0000b8e0       0x3c ./lwip-1.4.1/core/udp.o
                0x0000b8e0                udp_remove
 .text.udp_new  0x0000b91c       0x1c ./lwip-1.4.1/core/udp.o
                0x0000b91c                udp_new
 .text.netconn_recv_data
                0x0000b938      0x1b0 ./lwip-1.4.1/api/api_lib.o
 .text.netconn_new_with_proto_and_callback
                0x0000bae8      0x134 ./lwip-1.4.1/api/api_lib.o
                0x0000bae8                netconn_new_with_proto_and_callback
 .text.netconn_delete
                0x0000bc1c       0x28 ./lwip-1.4.1/api/api_lib.o
                0x0000bc1c                netconn_delete
 .text.netconn_bind
                0x0000bc44       0x70 ./lwip-1.4.1/api/api_lib.o
                0x0000bc44                netconn_bind
 .text.netconn_listen_with_backlog
                0x0000bcb4       0x6c ./lwip-1.4.1/api/api_lib.o
                0x0000bcb4                netconn_listen_with_backlog
 .text.netconn_accept
                0x0000bd20      0x128 ./lwip-1.4.1/api/api_lib.o
                0x0000bd20                netconn_accept
 .text.netconn_recv
                0x0000be48      0x160 ./lwip-1.4.1/api/api_lib.o
                0x0000be48                netconn_recv
 .text.netconn_write_partly
                0x0000bfa8      0x100 ./lwip-1.4.1/api/api_lib.o
                0x0000bfa8                netconn_write_partly
 .text.netconn_close
                0x0000c0a8       0x70 ./lwip-1.4.1/api/api_lib.o
                0x0000c0a8                netconn_close
 .text.recv_raw
                0x0000c118       0x90 ./lwip-1.4.1/api/api_msg.o
 .text.recv_udp
                0x0000c1a8      0x124 ./lwip-1.4.1/api/api_msg.o
 .text.recv_tcp
                0x0000c2cc      0x12c ./lwip-1.4.1/api/api_msg.o
 .text.err_tcp  0x0000c3f8      0x144 ./lwip-1.4.1/api/api_msg.o
 .text.do_close_internal
                0x0000c53c      0x294 ./lwip-1.4.1/api/api_msg.o
 .text.do_writemore
                0x0000c7d0      0x264 ./lwip-1.4.1/api/api_msg.o
 .text.poll_tcp
                0x0000ca34       0x90 ./lwip-1.4.1/api/api_msg.o
 .text.sent_tcp
                0x0000cac4       0x98 ./lwip-1.4.1/api/api_msg.o
 .text.do_newconn
                0x0000cb5c       0xcc ./lwip-1.4.1/api/api_msg.o
                0x0000cb5c                do_newconn
 .text.netconn_alloc
                0x0000cc28       0x68 ./lwip-1.4.1/api/api_msg.o
                0x0000cc28                netconn_alloc
 .text.netconn_free
                0x0000cc90       0xd0 ./lwip-1.4.1/api/api_msg.o
                0x0000cc90                netconn_free
 .text.netconn_drain
                0x0000cd60       0xf4 ./lwip-1.4.1/api/api_msg.o
 .text.accept_function
                0x0000ce54      0x140 ./lwip-1.4.1/api/api_msg.o
 .text.do_delconn
                0x0000cf94      0x164 ./lwip-1.4.1/api/api_msg.o
                0x0000cf94                do_delconn
 .text.do_bind  0x0000d0f8       0x8c ./lwip-1.4.1/api/api_msg.o
                0x0000d0f8                do_bind
 .text.do_listen
                0x0000d184       0xb8 ./lwip-1.4.1/api/api_msg.o
                0x0000d184                do_listen
 .text.do_recv  0x0000d23c       0x4c ./lwip-1.4.1/api/api_msg.o
                0x0000d23c                do_recv
 .text.do_write
                0x0000d288       0xc4 ./lwip-1.4.1/api/api_msg.o
                0x0000d288                do_write
 .text.do_close
                0x0000d34c       0xe4 ./lwip-1.4.1/api/api_msg.o
                0x0000d34c                do_close
 .text.netbuf_delete
                0x0000d430       0x24 ./lwip-1.4.1/api/netbuf.o
                0x0000d430                netbuf_delete
 .text.netbuf_data
                0x0000d454       0xc4 ./lwip-1.4.1/api/netbuf.o
                0x0000d454                netbuf_data
 .text.lwip_socket_init
                0x0000d518        0x4 ./lwip-1.4.1/api/sockets.o
                0x0000d518                lwip_socket_init
 .text.tcpip_thread
                0x0000d51c       0xd4 ./lwip-1.4.1/api/tcpip.o
 .text.tcpip_input
                0x0000d5f0       0x48 ./lwip-1.4.1/api/tcpip.o
                0x0000d5f0                tcpip_input
 .text.tcpip_callback_with_block
                0x0000d638       0x58 ./lwip-1.4.1/api/tcpip.o
                0x0000d638                tcpip_callback_with_block
 .text.tcpip_apimsg
                0x0000d690       0x38 ./lwip-1.4.1/api/tcpip.o
                0x0000d690                tcpip_apimsg
 .text.tcpip_init
                0x0000d6c8       0x7c ./lwip-1.4.1/api/tcpip.o
                0x0000d6c8                tcpip_init
 .text          0x0000d744       0x90 ./hal/CortexM3/GNU/hw_reg_access.o
                0x0000d744                HW_set_32bit_reg
                0x0000d748                HW_get_32bit_reg
                0x0000d74c                HW_set_32bit_reg_field
                0x0000d768                HW_get_32bit_reg_field
                0x0000d774                HW_set_16bit_reg
                0x0000d778                HW_get_16bit_reg
                0x0000d77c                HW_set_16bit_reg_field
                0x0000d798                HW_get_16bit_reg_field
                0x0000d7a4                HW_set_8bit_reg
                0x0000d7a8                HW_get_8bit_reg
                0x0000d7ac                HW_set_8bit_reg_field
                0x0000d7c8                HW_get_8bit_reg_field
 .text.default_tx_handler
                0x0000d7d4       0x9c ./drivers/mss_uart/mss_uart.o
 .text.MSS_UART_init
                0x0000d870      0x2c0 ./drivers/mss_uart/mss_uart.o
                0x0000d870                MSS_UART_init
 .text.MSS_UART_polled_tx
                0x0000db30      0x17c ./drivers/mss_uart/mss_uart.o
                0x0000db30                MSS_UART_polled_tx
 .text.MSS_UART_tx_complete
                0x0000dcac       0x34 ./drivers/mss_uart/mss_uart.o
                0x0000dcac                MSS_UART_tx_complete
 .text.MSS_UART_get_rx
                0x0000dce0       0x70 ./drivers/mss_uart/mss_uart.o
                0x0000dce0                MSS_UART_get_rx
 .text.MSS_UART_enable_irq
                0x0000dd50       0x90 ./drivers/mss_uart/mss_uart.o
                0x0000dd50                MSS_UART_enable_irq
 .text.MSS_UART_disable_irq
                0x0000dde0       0x6c ./drivers/mss_uart/mss_uart.o
                0x0000dde0                MSS_UART_disable_irq
 .text.UART0_IRQHandler
                0x0000de4c      0x130 ./drivers/mss_uart/mss_uart.o
                0x0000de4c                UART0_IRQHandler
 .text.UART1_IRQHandler
                0x0000df7c      0x130 ./drivers/mss_uart/mss_uart.o
                0x0000df7c                UART1_IRQHandler
 .text.MSS_UART_set_tx_handler
                0x0000e0ac       0x70 ./drivers/mss_uart/mss_uart.o
                0x0000e0ac                MSS_UART_set_tx_handler
 .text.MSS_UART_fill_tx_fifo
                0x0000e11c      0x108 ./drivers/mss_uart/mss_uart.o
                0x0000e11c                MSS_UART_fill_tx_fifo
 .text.ComBlk_IRQHandler
                0x0000e224      0x448 ./drivers/mss_sys_services/mss_comblk.o
                0x0000e224                ComBlk_IRQHandler
 .text.fill_slave_tx_fifo
                0x0000e66c       0x94 ./drivers/mss_spi/mss_spi.o
 .text.SPI0_IRQHandler
                0x0000e700      0x318 ./drivers/mss_spi/mss_spi.o
                0x0000e700                SPI0_IRQHandler
 .text.SPI1_IRQHandler
                0x0000ea18      0x314 ./drivers/mss_spi/mss_spi.o
                0x0000ea18                SPI1_IRQHandler
 .text.MSS_RTC_init
                0x0000ed2c       0x88 ./drivers/mss_rtc/mss_rtc.o
                0x0000ed2c                MSS_RTC_init
 .text.MSS_RTC_set_calendar_count
                0x0000edb4       0xdc ./drivers/mss_rtc/mss_rtc.o
                0x0000edb4                MSS_RTC_set_calendar_count
 .text.MSS_RTC_get_calendar_count
                0x0000ee90       0x54 ./drivers/mss_rtc/mss_rtc.o
                0x0000ee90                MSS_RTC_get_calendar_count
 .text.MSS_RTC_start
                0x0000eee4        0xc ./drivers/mss_rtc/mss_rtc.o
                0x0000eee4                MSS_RTC_start
 .text.MSS_RTC_get_update_flag
                0x0000eef0       0x10 ./drivers/mss_rtc/mss_rtc.o
                0x0000eef0                MSS_RTC_get_update_flag
 .text.MSS_RTC_clear_update_flag
                0x0000ef00       0x10 ./drivers/mss_rtc/mss_rtc.o
                0x0000ef00                MSS_RTC_clear_update_flag
 .text.HPDMA_Complete_IRQHandler
                0x0000ef10      0x130 ./drivers/mss_hpdma/mss_hpdma.o
                0x0000ef10                HPDMA_Complete_IRQHandler
 .text.HPDMA_Error_IRQHandler
                0x0000f040       0xb4 ./drivers/mss_hpdma/mss_hpdma.o
                0x0000f040                HPDMA_Error_IRQHandler
 .text.MSS_GPIO_init
                0x0000f0f4       0x68 ./drivers/mss_gpio/mss_gpio.o
                0x0000f0f4                MSS_GPIO_init
 .text.MSS_GPIO_config
                0x0000f15c       0x18 ./drivers/mss_gpio/mss_gpio.o
                0x0000f15c                MSS_GPIO_config
 .text.TSE_read_phy_reg.constprop.2
                0x0000f174       0xcc ./drivers/CoreTSE/core_tse.o
 .text.TSE_init
                0x0000f240      0x890 ./drivers/CoreTSE/core_tse.o
                0x0000f240                TSE_init
 .text.TSE_get_link_status
                0x0000fad0      0x1dc ./drivers/CoreTSE/core_tse.o
                0x0000fad0                TSE_get_link_status
 .text.TSE_cfg_struct_def_init
                0x0000fcac       0x9c ./drivers/CoreTSE/core_tse.o
                0x0000fcac                TSE_cfg_struct_def_init
 .text.TSE_write_phy_reg
                0x0000fd48       0x6c ./drivers/CoreTSE/core_tse.o
                0x0000fd48                TSE_write_phy_reg
 .text.TSE_read_phy_reg
                0x0000fdb4       0xdc ./drivers/CoreTSE/core_tse.o
                0x0000fdb4                TSE_read_phy_reg
 .text.TSE_receive_pkt
                0x0000fe90       0xe0 ./drivers/CoreTSE/core_tse.o
                0x0000fe90                TSE_receive_pkt
 .text.TSE_send_pkt
                0x0000ff70       0xdc ./drivers/CoreTSE/core_tse.o
                0x0000ff70                TSE_send_pkt
 .text.TSE_isr  0x0001004c      0x1bc ./drivers/CoreTSE/core_tse.o
                0x0001004c                TSE_isr
 .text.TSE_set_tx_callback
                0x00010208        0x4 ./drivers/CoreTSE/core_tse.o
                0x00010208                TSE_set_tx_callback
 .text.TSE_set_rx_callback
                0x0001020c        0x4 ./drivers/CoreTSE/core_tse.o
                0x0001020c                TSE_set_rx_callback
 .text.TSE_set_address_filter
                0x00010210      0x1e4 ./drivers/CoreTSE/core_tse.o
                0x00010210                TSE_set_address_filter
 .text.TSE_ethernet_crc
                0x000103f4       0xd0 ./drivers/CoreTSE/crc32.o
                0x000103f4                TSE_ethernet_crc
 .text.TSE_phy_init
                0x000104c4       0x68 ./drivers/CoreTSE/m88e1340_phy.o
                0x000104c4                TSE_phy_init
 .text.TSE_phy_set_link_speed
                0x0001052c       0x98 ./drivers/CoreTSE/m88e1340_phy.o
                0x0001052c                TSE_phy_set_link_speed
 .text.TSE_phy_autonegotiate
                0x000105c4       0x94 ./drivers/CoreTSE/m88e1340_phy.o
                0x000105c4                TSE_phy_autonegotiate
 .text.TSE_phy_get_link_status
                0x00010658       0x6c ./drivers/CoreTSE/m88e1340_phy.o
                0x00010658                TSE_phy_get_link_status
 .text.handle_trigger_request
                0x000106c4       0xc4 ./WebServer/httpserver-netconn.o
                0x000106c4                handle_trigger_request
 .text.http_server_netconn_thread
                0x00010788      0x604 ./WebServer/httpserver-netconn.o
                0x00010788                http_server_netconn_thread
 .text.pvPortMalloc
                0x00010d8c       0xbc ./FreeRTOS/portable/MemMang/heap_2.o
                0x00010d8c                pvPortMalloc
 .text.vPortFree
                0x00010e48       0x40 ./FreeRTOS/portable/MemMang/heap_2.o
                0x00010e48                vPortFree
 .text.xPortGetFreeHeapSize
                0x00010e88        0xc ./FreeRTOS/portable/MemMang/heap_2.o
                0x00010e88                xPortGetFreeHeapSize
 .text.pxPortInitialiseStack
                0x00010e94       0x20 ./FreeRTOS/portable/GCC/ARM_CM3/port.o
                0x00010e94                pxPortInitialiseStack
 .text.SVC_Handler
                0x00010eb4       0x20 ./FreeRTOS/portable/GCC/ARM_CM3/port.o
                0x00010eb4                SVC_Handler
 .text.vPortStartFirstTask
                0x00010ed4       0x14 ./FreeRTOS/portable/GCC/ARM_CM3/port.o
                0x00010ed4                vPortStartFirstTask
 .text.xPortStartScheduler
                0x00010ee8       0x54 ./FreeRTOS/portable/GCC/ARM_CM3/port.o
                0x00010ee8                xPortStartScheduler
 .text.vPortYieldFromISR
                0x00010f3c       0x10 ./FreeRTOS/portable/GCC/ARM_CM3/port.o
                0x00010f3c                vPortYieldFromISR
 .text.vPortEnterCritical
                0x00010f4c       0x18 ./FreeRTOS/portable/GCC/ARM_CM3/port.o
                0x00010f4c                vPortEnterCritical
 .text.vPortExitCritical
                0x00010f64       0x18 ./FreeRTOS/portable/GCC/ARM_CM3/port.o
                0x00010f64                vPortExitCritical
 .text.PendSV_Handler
                0x00010f7c       0x3c ./FreeRTOS/portable/GCC/ARM_CM3/port.o
                0x00010f7c                PendSV_Handler
 .text.SysTick_Handler
                0x00010fb8       0x24 ./FreeRTOS/portable/GCC/ARM_CM3/port.o
                0x00010fb8                SysTick_Handler
 .text.vListInitialise
                0x00010fdc       0x18 ./FreeRTOS/list.o
                0x00010fdc                vListInitialise
 .text.vListInitialiseItem
                0x00010ff4        0x8 ./FreeRTOS/list.o
                0x00010ff4                vListInitialiseItem
 .text.vListInsertEnd
                0x00010ffc       0x1c ./FreeRTOS/list.o
                0x00010ffc                vListInsertEnd
 .text.vListInsert
                0x00011018       0x3c ./FreeRTOS/list.o
                0x00011018                vListInsert
 .text.vListRemove
                0x00011054       0x28 ./FreeRTOS/list.o
                0x00011054                vListRemove
 .text.unlikely.prvCopyDataToQueue
                0x0001107c       0x5c ./FreeRTOS/queue.o
 .text.unlikely.prvCopyDataFromQueue
                0x000110d8       0x28 ./FreeRTOS/queue.o
 .text.prvUnlockQueue
                0x00011100       0x90 ./FreeRTOS/queue.o
 .text.xQueueCreate
                0x00011190       0x60 ./FreeRTOS/queue.o
                0x00011190                xQueueCreate
 .text.xQueueGenericSend
                0x000111f0      0x228 ./FreeRTOS/queue.o
                0x000111f0                xQueueGenericSend
 .text.xQueueGenericSendFromISR
                0x00011418       0x7c ./FreeRTOS/queue.o
                0x00011418                xQueueGenericSendFromISR
 .text.xQueueGenericReceive
                0x00011494      0x268 ./FreeRTOS/queue.o
                0x00011494                xQueueGenericReceive
 .text.uxQueueMessagesWaiting
                0x000116fc       0x20 ./FreeRTOS/queue.o
                0x000116fc                uxQueueMessagesWaiting
 .text.vQueueDelete
                0x0001171c       0x20 ./FreeRTOS/queue.o
                0x0001171c                vQueueDelete
 .text.vQueueWaitForMessageRestricted
                0x0001173c       0xbc ./FreeRTOS/queue.o
                0x0001173c                vQueueWaitForMessageRestricted
 .text.unlikely.xTaskGenericCreate.part.2
                0x000117f8      0x1b4 ./FreeRTOS/tasks.o
 .text.vTaskSwitchContext.part.5
                0x000119ac      0x118 ./FreeRTOS/tasks.o
 .text.xTaskGenericCreate
                0x00011ac4       0x30 ./FreeRTOS/tasks.o
                0x00011ac4                xTaskGenericCreate
 .text.vTaskStartScheduler
                0x00011af4       0x68 ./FreeRTOS/tasks.o
                0x00011af4                vTaskStartScheduler
 .text.vTaskSuspendAll
                0x00011b5c       0x10 ./FreeRTOS/tasks.o
                0x00011b5c                vTaskSuspendAll
 .text.xTaskGetTickCount
                0x00011b6c       0x18 ./FreeRTOS/tasks.o
                0x00011b6c                xTaskGetTickCount
 .text.vTaskIncrementTick
                0x00011b84      0x120 ./FreeRTOS/tasks.o
                0x00011b84                vTaskIncrementTick
 .text.xTaskResumeAll
                0x00011ca4       0xd8 ./FreeRTOS/tasks.o
                0x00011ca4                xTaskResumeAll
 .text.vTaskDelay
                0x00011d7c       0x78 ./FreeRTOS/tasks.o
                0x00011d7c                vTaskDelay
 .text.prvIdleTask
                0x00011df4       0x90 ./FreeRTOS/tasks.o
 .text.vTaskSwitchContext
                0x00011e84       0x1c ./FreeRTOS/tasks.o
                0x00011e84                vTaskSwitchContext
 .text.vTaskPlaceOnEventList
                0x00011ea0       0x84 ./FreeRTOS/tasks.o
                0x00011ea0                vTaskPlaceOnEventList
 .text.vTaskPlaceOnEventListRestricted
                0x00011f24       0x70 ./FreeRTOS/tasks.o
                0x00011f24                vTaskPlaceOnEventListRestricted
 .text.xTaskRemoveFromEventList
                0x00011f94       0x78 ./FreeRTOS/tasks.o
                0x00011f94                xTaskRemoveFromEventList
 .text.vTaskSetTimeOutState
                0x0001200c       0x24 ./FreeRTOS/tasks.o
                0x0001200c                vTaskSetTimeOutState
 .text.xTaskCheckForTimeOut
                0x00012030       0x90 ./FreeRTOS/tasks.o
                0x00012030                xTaskCheckForTimeOut
 .text.vTaskMissedYield
                0x000120c0        0xc ./FreeRTOS/tasks.o
                0x000120c0                vTaskMissedYield
 .text.xTaskGetCurrentTaskHandle
                0x000120cc        0xc ./FreeRTOS/tasks.o
                0x000120cc                xTaskGetCurrentTaskHandle
 .text.xTaskGetSchedulerState
                0x000120d8       0x1c ./FreeRTOS/tasks.o
                0x000120d8                xTaskGetSchedulerState
 .text.vTaskPriorityInherit
                0x000120f4       0x74 ./FreeRTOS/tasks.o
                0x000120f4                vTaskPriorityInherit
 .text.vTaskPriorityDisinherit
                0x00012168       0x4c ./FreeRTOS/tasks.o
                0x00012168                vTaskPriorityDisinherit
 .text.prvSwitchTimerLists.isra.1
                0x000121b4       0x9c ./FreeRTOS/timers.o
 .text.prvTimerTask
                0x00012250      0x210 ./FreeRTOS/timers.o
 .text.xTimerCreateTimerTask
                0x00012460       0x7c ./FreeRTOS/timers.o
                0x00012460                xTimerCreateTimerTask
 .text._close   0x000124dc        0x8 ./CMSIS/startup_gcc/newlib_stubs.o
                0x000124dc                _close
 .text._exit    0x000124e4        0x4 ./CMSIS/startup_gcc/newlib_stubs.o
                0x000124e4                _exit
 .text._fstat   0x000124e8        0xc ./CMSIS/startup_gcc/newlib_stubs.o
                0x000124e8                _fstat
 .text._getpid  0x000124f4        0x4 ./CMSIS/startup_gcc/newlib_stubs.o
                0x000124f4                _getpid
 .text._isatty  0x000124f8        0x4 ./CMSIS/startup_gcc/newlib_stubs.o
                0x000124f8                _isatty
 .text._kill    0x000124fc       0x10 ./CMSIS/startup_gcc/newlib_stubs.o
                0x000124fc                _kill
 .text._lseek   0x0001250c        0x4 ./CMSIS/startup_gcc/newlib_stubs.o
                0x0001250c                _lseek
 .text._read    0x00012510        0x4 ./CMSIS/startup_gcc/newlib_stubs.o
                0x00012510                _read
 .text._write_r
                0x00012514       0x34 ./CMSIS/startup_gcc/newlib_stubs.o
                0x00012514                _write_r
 .text._sbrk    0x00012548       0x90 ./CMSIS/startup_gcc/newlib_stubs.o
                0x00012548                _sbrk
 .text.prvEthernetConfigureInterface
                0x000125d8       0x4c ./main.o
 .text.prvLinkStatusTask
                0x00012624       0x68 ./main.o
                0x00012624                prvLinkStatusTask
 .text.startup.main
                0x0001268c      0x124 ./main.o
                0x0001268c                main
 .text.vApplicationMallocFailedHook
                0x000127b0        0x4 ./main.o
                0x000127b0                vApplicationMallocFailedHook
 .text.vApplicationStackOverflowHook
                0x000127b4        0xc ./main.o
                0x000127b4                vApplicationStackOverflowHook
 .text.vApplicationIdleHook
                0x000127c0       0x14 ./main.o
                0x000127c0                vApplicationIdleHook
 .text.vMainConfigureTimerForRunTimeStats
                0x000127d4       0x64 ./main.o
                0x000127d4                vMainConfigureTimerForRunTimeStats
 .text.ulGetRunTimeCounterValue
                0x00012838       0x28 ./main.o
                0x00012838                ulGetRunTimeCounterValue
 .text.get_ip_address
                0x00012860        0xc ./main.o
                0x00012860                get_ip_address
 .text.get_mac_address
                0x0001286c       0x2c ./main.o
                0x0001286c                get_mac_address
 .text.led_test
                0x00012898        0x4 ./main.o
                0x00012898                led_test
 .text.mscc_post_hw_cfg_init
                0x0001289c        0x4 ./mscc_post_hw_cfg_init.o
                0x0001289c                mscc_post_hw_cfg_init
 .text.NVIC_SystemReset
                0x000128a0       0x24 ./sys_cfg.o
 .text.sys_cfg_get_mac_address
                0x000128c4       0x24 ./sys_cfg.o
                0x000128c4                sys_cfg_get_mac_address
 .text.get_user_eth_config_choice
                0x000128e8       0x60 ./sys_cfg.o
                0x000128e8                get_user_eth_config_choice
 .text.set_user_eth_speed_choice
                0x00012948       0x18 ./sys_cfg.o
                0x00012948                set_user_eth_speed_choice
 .text.set_user_eth_filter_choice
                0x00012960       0x18 ./sys_cfg.o
                0x00012960                set_user_eth_filter_choice
 .text.send_msg
                0x00012978       0x5c ./uart_task.o
                0x00012978                send_msg
 .text.prvUARTTask
                0x000129d4      0x5fc ./uart_task.o
                0x000129d4                prvUARTTask
 .text.uart_tx_handler
                0x00012fd0       0x4c ./uart_task.o
                0x00012fd0                uart_tx_handler
 .text.__assert_func
                0x0001301c       0x38 c:/microsemi/softconsole_v4.0/arm-none-eabi-gcc/bin/../lib/gcc/arm-none-eabi/4.9.3/../../../../arm-none-eabi/lib/armv7-m\libg_nano.a(lib_a-assert.o)
                0x0001301c                __assert_func
 .text.__errno  0x00013054        0xc c:/microsemi/softconsole_v4.0/arm-none-eabi-gcc/bin/../lib/gcc/arm-none-eabi/4.9.3/../../../../arm-none-eabi/lib/armv7-m\libg_nano.a(lib_a-errno.o)
                0x00013054                __errno
 .text.fprintf  0x00013060       0x24 c:/microsemi/softconsole_v4.0/arm-none-eabi-gcc/bin/../lib/gcc/arm-none-eabi/4.9.3/../../../../arm-none-eabi/lib/armv7-m\libg_nano.a(lib_a-fprintf.o)
                0x00013060                fiprintf
                0x00013060                fprintf
 .text.__libc_init_array
                0x00013084       0x4c c:/microsemi/softconsole_v4.0/arm-none-eabi-gcc/bin/../lib/gcc/arm-none-eabi/4.9.3/../../../../arm-none-eabi/lib/armv7-m\libg_nano.a(lib_a-init.o)
                0x00013084                __libc_init_array
 .text.memcmp   0x000130d0       0x20 c:/microsemi/softconsole_v4.0/arm-none-eabi-gcc/bin/../lib/gcc/arm-none-eabi/4.9.3/../../../../arm-none-eabi/lib/armv7-m\libg_nano.a(lib_a-memcmp.o)
                0x000130d0                memcmp
 .text.memcpy   0x000130f0       0x16 c:/microsemi/softconsole_v4.0/arm-none-eabi-gcc/bin/../lib/gcc/arm-none-eabi/4.9.3/../../../../arm-none-eabi/lib/armv7-m\libg_nano.a(lib_a-memcpy.o)
                0x000130f0                memcpy
 .text.memset   0x00013106       0x10 c:/microsemi/softconsole_v4.0/arm-none-eabi-gcc/bin/../lib/gcc/arm-none-eabi/4.9.3/../../../../arm-none-eabi/lib/armv7-m\libg_nano.a(lib_a-memset.o)
                0x00013106                memset
 .text.__sfputc_r
                0x00013116       0x2c c:/microsemi/softconsole_v4.0/arm-none-eabi-gcc/bin/../lib/gcc/arm-none-eabi/4.9.3/../../../../arm-none-eabi/lib/armv7-m\libg_nano.a(lib_a-nano-vfprintf.o)
 .text.__sfputs_r
                0x00013142       0x24 c:/microsemi/softconsole_v4.0/arm-none-eabi-gcc/bin/../lib/gcc/arm-none-eabi/4.9.3/../../../../arm-none-eabi/lib/armv7-m\libg_nano.a(lib_a-nano-vfprintf.o)
                0x00013142                __sfputs_r
 *fill*         0x00013166        0x2 
 .text._vfprintf_r
                0x00013168      0x210 c:/microsemi/softconsole_v4.0/arm-none-eabi-gcc/bin/../lib/gcc/arm-none-eabi/4.9.3/../../../../arm-none-eabi/lib/armv7-m\libg_nano.a(lib_a-nano-vfprintf.o)
                0x00013168                _vfprintf_r
                0x00013168                _vfiprintf_r
 .text._printf_common
                0x00013378       0xea c:/microsemi/softconsole_v4.0/arm-none-eabi-gcc/bin/../lib/gcc/arm-none-eabi/4.9.3/../../../../arm-none-eabi/lib/armv7-m\libg_nano.a(lib_a-nano-vfprintf_i.o)
                0x00013378                _printf_common
 *fill*         0x00013462        0x2 
 .text._printf_i
                0x00013464      0x240 c:/microsemi/softconsole_v4.0/arm-none-eabi-gcc/bin/../lib/gcc/arm-none-eabi/4.9.3/../../../../arm-none-eabi/lib/armv7-m\libg_nano.a(lib_a-nano-vfprintf_i.o)
                0x00013464                _printf_i
 .text.snprintf
                0x000136a4       0x64 c:/microsemi/softconsole_v4.0/arm-none-eabi-gcc/bin/../lib/gcc/arm-none-eabi/4.9.3/../../../../arm-none-eabi/lib/armv7-m\libg_nano.a(lib_a-snprintf.o)
                0x000136a4                sniprintf
                0x000136a4                snprintf
 .text.strncmp  0x00013708       0x32 c:/microsemi/softconsole_v4.0/arm-none-eabi-gcc/bin/../lib/gcc/arm-none-eabi/4.9.3/../../../../arm-none-eabi/lib/armv7-m\libg_nano.a(lib_a-strncmp.o)
                0x00013708                strncmp
 .text.strncpy  0x0001373a       0x24 c:/microsemi/softconsole_v4.0/arm-none-eabi-gcc/bin/../lib/gcc/arm-none-eabi/4.9.3/../../../../arm-none-eabi/lib/armv7-m\libg_nano.a(lib_a-strncpy.o)
                0x0001373a                strncpy
 *fill*         0x0001375e        0x2 
 .text.__swbuf_r
                0x00013760       0xa8 c:/microsemi/softconsole_v4.0/arm-none-eabi-gcc/bin/../lib/gcc/arm-none-eabi/4.9.3/../../../../arm-none-eabi/lib/armv7-m\libg_nano.a(lib_a-wbuf.o)
                0x00013760                __swbuf_r
 .text.__swsetup_r
                0x00013808       0xd8 c:/microsemi/softconsole_v4.0/arm-none-eabi-gcc/bin/../lib/gcc/arm-none-eabi/4.9.3/../../../../arm-none-eabi/lib/armv7-m\libg_nano.a(lib_a-wsetup.o)
                0x00013808                __swsetup_r
 .text.abort    0x000138e0        0xe c:/microsemi/softconsole_v4.0/arm-none-eabi-gcc/bin/../lib/gcc/arm-none-eabi/4.9.3/../../../../arm-none-eabi/lib/armv7-m\libg_nano.a(lib_a-abort.o)
                0x000138e0                abort
 .text.__sflush_r
                0x000138ee      0x106 c:/microsemi/softconsole_v4.0/arm-none-eabi-gcc/bin/../lib/gcc/arm-none-eabi/4.9.3/../../../../arm-none-eabi/lib/armv7-m\libg_nano.a(lib_a-fflush.o)
                0x000138ee                __sflush_r
 .text._fflush_r
                0x000139f4       0x54 c:/microsemi/softconsole_v4.0/arm-none-eabi-gcc/bin/../lib/gcc/arm-none-eabi/4.9.3/../../../../arm-none-eabi/lib/armv7-m\libg_nano.a(lib_a-fflush.o)
                0x000139f4                _fflush_r
 .text._cleanup_r
                0x00013a48        0xc c:/microsemi/softconsole_v4.0/arm-none-eabi-gcc/bin/../lib/gcc/arm-none-eabi/4.9.3/../../../../arm-none-eabi/lib/armv7-m\libg_nano.a(lib_a-findfp.o)
                0x00013a48                _cleanup_r
 .text.std.isra.0
                0x00013a54       0x48 c:/microsemi/softconsole_v4.0/arm-none-eabi-gcc/bin/../lib/gcc/arm-none-eabi/4.9.3/../../../../arm-none-eabi/lib/armv7-m\libg_nano.a(lib_a-findfp.o)
 .text.__sfmoreglue
                0x00013a9c       0x2c c:/microsemi/softconsole_v4.0/arm-none-eabi-gcc/bin/../lib/gcc/arm-none-eabi/4.9.3/../../../../arm-none-eabi/lib/armv7-m\libg_nano.a(lib_a-findfp.o)
                0x00013a9c                __sfmoreglue
 .text.__sinit  0x00013ac8       0x60 c:/microsemi/softconsole_v4.0/arm-none-eabi-gcc/bin/../lib/gcc/arm-none-eabi/4.9.3/../../../../arm-none-eabi/lib/armv7-m\libg_nano.a(lib_a-findfp.o)
                0x00013ac8                __sinit
 .text.__sfp    0x00013b28       0x74 c:/microsemi/softconsole_v4.0/arm-none-eabi-gcc/bin/../lib/gcc/arm-none-eabi/4.9.3/../../../../arm-none-eabi/lib/armv7-m\libg_nano.a(lib_a-findfp.o)
                0x00013b28                __sfp
 .text._fwalk_reent
                0x00013b9c       0x3c c:/microsemi/softconsole_v4.0/arm-none-eabi-gcc/bin/../lib/gcc/arm-none-eabi/4.9.3/../../../../arm-none-eabi/lib/armv7-m\libg_nano.a(lib_a-fwalk.o)
                0x00013b9c                _fwalk_reent
 .text.__smakebuf_r
                0x00013bd8       0x98 c:/microsemi/softconsole_v4.0/arm-none-eabi-gcc/bin/../lib/gcc/arm-none-eabi/4.9.3/../../../../arm-none-eabi/lib/armv7-m\libg_nano.a(lib_a-makebuf.o)
                0x00013bd8                __smakebuf_r
 .text.memchr   0x00013c70       0x1c c:/microsemi/softconsole_v4.0/arm-none-eabi-gcc/bin/../lib/gcc/arm-none-eabi/4.9.3/../../../../arm-none-eabi/lib/armv7-m\libg_nano.a(lib_a-memchr.o)
                0x00013c70                memchr
 .text.memmove  0x00013c8c       0x36 c:/microsemi/softconsole_v4.0/arm-none-eabi-gcc/bin/../lib/gcc/arm-none-eabi/4.9.3/../../../../arm-none-eabi/lib/armv7-m\libg_nano.a(lib_a-memmove.o)
                0x00013c8c                memmove
 *fill*         0x00013cc2        0x2 
 .text._free_r  0x00013cc4       0x88 c:/microsemi/softconsole_v4.0/arm-none-eabi-gcc/bin/../lib/gcc/arm-none-eabi/4.9.3/../../../../arm-none-eabi/lib/armv7-m\libg_nano.a(lib_a-nano-freer.o)
                0x00013cc4                _free_r
 .text._malloc_r
                0x00013d4c       0xac c:/microsemi/softconsole_v4.0/arm-none-eabi-gcc/bin/../lib/gcc/arm-none-eabi/4.9.3/../../../../arm-none-eabi/lib/armv7-m\libg_nano.a(lib_a-nano-mallocr.o)
                0x00013d4c                _malloc_r
 .text._realloc_r
                0x00013df8       0x4c c:/microsemi/softconsole_v4.0/arm-none-eabi-gcc/bin/../lib/gcc/arm-none-eabi/4.9.3/../../../../arm-none-eabi/lib/armv7-m\libg_nano.a(lib_a-nano-reallocr.o)
                0x00013df8                _realloc_r
 .text.__ssputs_r
                0x00013e44       0xb2 c:/microsemi/softconsole_v4.0/arm-none-eabi-gcc/bin/../lib/gcc/arm-none-eabi/4.9.3/../../../../arm-none-eabi/lib/armv7-m\libg_nano.a(lib_a-nano-svfprintf.o)
                0x00013e44                __ssputs_r
 *fill*         0x00013ef6        0x2 
 .text._svfprintf_r
                0x00013ef8      0x1e4 c:/microsemi/softconsole_v4.0/arm-none-eabi-gcc/bin/../lib/gcc/arm-none-eabi/4.9.3/../../../../arm-none-eabi/lib/armv7-m\libg_nano.a(lib_a-nano-svfprintf.o)
                0x00013ef8                _svfiprintf_r
                0x00013ef8                _svfprintf_r
 .text._sbrk_r  0x000140dc       0x20 c:/microsemi/softconsole_v4.0/arm-none-eabi-gcc/bin/../lib/gcc/arm-none-eabi/4.9.3/../../../../arm-none-eabi/lib/armv7-m\libg_nano.a(lib_a-sbrkr.o)
                0x000140dc                _sbrk_r
 .text._raise_r
                0x000140fc       0x50 c:/microsemi/softconsole_v4.0/arm-none-eabi-gcc/bin/../lib/gcc/arm-none-eabi/4.9.3/../../../../arm-none-eabi/lib/armv7-m\libg_nano.a(lib_a-signal.o)
                0x000140fc                _raise_r
 .text.raise    0x0001414c       0x10 c:/microsemi/softconsole_v4.0/arm-none-eabi-gcc/bin/../lib/gcc/arm-none-eabi/4.9.3/../../../../arm-none-eabi/lib/armv7-m\libg_nano.a(lib_a-signal.o)
                0x0001414c                raise
 .text._kill_r  0x0001415c       0x24 c:/microsemi/softconsole_v4.0/arm-none-eabi-gcc/bin/../lib/gcc/arm-none-eabi/4.9.3/../../../../arm-none-eabi/lib/armv7-m\libg_nano.a(lib_a-signalr.o)
                0x0001415c                _kill_r
 .text._getpid_r
                0x00014180        0x4 c:/microsemi/softconsole_v4.0/arm-none-eabi-gcc/bin/../lib/gcc/arm-none-eabi/4.9.3/../../../../arm-none-eabi/lib/armv7-m\libg_nano.a(lib_a-signalr.o)
                0x00014180                _getpid_r
 .text.__sread  0x00014184       0x22 c:/microsemi/softconsole_v4.0/arm-none-eabi-gcc/bin/../lib/gcc/arm-none-eabi/4.9.3/../../../../arm-none-eabi/lib/armv7-m\libg_nano.a(lib_a-stdio.o)
                0x00014184                __sread
 .text.__swrite
                0x000141a6       0x38 c:/microsemi/softconsole_v4.0/arm-none-eabi-gcc/bin/../lib/gcc/arm-none-eabi/4.9.3/../../../../arm-none-eabi/lib/armv7-m\libg_nano.a(lib_a-stdio.o)
                0x000141a6                __swrite
 .text.__sseek  0x000141de       0x24 c:/microsemi/softconsole_v4.0/arm-none-eabi-gcc/bin/../lib/gcc/arm-none-eabi/4.9.3/../../../../arm-none-eabi/lib/armv7-m\libg_nano.a(lib_a-stdio.o)
                0x000141de                __sseek
 .text.__sclose
                0x00014202        0x8 c:/microsemi/softconsole_v4.0/arm-none-eabi-gcc/bin/../lib/gcc/arm-none-eabi/4.9.3/../../../../arm-none-eabi/lib/armv7-m\libg_nano.a(lib_a-stdio.o)
                0x00014202                __sclose
 *fill*         0x0001420a        0x2 
 .text._close_r
                0x0001420c       0x20 c:/microsemi/softconsole_v4.0/arm-none-eabi-gcc/bin/../lib/gcc/arm-none-eabi/4.9.3/../../../../arm-none-eabi/lib/armv7-m\libg_nano.a(lib_a-closer.o)
                0x0001420c                _close_r
 .text._fstat_r
                0x0001422c       0x24 c:/microsemi/softconsole_v4.0/arm-none-eabi-gcc/bin/../lib/gcc/arm-none-eabi/4.9.3/../../../../arm-none-eabi/lib/armv7-m\libg_nano.a(lib_a-fstatr.o)
                0x0001422c                _fstat_r
 .text._isatty_r
                0x00014250       0x20 c:/microsemi/softconsole_v4.0/arm-none-eabi-gcc/bin/../lib/gcc/arm-none-eabi/4.9.3/../../../../arm-none-eabi/lib/armv7-m\libg_nano.a(lib_a-isattyr.o)
                0x00014250                _isatty_r
 .text._lseek_r
                0x00014270       0x24 c:/microsemi/softconsole_v4.0/arm-none-eabi-gcc/bin/../lib/gcc/arm-none-eabi/4.9.3/../../../../arm-none-eabi/lib/armv7-m\libg_nano.a(lib_a-lseekr.o)
                0x00014270                _lseek_r
 .text._malloc_usable_size_r
                0x00014294       0x14 c:/microsemi/softconsole_v4.0/arm-none-eabi-gcc/bin/../lib/gcc/arm-none-eabi/4.9.3/../../../../arm-none-eabi/lib/armv7-m\libg_nano.a(lib_a-nano-msizer.o)
                0x00014294                _malloc_usable_size_r
 .text._read_r  0x000142a8       0x24 c:/microsemi/softconsole_v4.0/arm-none-eabi-gcc/bin/../lib/gcc/arm-none-eabi/4.9.3/../../../../arm-none-eabi/lib/armv7-m\libg_nano.a(lib_a-readr.o)
                0x000142a8                _read_r
 *(.plt)
 *(.gnu.warning)
 *(.glue_7t)
 .glue_7t       0x00000000        0x0 linker stubs
 *(.glue_7)
 .glue_7        0x00000000        0x0 linker stubs
 *(.vfp11_veneer)
 .vfp11_veneer  0x00000000        0x0 linker stubs
                0x000142cc                . = ALIGN (0x4)
 *crtbegin.o(.ctors)
 *(EXCLUDE_FILE(*crtend.o) .ctors)
 *(SORT(.ctors.*))
 *crtend.o(.ctors)
 *crtbegin.o(.dtors)
 *(EXCLUDE_FILE(*crtend.o) .dtors)
 *(SORT(.dtors.*))
 *crtend.o(.dtors)
 *(.rodata .rodata.* .gnu.linkonce.r.*)
 .rodata.ethbroadcast
                0x000142cc        0x6 ./lwip-1.4.1/netif/etharp.o
                0x000142cc                ethbroadcast
 *fill*         0x000142d2        0x2 
 .rodata.str1.4
                0x000142d4      0x1b7 ./lwip-1.4.1/netif/etharp.o
 *fill*         0x0001448b        0x1 
 .rodata.ethzero
                0x0001448c        0x6 ./lwip-1.4.1/netif/etharp.o
                0x0001448c                ethzero
 *fill*         0x00014492        0x2 
 .rodata.str1.4
                0x00014494       0xf2 ./lwip-1.4.1/core/ipv4/icmp.o
                                0x115 (size before relaxing)
 *fill*         0x00014586        0x2 
 .rodata.str1.4
                0x00014588      0x115 ./lwip-1.4.1/core/ipv4/igmp.o
 *fill*         0x0001469d        0x3 
 .rodata.str1.4
                0x000146a0       0x39 ./lwip-1.4.1/core/ipv4/ip.o
 *fill*         0x000146d9        0x3 
 .rodata.ip_addr_broadcast
                0x000146dc        0x4 ./lwip-1.4.1/core/ipv4/ip_addr.o
                0x000146dc                ip_addr_broadcast
 .rodata.ip_addr_any
                0x000146e0        0x4 ./lwip-1.4.1/core/ipv4/ip_addr.o
                0x000146e0                ip_addr_any
 .rodata.str1.4
                0x000146e4      0x128 ./lwip-1.4.1/core/ipv4/ip_frag.o
 .rodata.str1.4
                0x0001480c      0x414 ./lwip-1.4.1/core/dhcp.o
                                0x424 (size before relaxing)
 .rodata.str1.4
                0x00014c20       0x3d ./lwip-1.4.1/core/lwip_timers.o
 *fill*         0x00014c5d        0x3 
 .rodata.str1.4
                0x00014c60       0x8c ./lwip-1.4.1/core/mem.o
 .rodata.memp_num
                0x00014cec       0x24 ./lwip-1.4.1/core/memp.o
 .rodata.str1.4
                0x00014d10       0x64 ./lwip-1.4.1/core/memp.o
 .rodata.memp_sizes
                0x00014d74       0x24 ./lwip-1.4.1/core/memp.o
                0x00014d74                memp_sizes
 .rodata.str1.4
                0x00014d98       0x17 ./lwip-1.4.1/core/netif.o
 *fill*         0x00014daf        0x1 
 .rodata.str1.4
                0x00014db0      0x3c5 ./lwip-1.4.1/core/pbuf.o
                                0x3d1 (size before relaxing)
 *fill*         0x00015175        0x3 
 .rodata.tcp_pcb_lists
                0x00015178       0x10 ./lwip-1.4.1/core/tcp.o
                0x00015178                tcp_pcb_lists
 .rodata.tcp_backoff
                0x00015188        0xd ./lwip-1.4.1/core/tcp.o
                0x00015188                tcp_backoff
 *fill*         0x00015195        0x3 
 .rodata.str1.4
                0x00015198      0x3de ./lwip-1.4.1/core/tcp.o
                                0x3ee (size before relaxing)
 *fill*         0x00015576        0x2 
 .rodata.tcp_persist_backoff
                0x00015578        0x7 ./lwip-1.4.1/core/tcp.o
                0x00015578                tcp_persist_backoff
 *fill*         0x0001557f        0x1 
 .rodata.str1.4
                0x00015580      0x2d0 ./lwip-1.4.1/core/tcp_in.o
 .rodata.str1.4
                0x00015850      0x333 ./lwip-1.4.1/core/tcp_out.o
 *fill*         0x00015b83        0x1 
 .rodata.str1.4
                0x00015b84       0x62 ./lwip-1.4.1/core/udp.o
 *fill*         0x00015be6        0x2 
 .rodata.str1.4
                0x00015be8      0x2cb ./lwip-1.4.1/api/api_lib.o
                                0x2d7 (size before relaxing)
 *fill*         0x00015eb3        0x1 
 .rodata.str1.4
                0x00015eb4      0x3ed ./lwip-1.4.1/api/api_msg.o
                                0x3fd (size before relaxing)
 *fill*         0x000162a1        0x3 
 .rodata.str1.4
                0x000162a4      0x101 ./lwip-1.4.1/api/netbuf.o
 *fill*         0x000163a5        0x3 
 .rodata.str1.4
                0x000163a8       0x51 ./lwip-1.4.1/api/tcpip.o
 *fill*         0x000163f9        0x3 
 .rodata.g_m2s_serdes_0_config
                0x000163fc       0x90 ./drivers_config/sys_config/sys_config_SERDESIF_0.o
                0x000163fc                g_m2s_serdes_0_config
 .rodata.g_gpio_irqn_lut
                0x0001648c       0x20 ./drivers/mss_gpio/mss_gpio.o
 .rodata.g_config_reg_lut
                0x000164ac       0x80 ./drivers/mss_gpio/mss_gpio.o
 .rodata        0x0001652c        0x8 ./drivers/CoreTSE/m88e1340_phy.o
 .rodata        0x00016534       0x10 ./WebServer/httpserver-netconn.o
 .rodata.http_index_html
                0x00016544      0xaf5 ./WebServer/httpserver-netconn.o
 *fill*         0x00017039        0x3 
 .rodata.data_google_htm
                0x0001703c      0x3c9 ./WebServer/httpserver-netconn.o
 *fill*         0x00017405        0x3 
 .rodata.__func__.8444
                0x00017408       0x1a ./WebServer/httpserver-netconn.o
 *fill*         0x00017422        0x2 
 .rodata.str1.4
                0x00017424      0x83c ./WebServer/httpserver-netconn.o
 .rodata.http_index_html2
                0x00017c60     0x1f88 ./WebServer/httpserver-netconn.o
 .rodata.http_json_hdr
                0x00019be8       0x3b ./WebServer/httpserver-netconn.o
 *fill*         0x00019c23        0x1 
 .rodata.http_html_ok_hdr
                0x00019c24       0x14 ./WebServer/httpserver-netconn.o
 .rodata.http_html_hdr
                0x00019c38       0x2d ./WebServer/httpserver-netconn.o
 *fill*         0x00019c65        0x3 
 .rodata.http_post_resp_hdr
                0x00019c68       0x1c ./WebServer/httpserver-netconn.o
 .rodata.mscc_jpg_logo
                0x00019c84     0x22a7 ./WebServer/mscc_logo.o
                0x00019c84                mscc_jpg_logo
 *fill*         0x0001bf2b        0x1 
 .rodata.str1.4
                0x0001bf2c       0x4a ./FreeRTOS/tasks.o
                                 0x4e (size before relaxing)
 *fill*         0x0001bf76        0x2 
 .rodata.ucExpectedStackBytes.6066
                0x0001bf78       0x14 ./FreeRTOS/tasks.o
 .rodata.str1.4
                0x0001bf8c        0x8 ./FreeRTOS/timers.o
 .rodata.str1.4
                0x0001bf94       0x30 ./CMSIS/startup_gcc/newlib_stubs.o
 .rodata        0x0001bfc4        0x8 ./CMSIS/system_m2sxxx.o
 .rodata.str1.4
                0x0001bfcc      0x15a ./main.o
 *fill*         0x0001c126        0x2 
 .rodata.g_instructions_msg
                0x0001c128      0x31c ./uart_task.o
 .rodata.str1.4
                0x0001c444      0x188 ./uart_task.o
                                0x185 (size before relaxing)
 .rodata.g_reset_msg
                0x0001c5cc       0x2b ./uart_task.o
 .rodata.str1.1
                0x0001c5f7       0x3c c:/microsemi/softconsole_v4.0/arm-none-eabi-gcc/bin/../lib/gcc/arm-none-eabi/4.9.3/../../../../arm-none-eabi/lib/armv7-m\libg_nano.a(lib_a-assert.o)
                                 0x3d (size before relaxing)
 .rodata.str1.1
                0x0001c633        0x2 c:/microsemi/softconsole_v4.0/arm-none-eabi-gcc/bin/../lib/gcc/arm-none-eabi/4.9.3/../../../../arm-none-eabi/lib/armv7-m\libg_nano.a(lib_a-impure.o)
 *fill*         0x0001c635        0x3 
 .rodata._global_impure_ptr
                0x0001c638        0x4 c:/microsemi/softconsole_v4.0/arm-none-eabi-gcc/bin/../lib/gcc/arm-none-eabi/4.9.3/../../../../arm-none-eabi/lib/armv7-m\libg_nano.a(lib_a-impure.o)
                0x0001c638                _global_impure_ptr
 .rodata.str1.1
                0x0001c63c       0x11 c:/microsemi/softconsole_v4.0/arm-none-eabi-gcc/bin/../lib/gcc/arm-none-eabi/4.9.3/../../../../arm-none-eabi/lib/armv7-m\libg_nano.a(lib_a-nano-vfprintf.o)
 .rodata.str1.1
                0x0001c64d       0x22 c:/microsemi/softconsole_v4.0/arm-none-eabi-gcc/bin/../lib/gcc/arm-none-eabi/4.9.3/../../../../arm-none-eabi/lib/armv7-m\libg_nano.a(lib_a-nano-vfprintf_i.o)
 *fill*         0x0001c66f        0x1 
 .rodata.__sf_fake_stdin
                0x0001c670       0x20 c:/microsemi/softconsole_v4.0/arm-none-eabi-gcc/bin/../lib/gcc/arm-none-eabi/4.9.3/../../../../arm-none-eabi/lib/armv7-m\libg_nano.a(lib_a-findfp.o)
                0x0001c670                __sf_fake_stdin
 .rodata.__sf_fake_stdout
                0x0001c690       0x20 c:/microsemi/softconsole_v4.0/arm-none-eabi-gcc/bin/../lib/gcc/arm-none-eabi/4.9.3/../../../../arm-none-eabi/lib/armv7-m\libg_nano.a(lib_a-findfp.o)
                0x0001c690                __sf_fake_stdout
 .rodata.__sf_fake_stderr
                0x0001c6b0       0x20 c:/microsemi/softconsole_v4.0/arm-none-eabi-gcc/bin/../lib/gcc/arm-none-eabi/4.9.3/../../../../arm-none-eabi/lib/armv7-m\libg_nano.a(lib_a-findfp.o)
                0x0001c6b0                __sf_fake_stderr
 .rodata.str1.1
                0x00000000       0x11 c:/microsemi/softconsole_v4.0/arm-none-eabi-gcc/bin/../lib/gcc/arm-none-eabi/4.9.3/../../../../arm-none-eabi/lib/armv7-m\libg_nano.a(lib_a-nano-svfprintf.o)
 *(.ARM.extab* .gnu.linkonce.armextab.*)
 *(.gcc_except_table)
 *(.eh_frame_hdr)
 *(.eh_frame)
 .eh_frame      0x0001c6d0        0x0 c:/microsemi/softconsole_v4.0/arm-none-eabi-gcc/bin/../lib/gcc/arm-none-eabi/4.9.3/armv7-m/crtbegin.o
 *(.vector_table)
 *(.init)
 .init          0x0001c6d0        0x4 c:/microsemi/softconsole_v4.0/arm-none-eabi-gcc/bin/../lib/gcc/arm-none-eabi/4.9.3/armv7-m/crti.o
                0x0001c6d0                _init
 .init          0x0001c6d4        0x8 c:/microsemi/softconsole_v4.0/arm-none-eabi-gcc/bin/../lib/gcc/arm-none-eabi/4.9.3/armv7-m/crtn.o
 *(.fini)
 .fini          0x0001c6dc        0x4 c:/microsemi/softconsole_v4.0/arm-none-eabi-gcc/bin/../lib/gcc/arm-none-eabi/4.9.3/armv7-m/crti.o
                0x0001c6dc                _fini
 .fini          0x0001c6e0        0x8 c:/microsemi/softconsole_v4.0/arm-none-eabi-gcc/bin/../lib/gcc/arm-none-eabi/4.9.3/armv7-m/crtn.o
                0x0001c6e8                PROVIDE (__preinit_array_start, .)
 *(.preinit_array)
                0x0001c6e8                PROVIDE (__preinit_array_end, .)
                0x0001c6e8                PROVIDE (__init_array_start, .)
 *(SORT(.init_array.*))
 *(.init_array)
 .init_array    0x0001c6e8        0x4 c:/microsemi/softconsole_v4.0/arm-none-eabi-gcc/bin/../lib/gcc/arm-none-eabi/4.9.3/armv7-m/crtbegin.o
                0x0001c6ec                PROVIDE (__init_array_end, .)
                0x0001c6ec                PROVIDE (__fini_array_start, .)
 *(.fini_array)
 .fini_array    0x0001c6ec        0x4 c:/microsemi/softconsole_v4.0/arm-none-eabi-gcc/bin/../lib/gcc/arm-none-eabi/4.9.3/armv7-m/crtbegin.o
 *(SORT(.fini_array.*))
                0x0001c6f0                PROVIDE (__fini_array_end, .)
                0x0001c6f0                . = ALIGN (0x10)
                0x0001c6f0                __exidx_start = .

.v4_bx          0x0001c6f0        0x0 load address 0x6001c6f0
 .v4_bx         0x00000000        0x0 linker stubs

.iplt           0x0001c6f0        0x0 load address 0x6001c6f0
 .iplt          0x00000000        0x0 c:/microsemi/softconsole_v4.0/arm-none-eabi-gcc/bin/../lib/gcc/arm-none-eabi/4.9.3/armv7-m/crtbegin.o

.rel.dyn        0x0001c6f0        0x0 load address 0x6001c6f0
 .rel.iplt      0x00000000        0x0 c:/microsemi/softconsole_v4.0/arm-none-eabi-gcc/bin/../lib/gcc/arm-none-eabi/4.9.3/armv7-m/crtbegin.o

.ARM.exidx
 *(.ARM.exidx* .gnu.linkonce.armexidx.*)
                0x0001c6f0                __exidx_end = .
                0x0001c6f0                _etext = .

.data           0x20000000       0xc0 load address 0x6001c6f0
                0x6001c6f0                __data_load = LOADADDR (.data)
                0x6001c6f0                _sidata = LOADADDR (.data)
                0x20000000                __data_start = .
                0x20000000                _sdata = .
 *(.jcr)
 .jcr           0x20000000        0x0 c:/microsemi/softconsole_v4.0/arm-none-eabi-gcc/bin/../lib/gcc/arm-none-eabi/4.9.3/armv7-m/crtbegin.o
 .jcr           0x20000000        0x4 c:/microsemi/softconsole_v4.0/arm-none-eabi-gcc/bin/../lib/gcc/arm-none-eabi/4.9.3/armv7-m/crtend.o
 *(.got.plt)
 *(.got)
 *(.shdata)
 *(.data .data.* .gnu.linkonce.d.*)
 .data.tcp_port
                0x20000004        0x2 ./lwip-1.4.1/core/tcp.o
 *fill*         0x20000006        0x2 
 .data.iss.8562
                0x20000008        0x4 ./lwip-1.4.1/core/tcp.o
 .data.udp_port
                0x2000000c        0x2 ./lwip-1.4.1/core/udp.o
 .data.previous_speed.4410
                0x2000000e        0x1 ./drivers/CoreTSE/core_tse.o
 .data.previous_duplex.4411
                0x2000000f        0x1 ./drivers/CoreTSE/core_tse.o
 .data.xFreeBytesRemaining
                0x20000010        0x4 ./FreeRTOS/portable/MemMang/heap_2.o
 .data.uxCriticalNesting
                0x20000014        0x4 ./FreeRTOS/portable/GCC/ARM_CM3/port.o
 .data.xNextTaskUnblockTime
                0x20000018        0x4 ./FreeRTOS/tasks.o
 .data.uxPreviousTask
                0x2000001c        0x4 ./FreeRTOS/tasks.o
 .data.g_FrequencyFIC64
                0x20000020        0x4 ./CMSIS/system_m2sxxx.o
                0x20000020                g_FrequencyFIC64
 .data.g_FrequencyPCLK2
                0x20000024        0x4 ./CMSIS/system_m2sxxx.o
                0x20000024                g_FrequencyPCLK2
 .data.g_FrequencyFIC0
                0x20000028        0x4 ./CMSIS/system_m2sxxx.o
                0x20000028                g_FrequencyFIC0
 .data.g_FrequencyFIC1
                0x2000002c        0x4 ./CMSIS/system_m2sxxx.o
                0x2000002c                g_FrequencyFIC1
 .data.g_FrequencyPCLK0
                0x20000030        0x4 ./CMSIS/system_m2sxxx.o
                0x20000030                g_FrequencyPCLK0
 .data.g_FrequencyPCLK1
                0x20000034        0x4 ./CMSIS/system_m2sxxx.o
                0x20000034                g_FrequencyPCLK1
 .data.SystemCoreClock
                0x20000038        0x4 ./CMSIS/system_m2sxxx.o
                0x20000038                SystemCoreClock
 .data.address_filter_hash
                0x2000003c       0x18 ./uart_task.o
                0x2000003c                address_filter_hash
 .data.impure_data
                0x20000054       0x60 c:/microsemi/softconsole_v4.0/arm-none-eabi-gcc/bin/../lib/gcc/arm-none-eabi/4.9.3/../../../../arm-none-eabi/lib/armv7-m\libg_nano.a(lib_a-impure.o)
 .data._impure_ptr
                0x200000b4        0x4 c:/microsemi/softconsole_v4.0/arm-none-eabi-gcc/bin/../lib/gcc/arm-none-eabi/4.9.3/../../../../arm-none-eabi/lib/armv7-m\libg_nano.a(lib_a-impure.o)
                0x200000b4                _impure_ptr
                0x200000c0                . = ALIGN (0x10)
 *fill*         0x200000b8        0x8 
                0x200000c0                _edata = .

.igot.plt       0x200000c0        0x0 load address 0x6001c7b0
 .igot.plt      0x00000000        0x0 c:/microsemi/softconsole_v4.0/arm-none-eabi-gcc/bin/../lib/gcc/arm-none-eabi/4.9.3/armv7-m/crtbegin.o

.noinit         0x200000c0        0xc load address 0x6001c7b0
 .noinit        0x200000c0        0xc ./sys_cfg.o

.bss            0x200000d0     0xea50 load address 0x6001c7c0
                0x200000d0                __bss_start__ = .
                0x200000d0                _sbss = .
 *(.shbss)
 *(.bss .bss.* .gnu.linkonce.b.*)
 .bss           0x200000d0       0x1c c:/microsemi/softconsole_v4.0/arm-none-eabi-gcc/bin/../lib/gcc/arm-none-eabi/4.9.3/armv7-m/crtbegin.o
 .bss.g_p_mac_netif
                0x200000ec        0x4 ./lwip-1.4.1/netif/coretse_ethernetif.o
                0x200000ec                g_p_mac_netif
 .bss.g_rx_paused
                0x200000f0        0x1 ./lwip-1.4.1/netif/coretse_ethernetif.o
 *fill*         0x200000f1        0x3 
 .bss.prev_packetset
                0x200000f4        0x6 ./lwip-1.4.1/netif/coretse_ethernetif.o
 *fill*         0x200000fa        0x2 
 .bss.r_mac_addr
                0x200000fc       0x3c ./lwip-1.4.1/netif/coretse_ethernetif.o
 .bss.g_mac_rx_buffer_data_valid
                0x20000138        0x4 ./lwip-1.4.1/netif/coretse_ethernetif.o
 .bss.g_mac_tx_buffer
                0x2000013c      0x5ee ./lwip-1.4.1/netif/coretse_ethernetif.o
 .bss.r_mac_length
                0x2000072a        0x1 ./lwip-1.4.1/netif/coretse_ethernetif.o
 *fill*         0x2000072b        0x1 
 .bss.g_mac_rx_buffer
                0x2000072c      0x5ee ./lwip-1.4.1/netif/coretse_ethernetif.o
 *fill*         0x20000d1a        0x2 
 .bss.g_mac_tx_buffer_used
                0x20000d1c        0x4 ./lwip-1.4.1/netif/coretse_ethernetif.o
 .bss.etharp_cached_entry
                0x20000d20        0x1 ./lwip-1.4.1/netif/etharp.o
 *fill*         0x20000d21        0x3 
 .bss.arp_table
                0x20000d24       0xc8 ./lwip-1.4.1/netif/etharp.o
 .bss.allsystems
                0x20000dec        0x4 ./lwip-1.4.1/core/ipv4/igmp.o
 .bss.allrouters
                0x20000df0        0x4 ./lwip-1.4.1/core/ipv4/igmp.o
 .bss.igmp_group_list
                0x20000df4        0x4 ./lwip-1.4.1/core/ipv4/igmp.o
 .bss.ip_id     0x20000df8        0x2 ./lwip-1.4.1/core/ipv4/ip.o
 *fill*         0x20000dfa        0x2 
 .bss.reassdatagrams
                0x20000dfc        0x4 ./lwip-1.4.1/core/ipv4/ip_frag.o
 .bss.ip_reass_pbufcount
                0x20000e00        0x2 ./lwip-1.4.1/core/ipv4/ip_frag.o
 *fill*         0x20000e02        0x2 
 .bss.xid.8440  0x20000e04        0x4 ./lwip-1.4.1/core/dhcp.o
 .bss.tcpip_tcp_timer_active
                0x20000e08        0x4 ./lwip-1.4.1/core/lwip_timers.o
 .bss.next_timeout
                0x20000e0c        0x4 ./lwip-1.4.1/core/lwip_timers.o
 .bss.memp_memory
                0x20000e10     0x7e17 ./lwip-1.4.1/core/memp.o
 *fill*         0x20008c27        0x1 
 .bss.memp_tab  0x20008c28       0x48 ./lwip-1.4.1/core/memp.o
 .bss.netif_num
                0x20008c70        0x1 ./lwip-1.4.1/core/netif.o
 *fill*         0x20008c71        0x3 
 .bss.raw_pcbs  0x20008c74        0x4 ./lwip-1.4.1/core/raw.o
 .bss.tcp_timer
                0x20008c78        0x1 ./lwip-1.4.1/core/tcp.o
 .bss.tcp_timer_ctr
                0x20008c79        0x1 ./lwip-1.4.1/core/tcp.o
 *fill*         0x20008c7a        0x2 
 .bss.seqno     0x20008c7c        0x4 ./lwip-1.4.1/core/tcp_in.o
 .bss.iphdr     0x20008c80        0x4 ./lwip-1.4.1/core/tcp_in.o
 .bss.tcplen    0x20008c84        0x2 ./lwip-1.4.1/core/tcp_in.o
 *fill*         0x20008c86        0x2 
 .bss.ackno     0x20008c88        0x4 ./lwip-1.4.1/core/tcp_in.o
 .bss.flags     0x20008c8c        0x1 ./lwip-1.4.1/core/tcp_in.o
 .bss.recv_flags
                0x20008c8d        0x1 ./lwip-1.4.1/core/tcp_in.o
 *fill*         0x20008c8e        0x2 
 .bss.tcphdr    0x20008c90        0x4 ./lwip-1.4.1/core/tcp_in.o
 .bss.recv_data
                0x20008c94        0x4 ./lwip-1.4.1/core/tcp_in.o
 .bss.inseg     0x20008c98       0x10 ./lwip-1.4.1/core/tcp_in.o
 .bss.mbox      0x20008ca8        0x4 ./lwip-1.4.1/api/tcpip.o
 .bss.tcpip_init_done_arg
                0x20008cac        0x4 ./lwip-1.4.1/api/tcpip.o
 .bss.tcpip_init_done
                0x20008cb0        0x4 ./lwip-1.4.1/api/tcpip.o
 .bss.g_comblk_response_size
                0x20008cb4        0x2 ./drivers/mss_sys_services/mss_comblk.o
 *fill*         0x20008cb6        0x2 
 .bss.g_comblk_page_handler
                0x20008cb8        0x4 ./drivers/mss_sys_services/mss_comblk.o
 .bss.g_comblk_p_cmd
                0x20008cbc        0x4 ./drivers/mss_sys_services/mss_comblk.o
 .bss.g_request_in_progress
                0x20008cc0        0x1 ./drivers/mss_sys_services/mss_comblk.o
 *fill*         0x20008cc1        0x3 
 .bss.g_async_event_handler
                0x20008cc4        0x4 ./drivers/mss_sys_services/mss_comblk.o
 .bss.g_comblk_cmd_size
                0x20008cc8        0x2 ./drivers/mss_sys_services/mss_comblk.o
 *fill*         0x20008cca        0x2 
 .bss.g_comblk_p_data
                0x20008ccc        0x4 ./drivers/mss_sys_services/mss_comblk.o
 .bss.g_comblk_cmd_opcode
                0x20008cd0        0x1 ./drivers/mss_sys_services/mss_comblk.o
 *fill*         0x20008cd1        0x1 
 .bss.g_comblk_response_idx
                0x20008cd2        0x2 ./drivers/mss_sys_services/mss_comblk.o
 .bss.g_comblk_state
                0x20008cd4        0x1 ./drivers/mss_sys_services/mss_comblk.o
 *fill*         0x20008cd5        0x3 
 .bss.g_comblk_data_size
                0x20008cd8        0x4 ./drivers/mss_sys_services/mss_comblk.o
 .bss.g_comblk_p_response
                0x20008cdc        0x4 ./drivers/mss_sys_services/mss_comblk.o
 .bss.g_comblk_completion_handler
                0x20008ce0        0x4 ./drivers/mss_sys_services/mss_comblk.o
 .bss.g_transfer
                0x20008ce4       0x18 ./drivers/mss_hpdma/mss_hpdma.o
 .bss.g_hpdma_current_desc
                0x20008cfc        0x4 ./drivers/mss_hpdma/mss_hpdma.o
 .bss.g_hpdma_end_desc
                0x20008d00        0x4 ./drivers/mss_hpdma/mss_hpdma.o
 .bss.status_json
                0x20008d04      0x190 ./WebServer/httpserver-netconn.o
 *fill*         0x20008e94        0x4 
 .bss.xHeap     0x20008e98     0x5000 ./FreeRTOS/portable/MemMang/heap_2.o
 .bss.xStart    0x2000de98        0x8 ./FreeRTOS/portable/MemMang/heap_2.o
 .bss.xHeapHasBeenInitialised.4889
                0x2000dea0        0x4 ./FreeRTOS/portable/MemMang/heap_2.o
 .bss.xEnd      0x2000dea4        0x8 ./FreeRTOS/portable/MemMang/heap_2.o
 .bss.uxTopReadyPriority
                0x2000deac        0x4 ./FreeRTOS/tasks.o
 .bss.uxTasksDeleted
                0x2000deb0        0x4 ./FreeRTOS/tasks.o
 .bss.xTickCount
                0x2000deb4        0x4 ./FreeRTOS/tasks.o
 .bss.pxReadyTasksLists
                0x2000deb8       0x8c ./FreeRTOS/tasks.o
 .bss.pxOverflowDelayedTaskList
                0x2000df44        0x4 ./FreeRTOS/tasks.o
 .bss.xTasksWaitingTermination
                0x2000df48       0x14 ./FreeRTOS/tasks.o
 .bss.xTracing  0x2000df5c        0x4 ./FreeRTOS/tasks.o
 .bss.pxDelayedTaskList
                0x2000df60        0x4 ./FreeRTOS/tasks.o
 .bss.xPendingReadyList
                0x2000df64       0x14 ./FreeRTOS/tasks.o
 .bss.xSchedulerRunning
                0x2000df78        0x4 ./FreeRTOS/tasks.o
 .bss.ulTaskSwitchedInTime
                0x2000df7c        0x4 ./FreeRTOS/tasks.o
 .bss.xMissedYield
                0x2000df80        0x4 ./FreeRTOS/tasks.o
 .bss.uxTaskNumber
                0x2000df84        0x4 ./FreeRTOS/tasks.o
 .bss.pcTraceBuffer
                0x2000df88        0x4 ./FreeRTOS/tasks.o
 .bss.pxCurrentTCB
                0x2000df8c        0x4 ./FreeRTOS/tasks.o
                0x2000df8c                pxCurrentTCB
 .bss.xSuspendedTaskList
                0x2000df90       0x14 ./FreeRTOS/tasks.o
 .bss.uxCurrentNumberOfTasks
                0x2000dfa4        0x4 ./FreeRTOS/tasks.o
 .bss.xDelayedTaskList1
                0x2000dfa8       0x14 ./FreeRTOS/tasks.o
 .bss.xDelayedTaskList2
                0x2000dfbc       0x14 ./FreeRTOS/tasks.o
 .bss.uxSchedulerSuspended
                0x2000dfd0        0x4 ./FreeRTOS/tasks.o
 .bss.uxMissedTicks