Timing Violation Report Max Delay Analysis

SmartTime Version 
Microsemi Corporation - Microsemi Libero Software Release  (Version 11.7.0.113)
Date: Mon Jan 11 21:58:40 2016


Design: CoreTSE_Webserver
Family: SmartFusion2
Die: M2S090TS
Package: 484 FBGA
Temperature Range: 0 - 85 C
Voltage Range: 1.14 - 1.26 V
Speed Grade: -1
Design State: Post-Layout
Data source: Production
Min Operating Conditions: BEST - 1.26 V - 0 C
Max Operating Conditions: WORST - 1.14 V - 85 C
Scenario for Timing Analysis: timing_analysis


Path 1
  From:                        CORETSE_AHB_0/CoreTSE_top_inst/CORETSE_AHBilI/CORETSE_AHBoOooI/CORETSE_AHBO1II/CORETSE_AHBllOI[17]:CLK
  To:                          CoreTSE_Webserver_MSS_0/MSS_ADLIB_INST/INST_MSS_075_IP:F_HM0_RDATA[17]
  Delay (ns):                  4.292                                                                           
  Slack (ns):                  -7.934                                                                          
  Arrival (ns):                19.839                                                                          
  Required (ns):               11.905                                                                          

Path 2
  From:                        CORETSE_AHB_0/CoreTSE_top_inst/CORETSE_AHBilI/CORETSE_AHBiOooI/CORETSE_AHBl1Oo/CORETSE_AHBiOlo/CORETSE_AHBl1o_fast[12]:CLK
  To:                          CORETSE_AHB_0/CoreTSE_top_inst/CORETSE_AHBilI/CORETSE_AHBOlooI.CORETSE_AHBO0ooI/CORETSE_AHBO1li/CORETSE_AHBIIIi[12]:D
  Delay (ns):                  4.805                                                                           
  Slack (ns):                  -7.894                                                                          
  Arrival (ns):                20.345                                                                          
  Required (ns):               12.451                                                                          

Path 3
  From:                        CORETSE_AHB_0/CoreTSE_top_inst/CORETSE_AHBilI/CORETSE_AHBiOooI/CORETSE_AHBl1Oo/CORETSE_AHBiOlo/CORETSE_AHBl1o_fast[12]:CLK
  To:                          CORETSE_AHB_0/CoreTSE_top_inst/CORETSE_AHBilI/CORETSE_AHBOlooI.CORETSE_AHBO0ooI/CORETSE_AHBO1li/CORETSE_AHBIIIi[11]:D
  Delay (ns):                  4.804                                                                           
  Slack (ns):                  -7.884                                                                          
  Arrival (ns):                20.344                                                                          
  Required (ns):               12.460                                                                          

Path 4
  From:                        CORETSE_AHB_0/CoreTSE_top_inst/CORETSE_AHBilI/CORETSE_AHBoOooI/CORETSE_AHBO1II/CORETSE_AHBllOI[33]:CLK
  To:                          CoreTSE_Webserver_MSS_0/MSS_ADLIB_INST/INST_MSS_075_IP:F_HM0_RDATA[17]
  Delay (ns):                  4.148                                                                           
  Slack (ns):                  -7.790                                                                          
  Arrival (ns):                19.695                                                                          
  Required (ns):               11.905                                                                          

Path 5
  From:                        CORETSE_AHB_0/CoreTSE_top_inst/CORETSE_AHBilI/CORETSE_AHBiOooI/CORETSE_AHBl1Oo/CORETSE_AHBiOlo/CORETSE_AHBl1o_fast[13]:CLK
  To:                          CORETSE_AHB_0/CoreTSE_top_inst/CORETSE_AHBilI/CORETSE_AHBOlooI.CORETSE_AHBO0ooI/CORETSE_AHBO1li/CORETSE_AHBIIIi[12]:D
  Delay (ns):                  4.685                                                                           
  Slack (ns):                  -7.774                                                                          
  Arrival (ns):                20.225                                                                          
  Required (ns):               12.451                                                                          

Path 6
  From:                        CORETSE_AHB_0/CoreTSE_top_inst/CORETSE_AHBilI/CORETSE_AHBiOooI/CORETSE_AHBl1Oo/CORETSE_AHBiOlo/CORETSE_AHBl1o_fast[13]:CLK
  To:                          CORETSE_AHB_0/CoreTSE_top_inst/CORETSE_AHBilI/CORETSE_AHBOlooI.CORETSE_AHBO0ooI/CORETSE_AHBO1li/CORETSE_AHBIIIi[11]:D
  Delay (ns):                  4.684                                                                           
  Slack (ns):                  -7.764                                                                          
  Arrival (ns):                20.224                                                                          
  Required (ns):               12.460                                                                          

Path 7
  From:                        CORETSE_AHB_0/CoreTSE_top_inst/CORETSE_AHBilI/CORETSE_AHBiOooI/CORETSE_AHBl1Oo/CORETSE_AHBiOlo/CORETSE_AHBl1o[1]:CLK
  To:                          CORETSE_AHB_0/CoreTSE_top_inst/CORETSE_AHBilI/CORETSE_AHBOlooI.CORETSE_AHBO0ooI/CORETSE_AHBO1li/CORETSE_AHBIIIi[12]:D
  Delay (ns):                  4.655                                                                           
  Slack (ns):                  -7.730                                                                          
  Arrival (ns):                20.181                                                                          
  Required (ns):               12.451                                                                          

Path 8
  From:                        CORETSE_AHB_0/CoreTSE_top_inst/CORETSE_AHBilI/CORETSE_AHBiOooI/CORETSE_AHBl1Oo/CORETSE_AHBiOlo/CORETSE_AHBl1o[1]:CLK
  To:                          CORETSE_AHB_0/CoreTSE_top_inst/CORETSE_AHBilI/CORETSE_AHBOlooI.CORETSE_AHBO0ooI/CORETSE_AHBO1li/CORETSE_AHBIIIi[11]:D
  Delay (ns):                  4.654                                                                           
  Slack (ns):                  -7.720                                                                          
  Arrival (ns):                20.180                                                                          
  Required (ns):               12.460                                                                          

Path 9
  From:                        CORETSE_AHB_0/CoreTSE_top_inst/CORETSE_AHBilI/CORETSE_AHBiOooI/CORETSE_AHBl1Oo/CORETSE_AHBiOlo/CORETSE_AHBl1o[0]:CLK
  To:                          CORETSE_AHB_0/CoreTSE_top_inst/CORETSE_AHBilI/CORETSE_AHBOlooI.CORETSE_AHBO0ooI/CORETSE_AHBO1li/CORETSE_AHBIIIi[12]:D
  Delay (ns):                  4.622                                                                           
  Slack (ns):                  -7.703                                                                          
  Arrival (ns):                20.154                                                                          
  Required (ns):               12.451                                                                          

Path 10
  From:                        CORETSE_AHB_0/CoreTSE_top_inst/CORETSE_AHBilI/CORETSE_AHBiOooI/CORETSE_AHBl1Oo/CORETSE_AHBiOlo/CORETSE_AHBl1o_fast[15]:CLK
  To:                          CORETSE_AHB_0/CoreTSE_top_inst/CORETSE_AHBilI/CORETSE_AHBOlooI.CORETSE_AHBO0ooI/CORETSE_AHBO1li/CORETSE_AHBIIIi[12]:D
  Delay (ns):                  4.613                                                                           
  Slack (ns):                  -7.702                                                                          
  Arrival (ns):                20.153                                                                          
  Required (ns):               12.451                                                                          

Path 11
  From:                        CORETSE_AHB_0/CoreTSE_top_inst/CORETSE_AHBilI/CORETSE_AHBiOooI/CORETSE_AHBl1Oo/CORETSE_AHBiOlo/CORETSE_AHBl1o[0]:CLK
  To:                          CORETSE_AHB_0/CoreTSE_top_inst/CORETSE_AHBilI/CORETSE_AHBOlooI.CORETSE_AHBO0ooI/CORETSE_AHBO1li/CORETSE_AHBIIIi[11]:D
  Delay (ns):                  4.621                                                                           
  Slack (ns):                  -7.693                                                                          
  Arrival (ns):                20.153                                                                          
  Required (ns):               12.460                                                                          

Path 12
  From:                        CORETSE_AHB_0/CoreTSE_top_inst/CORETSE_AHBilI/CORETSE_AHBiOooI/CORETSE_AHBl1Oo/CORETSE_AHBiOlo/CORETSE_AHBl1o_fast[15]:CLK
  To:                          CORETSE_AHB_0/CoreTSE_top_inst/CORETSE_AHBilI/CORETSE_AHBOlooI.CORETSE_AHBO0ooI/CORETSE_AHBO1li/CORETSE_AHBIIIi[11]:D
  Delay (ns):                  4.612                                                                           
  Slack (ns):                  -7.692                                                                          
  Arrival (ns):                20.152                                                                          
  Required (ns):               12.460                                                                          

Path 13
  From:                        CORETSE_AHB_0/CoreTSE_top_inst/CORETSE_AHBilI/CORETSE_AHBoOooI/CORETSE_AHBO1II/CORETSE_AHBllOI[18]:CLK
  To:                          CoreTSE_Webserver_MSS_0/MSS_ADLIB_INST/INST_MSS_075_IP:F_HM0_RDATA[18]
  Delay (ns):                  3.918                                                                           
  Slack (ns):                  -7.686                                                                          
  Arrival (ns):                19.489                                                                          
  Required (ns):               11.803                                                                          

Path 14
  From:                        CORETSE_AHB_0/CoreTSE_top_inst/CORETSE_AHBilI/CORETSE_AHBiOooI/CORETSE_AHBl1Oo/CORETSE_AHBIOlo/CORETSE_AHBlOo1[6]:CLK
  To:                          CORETSE_AHB_0/CoreTSE_top_inst/CORETSE_AHBilI/CORETSE_AHBOlooI.CORETSE_AHBO0ooI/CORETSE_AHBO1li/CORETSE_AHBIIIi[12]:D
  Delay (ns):                  4.557                                                                           
  Slack (ns):                  -7.638                                                                          
  Arrival (ns):                20.089                                                                          
  Required (ns):               12.451                                                                          

Path 15
  From:                        CORETSE_AHB_0/CoreTSE_top_inst/CORETSE_AHBilI/CORETSE_AHBiOooI/CORETSE_AHBl1Oo/CORETSE_AHBIOlo/CORETSE_AHBlOo1[6]:CLK
  To:                          CORETSE_AHB_0/CoreTSE_top_inst/CORETSE_AHBilI/CORETSE_AHBOlooI.CORETSE_AHBO0ooI/CORETSE_AHBO1li/CORETSE_AHBIIIi[11]:D
  Delay (ns):                  4.556                                                                           
  Slack (ns):                  -7.628                                                                          
  Arrival (ns):                20.088                                                                          
  Required (ns):               12.460                                                                          

Path 16
  From:                        CORETSE_AHB_0/CoreTSE_top_inst/CORETSE_AHBilI/CORETSE_AHBiOooI/CORETSE_AHBl1Oo/CORETSE_AHBiOlo/CORETSE_AHBl1o[3]:CLK
  To:                          CORETSE_AHB_0/CoreTSE_top_inst/CORETSE_AHBilI/CORETSE_AHBOlooI.CORETSE_AHBO0ooI/CORETSE_AHBO1li/CORETSE_AHBIIIi[12]:D
  Delay (ns):                  4.537                                                                           
  Slack (ns):                  -7.621                                                                          
  Arrival (ns):                20.072                                                                          
  Required (ns):               12.451                                                                          

Path 17
  From:                        CORETSE_AHB_0/CoreTSE_top_inst/CORETSE_AHBilI/CORETSE_AHBiOooI/CORETSE_AHBl1Oo/CORETSE_AHBiOlo/CORETSE_AHBl1o[3]:CLK
  To:                          CORETSE_AHB_0/CoreTSE_top_inst/CORETSE_AHBilI/CORETSE_AHBOlooI.CORETSE_AHBO0ooI/CORETSE_AHBO1li/CORETSE_AHBIIIi[11]:D
  Delay (ns):                  4.536                                                                           
  Slack (ns):                  -7.611                                                                          
  Arrival (ns):                20.071                                                                          
  Required (ns):               12.460                                                                          

Path 18
  From:                        CORETSE_AHB_0/CoreTSE_top_inst/CORETSE_AHBilI/CORETSE_AHBiOooI/CORETSE_AHBl1Oo/CORETSE_AHBiOlo/CORETSE_AHBl1o_fast[10]:CLK
  To:                          CORETSE_AHB_0/CoreTSE_top_inst/CORETSE_AHBilI/CORETSE_AHBOlooI.CORETSE_AHBO0ooI/CORETSE_AHBO1li/CORETSE_AHBIIIi[12]:D
  Delay (ns):                  4.514                                                                           
  Slack (ns):                  -7.606                                                                          
  Arrival (ns):                20.057                                                                          
  Required (ns):               12.451                                                                          

Path 19
  From:                        CORETSE_AHB_0/CoreTSE_top_inst/CORETSE_AHBilI/CORETSE_AHBiOooI/CORETSE_AHBl1Oo/CORETSE_AHBiOlo/CORETSE_AHBl1o[4]:CLK
  To:                          CORETSE_AHB_0/CoreTSE_top_inst/CORETSE_AHBilI/CORETSE_AHBOlooI.CORETSE_AHBO0ooI/CORETSE_AHBO1li/CORETSE_AHBIIIi[12]:D
  Delay (ns):                  4.523                                                                           
  Slack (ns):                  -7.604                                                                          
  Arrival (ns):                20.055                                                                          
  Required (ns):               12.451                                                                          

Path 20
  From:                        CORETSE_AHB_0/CoreTSE_top_inst/CORETSE_AHBilI/CORETSE_AHBiOooI/CORETSE_AHBl1Oo/CORETSE_AHBiOlo/CORETSE_AHBl1o_fast[10]:CLK
  To:                          CORETSE_AHB_0/CoreTSE_top_inst/CORETSE_AHBilI/CORETSE_AHBOlooI.CORETSE_AHBO0ooI/CORETSE_AHBO1li/CORETSE_AHBIIIi[11]:D
  Delay (ns):                  4.513                                                                           
  Slack (ns):                  -7.596                                                                          
  Arrival (ns):                20.056                                                                          
  Required (ns):               12.460                                                                          

Path 21
  From:                        CORETSE_AHB_0/CoreTSE_top_inst/CORETSE_AHBilI/CORETSE_AHBiOooI/CORETSE_AHBl1Oo/CORETSE_AHBiOlo/CORETSE_AHBl1o[4]:CLK
  To:                          CORETSE_AHB_0/CoreTSE_top_inst/CORETSE_AHBilI/CORETSE_AHBOlooI.CORETSE_AHBO0ooI/CORETSE_AHBO1li/CORETSE_AHBIIIi[11]:D
  Delay (ns):                  4.522                                                                           
  Slack (ns):                  -7.594                                                                          
  Arrival (ns):                20.054                                                                          
  Required (ns):               12.460                                                                          

Path 22
  From:                        CORETSE_AHB_0/CoreTSE_top_inst/CORETSE_AHBilI/CORETSE_AHBiOooI/CORETSE_AHBl1Oo/CORETSE_AHBiOlo/CORETSE_AHBl1o_fast[5]:CLK
  To:                          CORETSE_AHB_0/CoreTSE_top_inst/CORETSE_AHBilI/CORETSE_AHBOlooI.CORETSE_AHBO0ooI/CORETSE_AHBO1li/CORETSE_AHBIIIi[12]:D
  Delay (ns):                  4.495                                                                           
  Slack (ns):                  -7.577                                                                          
  Arrival (ns):                20.028                                                                          
  Required (ns):               12.451                                                                          

Path 23
  From:                        CORETSE_AHB_0/CoreTSE_top_inst/CORETSE_AHBilI/CORETSE_AHBiOooI/CORETSE_AHBl1Oo/CORETSE_AHBiOlo/CORETSE_AHBl1o_fast[5]:CLK
  To:                          CORETSE_AHB_0/CoreTSE_top_inst/CORETSE_AHBilI/CORETSE_AHBOlooI.CORETSE_AHBO0ooI/CORETSE_AHBO1li/CORETSE_AHBIIIi[11]:D
  Delay (ns):                  4.494                                                                           
  Slack (ns):                  -7.567                                                                          
  Arrival (ns):                20.027                                                                          
  Required (ns):               12.460                                                                          

Path 24
  From:                        CORETSE_AHB_0/CoreTSE_top_inst/CORETSE_AHBilI/CORETSE_AHBiOooI/CORETSE_AHBl1Oo/CORETSE_AHBiOlo/CORETSE_AHBl1o[1]:CLK
  To:                          CORETSE_AHB_0/CoreTSE_top_inst/CORETSE_AHBilI/CORETSE_AHBOlooI.CORETSE_AHBO0ooI/CORETSE_AHBO1li/CORETSE_AHBIIIi[41]:D
  Delay (ns):                  4.494                                                                           
  Slack (ns):                  -7.560                                                                          
  Arrival (ns):                20.020                                                                          
  Required (ns):               12.460                                                                          

Path 25
  From:                        CORETSE_AHB_0/CoreTSE_top_inst/CORETSE_AHBilI/CORETSE_AHBiOooI/CORETSE_AHBl1Oo/CORETSE_AHBiOlo/CORETSE_AHBl1o[1]:CLK
  To:                          CORETSE_AHB_0/CoreTSE_top_inst/CORETSE_AHBilI/CORETSE_AHBOlooI.CORETSE_AHBO0ooI/CORETSE_AHBO1li/CORETSE_AHBIIIi[38]:D
  Delay (ns):                  4.492                                                                           
  Slack (ns):                  -7.557                                                                          
  Arrival (ns):                20.018                                                                          
  Required (ns):               12.461                                                                          

Path 26
  From:                        CORETSE_AHB_0/CoreTSE_top_inst/CORETSE_AHBilI/CORETSE_AHBiOooI/CORETSE_AHBl1Oo/CORETSE_AHBiOlo/CORETSE_AHBl1o_fast[1]:CLK
  To:                          CORETSE_AHB_0/CoreTSE_top_inst/CORETSE_AHBilI/CORETSE_AHBOlooI.CORETSE_AHBO0ooI/CORETSE_AHBO1li/CORETSE_AHBIIIi[12]:D
  Delay (ns):                  4.456                                                                           
  Slack (ns):                  -7.540                                                                          
  Arrival (ns):                19.991                                                                          
  Required (ns):               12.451                                                                          

Path 27
  From:                        CORETSE_AHB_0/CoreTSE_top_inst/CORETSE_AHBilI/CORETSE_AHBiOooI/CORETSE_AHBl1Oo/CORETSE_AHBiOlo/CORETSE_AHBl1o_fast[1]:CLK
  To:                          CORETSE_AHB_0/CoreTSE_top_inst/CORETSE_AHBilI/CORETSE_AHBOlooI.CORETSE_AHBO0ooI/CORETSE_AHBO1li/CORETSE_AHBIIIi[11]:D
  Delay (ns):                  4.455                                                                           
  Slack (ns):                  -7.530                                                                          
  Arrival (ns):                19.990                                                                          
  Required (ns):               12.460                                                                          

Path 28
  From:                        CORETSE_AHB_0/CoreTSE_top_inst/CORETSE_AHBilI/CORETSE_AHBiOooI/CORETSE_AHBl1Oo/CORETSE_AHBIOlo/CORETSE_AHBlOo1[4]:CLK
  To:                          CORETSE_AHB_0/CoreTSE_top_inst/CORETSE_AHBilI/CORETSE_AHBOlooI.CORETSE_AHBO0ooI/CORETSE_AHBO1li/CORETSE_AHBIIIi[12]:D
  Delay (ns):                  4.441                                                                           
  Slack (ns):                  -7.526                                                                          
  Arrival (ns):                19.977                                                                          
  Required (ns):               12.451                                                                          

Path 29
  From:                        CORETSE_AHB_0/CoreTSE_top_inst/CORETSE_AHBilI/CORETSE_AHBiOooI/CORETSE_AHBl1Oo/CORETSE_AHBiOlo/CORETSE_AHBl1o[0]:CLK
  To:                          CORETSE_AHB_0/CoreTSE_top_inst/CORETSE_AHBilI/CORETSE_AHBOlooI.CORETSE_AHBO0ooI/CORETSE_AHBO1li/CORETSE_AHBIIIi[41]:D
  Delay (ns):                  4.450                                                                           
  Slack (ns):                  -7.522                                                                          
  Arrival (ns):                19.982                                                                          
  Required (ns):               12.460                                                                          

Path 30
  From:                        CORETSE_AHB_0/CoreTSE_top_inst/CORETSE_AHBilI/CORETSE_AHBiOooI/CORETSE_AHBl1Oo/CORETSE_AHBiOlo/CORETSE_AHBl1o[0]:CLK
  To:                          CORETSE_AHB_0/CoreTSE_top_inst/CORETSE_AHBilI/CORETSE_AHBOlooI.CORETSE_AHBO0ooI/CORETSE_AHBO1li/CORETSE_AHBIIIi[38]:D
  Delay (ns):                  4.448                                                                           
  Slack (ns):                  -7.519                                                                          
  Arrival (ns):                19.980                                                                          
  Required (ns):               12.461                                                                          

Path 31
  From:                        CORETSE_AHB_0/CoreTSE_top_inst/CORETSE_AHBilI/CORETSE_AHBiOooI/CORETSE_AHBl1Oo/CORETSE_AHBIOlo/CORETSE_AHBlOo1[4]:CLK
  To:                          CORETSE_AHB_0/CoreTSE_top_inst/CORETSE_AHBilI/CORETSE_AHBOlooI.CORETSE_AHBO0ooI/CORETSE_AHBO1li/CORETSE_AHBIIIi[11]:D
  Delay (ns):                  4.440                                                                           
  Slack (ns):                  -7.516                                                                          
  Arrival (ns):                19.976                                                                          
  Required (ns):               12.460                                                                          

Path 32
  From:                        CORETSE_AHB_0/CoreTSE_top_inst/CORETSE_AHBilI/CORETSE_AHBiOooI/CORETSE_AHBl1Oo/CORETSE_AHBIOlo/CORETSE_AHBlOo1[14]:CLK
  To:                          CORETSE_AHB_0/CoreTSE_top_inst/CORETSE_AHBilI/CORETSE_AHBOlooI.CORETSE_AHBO0ooI/CORETSE_AHBO1li/CORETSE_AHBIIIi[12]:D
  Delay (ns):                  4.406                                                                           
  Slack (ns):                  -7.497                                                                          
  Arrival (ns):                19.948                                                                          
  Required (ns):               12.451                                                                          

Path 33
  From:                        CORETSE_AHB_0/CoreTSE_top_inst/CORETSE_AHBilI/CORETSE_AHBoOooI/CORETSE_AHBO1II/CORETSE_AHBllOI[34]:CLK
  To:                          CoreTSE_Webserver_MSS_0/MSS_ADLIB_INST/INST_MSS_075_IP:F_HM0_RDATA[18]
  Delay (ns):                  3.738                                                                           
  Slack (ns):                  -7.496                                                                          
  Arrival (ns):                19.299                                                                          
  Required (ns):               11.803                                                                          

Path 34
  From:                        CORETSE_AHB_0/CoreTSE_top_inst/CORETSE_AHBilI/CORETSE_AHBiOooI/CORETSE_AHBl1Oo/CORETSE_AHBIOlo/CORETSE_AHBlOo1[15]:CLK
  To:                          CORETSE_AHB_0/CoreTSE_top_inst/CORETSE_AHBilI/CORETSE_AHBOlooI.CORETSE_AHBO0ooI/CORETSE_AHBO1li/CORETSE_AHBIIIi[12]:D
  Delay (ns):                  4.392                                                                           
  Slack (ns):                  -7.490                                                                          
  Arrival (ns):                19.941                                                                          
  Required (ns):               12.451                                                                          

Path 35
  From:                        CORETSE_AHB_0/CoreTSE_top_inst/CORETSE_AHBilI/CORETSE_AHBiOooI/CORETSE_AHBl1Oo/CORETSE_AHBIOlo/CORETSE_AHBlOo1[14]:CLK
  To:                          CORETSE_AHB_0/CoreTSE_top_inst/CORETSE_AHBilI/CORETSE_AHBOlooI.CORETSE_AHBO0ooI/CORETSE_AHBO1li/CORETSE_AHBIIIi[11]:D
  Delay (ns):                  4.405                                                                           
  Slack (ns):                  -7.487                                                                          
  Arrival (ns):                19.947                                                                          
  Required (ns):               12.460                                                                          

Path 36
  From:                        CORETSE_AHB_0/CoreTSE_top_inst/CORETSE_AHBilI/CORETSE_AHBiOooI/CORETSE_AHBl1Oo/CORETSE_AHBIOlo/CORETSE_AHBlOo1[15]:CLK
  To:                          CORETSE_AHB_0/CoreTSE_top_inst/CORETSE_AHBilI/CORETSE_AHBOlooI.CORETSE_AHBO0ooI/CORETSE_AHBO1li/CORETSE_AHBIIIi[11]:D
  Delay (ns):                  4.391                                                                           
  Slack (ns):                  -7.480                                                                          
  Arrival (ns):                19.940                                                                          
  Required (ns):               12.460                                                                          

Path 37
  From:                        CORETSE_AHB_0/CoreTSE_top_inst/CORETSE_AHBilI/CORETSE_AHBiOooI/CORETSE_AHBl1Oo/CORETSE_AHBIOlo/CORETSE_AHBlOo1[7]:CLK
  To:                          CORETSE_AHB_0/CoreTSE_top_inst/CORETSE_AHBilI/CORETSE_AHBOlooI.CORETSE_AHBO0ooI/CORETSE_AHBO1li/CORETSE_AHBIIIi[12]:D
  Delay (ns):                  4.387                                                                           
  Slack (ns):                  -7.457                                                                          
  Arrival (ns):                19.908                                                                          
  Required (ns):               12.451                                                                          

Path 38
  From:                        CORETSE_AHB_0/CoreTSE_top_inst/CORETSE_AHBilI/CORETSE_AHBoOooI/CORETSE_AHBl1II/CORETSE_AHBOI1I[5]:CLK
  To:                          CoreTSE_Webserver_MSS_0/MSS_ADLIB_INST/INST_MSS_075_IP:F_HM0_RDATA[3]
  Delay (ns):                  4.023                                                                           
  Slack (ns):                  -7.450                                                                          
  Arrival (ns):                19.580                                                                          
  Required (ns):               12.130                                                                          

Path 39
  From:                        CORETSE_AHB_0/CoreTSE_top_inst/CORETSE_AHBilI/CORETSE_AHBiOooI/CORETSE_AHBl1Oo/CORETSE_AHBIOlo/CORETSE_AHBlOo1[7]:CLK
  To:                          CORETSE_AHB_0/CoreTSE_top_inst/CORETSE_AHBilI/CORETSE_AHBOlooI.CORETSE_AHBO0ooI/CORETSE_AHBO1li/CORETSE_AHBIIIi[11]:D
  Delay (ns):                  4.386                                                                           
  Slack (ns):                  -7.447                                                                          
  Arrival (ns):                19.907                                                                          
  Required (ns):               12.460                                                                          

Path 40
  From:                        CORETSE_AHB_0/CoreTSE_top_inst/CORETSE_AHBilI/CORETSE_AHBiOooI/CORETSE_AHBl1Oo/CORETSE_AHBiOlo/CORETSE_AHBl1o_fast[2]:CLK
  To:                          CORETSE_AHB_0/CoreTSE_top_inst/CORETSE_AHBilI/CORETSE_AHBOlooI.CORETSE_AHBO0ooI/CORETSE_AHBO1li/CORETSE_AHBIIIi[12]:D
  Delay (ns):                  4.355                                                                           
  Slack (ns):                  -7.446                                                                          
  Arrival (ns):                19.897                                                                          
  Required (ns):               12.451                                                                          

Path 41
  From:                        CORETSE_AHB_0/CoreTSE_top_inst/CORETSE_AHBilI/CORETSE_AHBiOooI/CORETSE_AHBl1Oo/CORETSE_AHBiOlo/CORETSE_AHBl1o_fast[2]:CLK
  To:                          CORETSE_AHB_0/CoreTSE_top_inst/CORETSE_AHBilI/CORETSE_AHBOlooI.CORETSE_AHBO0ooI/CORETSE_AHBO1li/CORETSE_AHBIIIi[11]:D
  Delay (ns):                  4.354                                                                           
  Slack (ns):                  -7.436                                                                          
  Arrival (ns):                19.896                                                                          
  Required (ns):               12.460                                                                          

Path 42
  From:                        CORETSE_AHB_0/CoreTSE_top_inst/CORETSE_AHBilI/CORETSE_AHBiOooI/CORETSE_AHBl1Oo/CORETSE_AHBIOlo/CORETSE_AHBlOo1[0]:CLK
  To:                          CORETSE_AHB_0/CoreTSE_top_inst/CORETSE_AHBilI/CORETSE_AHBOlooI.CORETSE_AHBO0ooI/CORETSE_AHBO1li/CORETSE_AHBIIIi[12]:D
  Delay (ns):                  4.344                                                                           
  Slack (ns):                  -7.435                                                                          
  Arrival (ns):                19.886                                                                          
  Required (ns):               12.451                                                                          

Path 43
  From:                        CORETSE_AHB_0/CoreTSE_top_inst/CORETSE_AHBilI/CORETSE_AHBiOooI/CORETSE_AHBl1Oo/CORETSE_AHBiOlo/CORETSE_AHBl1o_fast[14]:CLK
  To:                          CORETSE_AHB_0/CoreTSE_top_inst/CORETSE_AHBilI/CORETSE_AHBOlooI.CORETSE_AHBO0ooI/CORETSE_AHBO1li/CORETSE_AHBIIIi[12]:D
  Delay (ns):                  4.335                                                                           
  Slack (ns):                  -7.427                                                                          
  Arrival (ns):                19.878                                                                          
  Required (ns):               12.451                                                                          

Path 44
  From:                        CORETSE_AHB_0/CoreTSE_top_inst/CORETSE_AHBilI/CORETSE_AHBiOooI/CORETSE_AHBl1Oo/CORETSE_AHBIOlo/CORETSE_AHBlOo1[0]:CLK
  To:                          CORETSE_AHB_0/CoreTSE_top_inst/CORETSE_AHBilI/CORETSE_AHBOlooI.CORETSE_AHBO0ooI/CORETSE_AHBO1li/CORETSE_AHBIIIi[11]:D
  Delay (ns):                  4.343                                                                           
  Slack (ns):                  -7.425                                                                          
  Arrival (ns):                19.885                                                                          
  Required (ns):               12.460                                                                          

Path 45
  From:                        CORETSE_AHB_0/CoreTSE_top_inst/CORETSE_AHBilI/CORETSE_AHBiOooI/CORETSE_AHBl1Oo/CORETSE_AHBiOlo/CORETSE_AHBl1o_fast[0]:CLK
  To:                          CORETSE_AHB_0/CoreTSE_top_inst/CORETSE_AHBilI/CORETSE_AHBOlooI.CORETSE_AHBO0ooI/CORETSE_AHBO1li/CORETSE_AHBIIIi[12]:D
  Delay (ns):                  4.332                                                                           
  Slack (ns):                  -7.422                                                                          
  Arrival (ns):                19.873                                                                          
  Required (ns):               12.451                                                                          

Path 46
  From:                        CORETSE_AHB_0/CoreTSE_top_inst/CORETSE_AHBilI/CORETSE_AHBiOooI/CORETSE_AHBl1Oo/CORETSE_AHBiOlo/CORETSE_AHBl1o_fast[14]:CLK
  To:                          CORETSE_AHB_0/CoreTSE_top_inst/CORETSE_AHBilI/CORETSE_AHBOlooI.CORETSE_AHBO0ooI/CORETSE_AHBO1li/CORETSE_AHBIIIi[11]:D
  Delay (ns):                  4.334                                                                           
  Slack (ns):                  -7.417                                                                          
  Arrival (ns):                19.877                                                                          
  Required (ns):               12.460                                                                          

Path 47
  From:                        CORETSE_AHB_0/CoreTSE_top_inst/CORETSE_AHBilI/CORETSE_AHBiOooI/CORETSE_AHBl1Oo/CORETSE_AHBiOlo/CORETSE_AHBl1o_fast[0]:CLK
  To:                          CORETSE_AHB_0/CoreTSE_top_inst/CORETSE_AHBilI/CORETSE_AHBOlooI.CORETSE_AHBO0ooI/CORETSE_AHBO1li/CORETSE_AHBIIIi[11]:D
  Delay (ns):                  4.331                                                                           
  Slack (ns):                  -7.412                                                                          
  Arrival (ns):                19.872                                                                          
  Required (ns):               12.460                                                                          

Path 48
  From:                        CORETSE_AHB_0/CoreTSE_top_inst/CORETSE_AHBilI/CORETSE_AHBoOooI/CORETSE_AHBO1II/CORETSE_AHBllOI[25]:CLK
  To:                          CoreTSE_Webserver_MSS_0/MSS_ADLIB_INST/INST_MSS_075_IP:F_HM0_RDATA[25]
  Delay (ns):                  3.876                                                                           
  Slack (ns):                  -7.411                                                                          
  Arrival (ns):                19.403                                                                          
  Required (ns):               11.992                                                                          

Path 49
  From:                        CORETSE_AHB_0/CoreTSE_top_inst/CORETSE_AHBilI/CORETSE_AHBiOooI/CORETSE_AHBl1Oo/CORETSE_AHBiOlo/CORETSE_AHBl1o_fast[0]:CLK
  To:                          CORETSE_AHB_0/CoreTSE_top_inst/CORETSE_AHBilI/CORETSE_AHBOlooI.CORETSE_AHBO0ooI/CORETSE_AHBO1li/CORETSE_AHBIIIi[6]:D
  Delay (ns):                  4.327                                                                           
  Slack (ns):                  -7.408                                                                          
  Arrival (ns):                19.868                                                                          
  Required (ns):               12.460                                                                          

Path 50
  From:                        CORETSE_AHB_0/CoreTSE_top_inst/CORETSE_AHBilI/CORETSE_AHBoOooI/CORETSE_AHBo1II/CORETSE_AHBl0Ol:CLK
  To:                          CoreTSE_Webserver_MSS_0/MSS_ADLIB_INST/INST_MSS_075_IP:F_HM0_RDATA[16]
  Delay (ns):                  3.901                                                                           
  Slack (ns):                  -7.399                                                                          
  Arrival (ns):                19.440                                                                          
  Required (ns):               12.041                                                                          

Path 51
  From:                        CORETSE_AHB_0/CoreTSE_top_inst/CORETSE_AHBilI/CORETSE_AHBiOooI/CORETSE_AHBl1Oo/CORETSE_AHBIOlo/CORETSE_AHBlOo1[2]:CLK
  To:                          CORETSE_AHB_0/CoreTSE_top_inst/CORETSE_AHBilI/CORETSE_AHBOlooI.CORETSE_AHBO0ooI/CORETSE_AHBO1li/CORETSE_AHBIIIi[12]:D
  Delay (ns):                  4.298                                                                           
  Slack (ns):                  -7.388                                                                          
  Arrival (ns):                19.839                                                                          
  Required (ns):               12.451                                                                          

Path 52
  From:                        CORETSE_AHB_0/CoreTSE_top_inst/CORETSE_AHBilI/CORETSE_AHBoOooI/CORETSE_AHBo1II/CORETSE_AHBiOOl[0]:CLK
  To:                          CoreTSE_Webserver_MSS_0/MSS_ADLIB_INST/INST_MSS_075_IP:F_HM0_RDATA[16]
  Delay (ns):                  3.853                                                                           
  Slack (ns):                  -7.387                                                                          
  Arrival (ns):                19.428                                                                          
  Required (ns):               12.041                                                                          

Path 53
  From:                        CORETSE_AHB_0/CoreTSE_top_inst/CORETSE_AHBilI/CORETSE_AHBiOooI/CORETSE_AHBl1Oo/CORETSE_AHBIOlo/CORETSE_AHBlOo1[2]:CLK
  To:                          CORETSE_AHB_0/CoreTSE_top_inst/CORETSE_AHBilI/CORETSE_AHBOlooI.CORETSE_AHBO0ooI/CORETSE_AHBO1li/CORETSE_AHBIIIi[11]:D
  Delay (ns):                  4.297                                                                           
  Slack (ns):                  -7.378                                                                          
  Arrival (ns):                19.838                                                                          
  Required (ns):               12.460                                                                          

Path 54
  From:                        CORETSE_AHB_0/CoreTSE_top_inst/CORETSE_AHBilI/CORETSE_AHBiOooI/CORETSE_AHBl1Oo/CORETSE_AHBiOlo/CORETSE_AHBl1o_fast[3]:CLK
  To:                          CORETSE_AHB_0/CoreTSE_top_inst/CORETSE_AHBilI/CORETSE_AHBOlooI.CORETSE_AHBO0ooI/CORETSE_AHBO1li/CORETSE_AHBIIIi[12]:D
  Delay (ns):                  4.282                                                                           
  Slack (ns):                  -7.363                                                                          
  Arrival (ns):                19.814                                                                          
  Required (ns):               12.451                                                                          

Path 55
  From:                        CORETSE_AHB_0/CoreTSE_top_inst/CORETSE_AHBilI/CORETSE_AHBiOooI/CORETSE_AHBl1Oo/CORETSE_AHBIOlo/CORETSE_AHBlOo1[6]:CLK
  To:                          CORETSE_AHB_0/CoreTSE_top_inst/CORETSE_AHBilI/CORETSE_AHBOlooI.CORETSE_AHBO0ooI/CORETSE_AHBO1li/CORETSE_AHBIIIi[10]:D
  Delay (ns):                  4.274                                                                           
  Slack (ns):                  -7.354                                                                          
  Arrival (ns):                19.806                                                                          
  Required (ns):               12.452                                                                          

Path 56
  From:                        CORETSE_AHB_0/CoreTSE_top_inst/CORETSE_AHBilI/CORETSE_AHBiOooI/CORETSE_AHBl1Oo/CORETSE_AHBiOlo/CORETSE_AHBl1o_fast[3]:CLK
  To:                          CORETSE_AHB_0/CoreTSE_top_inst/CORETSE_AHBilI/CORETSE_AHBOlooI.CORETSE_AHBO0ooI/CORETSE_AHBO1li/CORETSE_AHBIIIi[11]:D
  Delay (ns):                  4.281                                                                           
  Slack (ns):                  -7.353                                                                          
  Arrival (ns):                19.813                                                                          
  Required (ns):               12.460                                                                          

Path 57
  From:                        CORETSE_AHB_0/CoreTSE_top_inst/CORETSE_AHBilI/CORETSE_AHBiOooI/CORETSE_AHBl1Oo/CORETSE_AHBiOlo/CORETSE_AHBl1o[6]:CLK
  To:                          CORETSE_AHB_0/CoreTSE_top_inst/CORETSE_AHBilI/CORETSE_AHBOlooI.CORETSE_AHBO0ooI/CORETSE_AHBO1li/CORETSE_AHBIIIi[12]:D
  Delay (ns):                  4.272                                                                           
  Slack (ns):                  -7.345                                                                          
  Arrival (ns):                19.796                                                                          
  Required (ns):               12.451                                                                          

Path 58
  From:                        CORETSE_AHB_0/CoreTSE_top_inst/CORETSE_AHBilI/CORETSE_AHBiOooI/CORETSE_AHBl1Oo/CORETSE_AHBiOlo/CORETSE_AHBl1o[4]:CLK
  To:                          CORETSE_AHB_0/CoreTSE_top_inst/CORETSE_AHBilI/CORETSE_AHBOlooI.CORETSE_AHBO0ooI/CORETSE_AHBO1li/CORETSE_AHBIIIi[6]:D
  Delay (ns):                  4.264                                                                           
  Slack (ns):                  -7.336                                                                          
  Arrival (ns):                19.796                                                                          
  Required (ns):               12.460                                                                          

Path 59
  From:                        CORETSE_AHB_0/CoreTSE_top_inst/CORETSE_AHBilI/CORETSE_AHBiOooI/CORETSE_AHBl1Oo/CORETSE_AHBiOlo/CORETSE_AHBl1o[2]:CLK
  To:                          CORETSE_AHB_0/CoreTSE_top_inst/CORETSE_AHBilI/CORETSE_AHBOlooI.CORETSE_AHBO0ooI/CORETSE_AHBO1li/CORETSE_AHBIIIi[12]:D
  Delay (ns):                  4.243                                                                           
  Slack (ns):                  -7.336                                                                          
  Arrival (ns):                19.787                                                                          
  Required (ns):               12.451                                                                          

Path 60
  From:                        CORETSE_AHB_0/CoreTSE_top_inst/CORETSE_AHBilI/CORETSE_AHBiOooI/CORETSE_AHBl1Oo/CORETSE_AHBiOlo/CORETSE_AHBl1o[6]:CLK
  To:                          CORETSE_AHB_0/CoreTSE_top_inst/CORETSE_AHBilI/CORETSE_AHBOlooI.CORETSE_AHBO0ooI/CORETSE_AHBO1li/CORETSE_AHBIIIi[11]:D
  Delay (ns):                  4.271                                                                           
  Slack (ns):                  -7.335                                                                          
  Arrival (ns):                19.795                                                                          
  Required (ns):               12.460                                                                          

Path 61
  From:                        CORETSE_AHB_0/CoreTSE_top_inst/CORETSE_AHBilI/CORETSE_AHBiOooI/CORETSE_AHBl1Oo/CORETSE_AHBIOlo/CORETSE_AHBlOo1[5]:CLK
  To:                          CORETSE_AHB_0/CoreTSE_top_inst/CORETSE_AHBilI/CORETSE_AHBOlooI.CORETSE_AHBO0ooI/CORETSE_AHBO1li/CORETSE_AHBIIIi[12]:D
  Delay (ns):                  4.251                                                                           
  Slack (ns):                  -7.333                                                                          
  Arrival (ns):                19.784                                                                          
  Required (ns):               12.451                                                                          

Path 62
  From:                        CORETSE_AHB_0/CoreTSE_top_inst/CORETSE_AHBilI/CORETSE_AHBiOooI/CORETSE_AHBl1Oo/CORETSE_AHBiOlo/CORETSE_AHBl1o[2]:CLK
  To:                          CORETSE_AHB_0/CoreTSE_top_inst/CORETSE_AHBilI/CORETSE_AHBOlooI.CORETSE_AHBO0ooI/CORETSE_AHBO1li/CORETSE_AHBIIIi[11]:D
  Delay (ns):                  4.242                                                                           
  Slack (ns):                  -7.326                                                                          
  Arrival (ns):                19.786                                                                          
  Required (ns):               12.460                                                                          

Path 63
  From:                        CORETSE_AHB_0/CoreTSE_top_inst/CORETSE_AHBilI/CORETSE_AHBiOooI/CORETSE_AHBl1Oo/CORETSE_AHBIOlo/CORETSE_AHBlOo1[5]:CLK
  To:                          CORETSE_AHB_0/CoreTSE_top_inst/CORETSE_AHBilI/CORETSE_AHBOlooI.CORETSE_AHBO0ooI/CORETSE_AHBO1li/CORETSE_AHBIIIi[11]:D
  Delay (ns):                  4.250                                                                           
  Slack (ns):                  -7.323                                                                          
  Arrival (ns):                19.783                                                                          
  Required (ns):               12.460                                                                          

Path 64
  From:                        CORETSE_AHB_0/CoreTSE_top_inst/CORETSE_AHBilI/CORETSE_AHBiOooI/CORETSE_AHBl1Oo/CORETSE_AHBiOlo/CORETSE_AHBl1o[8]:CLK
  To:                          CORETSE_AHB_0/CoreTSE_top_inst/CORETSE_AHBilI/CORETSE_AHBOlooI.CORETSE_AHBO0ooI/CORETSE_AHBO1li/CORETSE_AHBIIIi[6]:D
  Delay (ns):                  4.256                                                                           
  Slack (ns):                  -7.318                                                                          
  Arrival (ns):                19.778                                                                          
  Required (ns):               12.460                                                                          

Path 65
  From:                        CORETSE_AHB_0/CoreTSE_top_inst/CORETSE_AHBilI/CORETSE_AHBiOooI/CORETSE_AHBl1Oo/CORETSE_AHBIOlo/CORETSE_AHBlOo1[4]:CLK
  To:                          CORETSE_AHB_0/CoreTSE_top_inst/CORETSE_AHBilI/CORETSE_AHBOlooI.CORETSE_AHBO0ooI/CORETSE_AHBO1li/CORETSE_AHBIIIi[41]:D
  Delay (ns):                  4.237                                                                           
  Slack (ns):                  -7.313                                                                          
  Arrival (ns):                19.773                                                                          
  Required (ns):               12.460                                                                          

Path 66
  From:                        CORETSE_AHB_0/CoreTSE_top_inst/CORETSE_AHBilI/CORETSE_AHBiOooI/CORETSE_AHBl1Oo/CORETSE_AHBIOlo/CORETSE_AHBlOo1[4]:CLK
  To:                          CORETSE_AHB_0/CoreTSE_top_inst/CORETSE_AHBilI/CORETSE_AHBOlooI.CORETSE_AHBO0ooI/CORETSE_AHBO1li/CORETSE_AHBIIIi[38]:D
  Delay (ns):                  4.235                                                                           
  Slack (ns):                  -7.310                                                                          
  Arrival (ns):                19.771                                                                          
  Required (ns):               12.461                                                                          

Path 67
  From:                        CORETSE_AHB_0/CoreTSE_top_inst/CORETSE_AHBilI/CORETSE_AHBiOooI/CORETSE_AHBl1Oo/CORETSE_AHBIOlo/CORETSE_AHBlOo1[7]:CLK
  To:                          CORETSE_AHB_0/CoreTSE_top_inst/CORETSE_AHBilI/CORETSE_AHBOlooI.CORETSE_AHBO0ooI/CORETSE_AHBO1li/CORETSE_AHBIIIi[6]:D
  Delay (ns):                  4.247                                                                           
  Slack (ns):                  -7.308                                                                          
  Arrival (ns):                19.768                                                                          
  Required (ns):               12.460                                                                          

Path 68
  From:                        CORETSE_AHB_0/CoreTSE_top_inst/CORETSE_AHBilI/CORETSE_AHBiOooI/CORETSE_AHBl1Oo/CORETSE_AHBiOlo/CORETSE_AHBl1o_fast[5]:CLK
  To:                          CORETSE_AHB_0/CoreTSE_top_inst/CORETSE_AHBilI/CORETSE_AHBOlooI.CORETSE_AHBO0ooI/CORETSE_AHBO1li/CORETSE_AHBIIIi[10]:D
  Delay (ns):                  4.212                                                                           
  Slack (ns):                  -7.293                                                                          
  Arrival (ns):                19.745                                                                          
  Required (ns):               12.452                                                                          

Path 69
  From:                        CORETSE_AHB_0/CoreTSE_top_inst/CORETSE_AHBilI/CORETSE_AHBiOooI/CORETSE_AHBl1Oo/CORETSE_AHBiOlo/CORETSE_AHBl1o[7]:CLK
  To:                          CORETSE_AHB_0/CoreTSE_top_inst/CORETSE_AHBilI/CORETSE_AHBOlooI.CORETSE_AHBO0ooI/CORETSE_AHBO1li/CORETSE_AHBIIIi[12]:D
  Delay (ns):                  4.216                                                                           
  Slack (ns):                  -7.293                                                                          
  Arrival (ns):                19.744                                                                          
  Required (ns):               12.451                                                                          

Path 70
  From:                        CORETSE_AHB_0/CoreTSE_top_inst/CORETSE_AHBilI/CORETSE_AHBiOooI/CORETSE_AHBl1Oo/CORETSE_AHBIOlo/CORETSE_AHBlOo1[4]:CLK
  To:                          CORETSE_AHB_0/CoreTSE_top_inst/CORETSE_AHBilI/CORETSE_AHBOlooI.CORETSE_AHBO0ooI/CORETSE_AHBO1li/CORETSE_AHBIIIi[6]:D
  Delay (ns):                  4.210                                                                           
  Slack (ns):                  -7.286                                                                          
  Arrival (ns):                19.746                                                                          
  Required (ns):               12.460                                                                          

Path 71
  From:                        CORETSE_AHB_0/CoreTSE_top_inst/CORETSE_AHBilI/CORETSE_AHBiOooI/CORETSE_AHBl1Oo/CORETSE_AHBiOlo/CORETSE_AHBl1o[7]:CLK
  To:                          CORETSE_AHB_0/CoreTSE_top_inst/CORETSE_AHBilI/CORETSE_AHBOlooI.CORETSE_AHBO0ooI/CORETSE_AHBO1li/CORETSE_AHBIIIi[11]:D
  Delay (ns):                  4.215                                                                           
  Slack (ns):                  -7.283                                                                          
  Arrival (ns):                19.743                                                                          
  Required (ns):               12.460                                                                          

Path 72
  From:                        CORETSE_AHB_0/CoreTSE_top_inst/CORETSE_AHBilI/CORETSE_AHBiOooI/CORETSE_AHBl1Oo/CORETSE_AHBIOlo/CORETSE_AHBlOo1[1]:CLK
  To:                          CORETSE_AHB_0/CoreTSE_top_inst/CORETSE_AHBilI/CORETSE_AHBOlooI.CORETSE_AHBO0ooI/CORETSE_AHBO1li/CORETSE_AHBIIIi[12]:D
  Delay (ns):                  4.173                                                                           
  Slack (ns):                  -7.264                                                                          
  Arrival (ns):                19.715                                                                          
  Required (ns):               12.451                                                                          

Path 73
  From:                        CORETSE_AHB_0/CoreTSE_top_inst/CORETSE_AHBilI/CORETSE_AHBoOooI/CORETSE_AHBl1II/CORETSE_AHBOI1I[14]:CLK
  To:                          CoreTSE_Webserver_MSS_0/MSS_ADLIB_INST/INST_MSS_075_IP:F_HM0_RDATA[12]
  Delay (ns):                  3.832                                                                           
  Slack (ns):                  -7.256                                                                          
  Arrival (ns):                19.365                                                                          
  Required (ns):               12.109                                                                          

Path 74
  From:                        CORETSE_AHB_0/CoreTSE_top_inst/CORETSE_AHBilI/CORETSE_AHBiOooI/CORETSE_AHBl1Oo/CORETSE_AHBIOlo/CORETSE_AHBlOo1[1]:CLK
  To:                          CORETSE_AHB_0/CoreTSE_top_inst/CORETSE_AHBilI/CORETSE_AHBOlooI.CORETSE_AHBO0ooI/CORETSE_AHBO1li/CORETSE_AHBIIIi[11]:D
  Delay (ns):                  4.172                                                                           
  Slack (ns):                  -7.254                                                                          
  Arrival (ns):                19.714                                                                          
  Required (ns):               12.460                                                                          

Path 75
  From:                        CORETSE_AHB_0/CoreTSE_top_inst/CORETSE_AHBilI/CORETSE_AHBiOooI/CORETSE_AHBl1Oo/CORETSE_AHBIOlo/CORETSE_AHBlOo1[3]:CLK
  To:                          CORETSE_AHB_0/CoreTSE_top_inst/CORETSE_AHBilI/CORETSE_AHBOlooI.CORETSE_AHBO0ooI/CORETSE_AHBO1li/CORETSE_AHBIIIi[12]:D
  Delay (ns):                  4.169                                                                           
  Slack (ns):                  -7.250                                                                          
  Arrival (ns):                19.701                                                                          
  Required (ns):               12.451                                                                          

Path 76
  From:                        CORETSE_AHB_0/CoreTSE_top_inst/CORETSE_AHBilI/CORETSE_AHBoOooI/CORETSE_AHBl1II/CORETSE_AHBOI1I[4]:CLK
  To:                          CoreTSE_Webserver_MSS_0/MSS_ADLIB_INST/INST_MSS_075_IP:F_HM0_RDATA[2]
  Delay (ns):                  3.482                                                                           
  Slack (ns):                  -7.249                                                                          
  Arrival (ns):                19.037                                                                          
  Required (ns):               11.788                                                                          

Path 77
  From:                        CORETSE_AHB_0/CoreTSE_top_inst/CORETSE_AHBilI/CORETSE_AHBiOooI/CORETSE_AHBl1Oo/CORETSE_AHBIOlo/CORETSE_AHBlOo1[0]:CLK
  To:                          CORETSE_AHB_0/CoreTSE_top_inst/CORETSE_AHBilI/CORETSE_AHBOlooI.CORETSE_AHBO0ooI/CORETSE_AHBO1li/CORETSE_AHBIIIi[6]:D
  Delay (ns):                  4.166                                                                           
  Slack (ns):                  -7.248                                                                          
  Arrival (ns):                19.708                                                                          
  Required (ns):               12.460                                                                          

Path 78
  From:                        CORETSE_AHB_0/CoreTSE_top_inst/CORETSE_AHBilI/CORETSE_AHBoOooI/CORETSE_AHBO1II/CORETSE_AHBllOI[13]:CLK
  To:                          CoreTSE_Webserver_MSS_0/MSS_ADLIB_INST/INST_MSS_075_IP:F_HM0_RDATA[13]
  Delay (ns):                  3.682                                                                           
  Slack (ns):                  -7.247                                                                          
  Arrival (ns):                19.240                                                                          
  Required (ns):               11.993                                                                          

Path 79
  From:                        CORETSE_AHB_0/CoreTSE_top_inst/CORETSE_AHBilI/CORETSE_AHBiOooI/CORETSE_AHBl1Oo/CORETSE_AHBIOlo/CORETSE_AHBlOo1[3]:CLK
  To:                          CORETSE_AHB_0/CoreTSE_top_inst/CORETSE_AHBilI/CORETSE_AHBOlooI.CORETSE_AHBO0ooI/CORETSE_AHBO1li/CORETSE_AHBIIIi[11]:D
  Delay (ns):                  4.168                                                                           
  Slack (ns):                  -7.240                                                                          
  Arrival (ns):                19.700                                                                          
  Required (ns):               12.460                                                                          

Path 80
  From:                        CORETSE_AHB_0/CoreTSE_top_inst/CORETSE_AHBilI/CORETSE_AHBiOooI/CORETSE_AHBl1Oo/CORETSE_AHBIOlo/CORETSE_AHBlOo1[11]:CLK
  To:                          CORETSE_AHB_0/CoreTSE_top_inst/CORETSE_AHBilI/CORETSE_AHBOlooI.CORETSE_AHBO0ooI/CORETSE_AHBO1li/CORETSE_AHBIIIi[12]:D
  Delay (ns):                  4.163                                                                           
  Slack (ns):                  -7.238                                                                          
  Arrival (ns):                19.689                                                                          
  Required (ns):               12.451                                                                          

Path 81
  From:                        CORETSE_AHB_0/CoreTSE_top_inst/CORETSE_AHBilI/CORETSE_AHBiOooI/CORETSE_AHBl1Oo/CORETSE_AHBIOlo/CORETSE_AHBlOo1[10]:CLK
  To:                          CORETSE_AHB_0/CoreTSE_top_inst/CORETSE_AHBilI/CORETSE_AHBOlooI.CORETSE_AHBO0ooI/CORETSE_AHBO1li/CORETSE_AHBIIIi[12]:D
  Delay (ns):                  4.157                                                                           
  Slack (ns):                  -7.237                                                                          
  Arrival (ns):                19.688                                                                          
  Required (ns):               12.451                                                                          

Path 82
  From:                        CORETSE_AHB_0/CoreTSE_top_inst/CORETSE_AHBilI/CORETSE_AHBiOooI/CORETSE_AHBl1Oo/CORETSE_AHBiOlo/CORETSE_AHBl1o_fast[0]:CLK
  To:                          CORETSE_AHB_0/CoreTSE_top_inst/CORETSE_AHBilI/CORETSE_AHBOlooI.CORETSE_AHBO0ooI/CORETSE_AHBO1li/CORETSE_AHBIIIi[41]:D
  Delay (ns):                  4.153                                                                           
  Slack (ns):                  -7.234                                                                          
  Arrival (ns):                19.694                                                                          
  Required (ns):               12.460                                                                          

Path 83
  From:                        CORETSE_AHB_0/CoreTSE_top_inst/CORETSE_AHBilI/CORETSE_AHBiOooI/CORETSE_AHBl1Oo/CORETSE_AHBIOlo/CORETSE_AHBlOo1[0]:CLK
  To:                          CORETSE_AHB_0/CoreTSE_top_inst/CORETSE_AHBilI/CORETSE_AHBOlooI.CORETSE_AHBO0ooI/CORETSE_AHBO1li/CORETSE_AHBIIIi[41]:D
  Delay (ns):                  4.151                                                                           
  Slack (ns):                  -7.233                                                                          
  Arrival (ns):                19.693                                                                          
  Required (ns):               12.460                                                                          

Path 84
  From:                        CORETSE_AHB_0/CoreTSE_top_inst/CORETSE_AHBilI/CORETSE_AHBiOooI/CORETSE_AHBl1Oo/CORETSE_AHBIOlo/CORETSE_AHBlOo1[15]:CLK
  To:                          CORETSE_AHB_0/CoreTSE_top_inst/CORETSE_AHBilI/CORETSE_AHBOlooI.CORETSE_AHBO0ooI/CORETSE_AHBO1li/CORETSE_AHBIIIi[10]:D
  Delay (ns):                  4.135                                                                           
  Slack (ns):                  -7.232                                                                          
  Arrival (ns):                19.684                                                                          
  Required (ns):               12.452                                                                          

Path 85
  From:                        CORETSE_AHB_0/CoreTSE_top_inst/CORETSE_AHBilI/CORETSE_AHBiOooI/CORETSE_AHBl1Oo/CORETSE_AHBiOlo/CORETSE_AHBl1o_fast[0]:CLK
  To:                          CORETSE_AHB_0/CoreTSE_top_inst/CORETSE_AHBilI/CORETSE_AHBOlooI.CORETSE_AHBO0ooI/CORETSE_AHBO1li/CORETSE_AHBIIIi[38]:D
  Delay (ns):                  4.151                                                                           
  Slack (ns):                  -7.231                                                                          
  Arrival (ns):                19.692                                                                          
  Required (ns):               12.461                                                                          

Path 86
  From:                        CORETSE_AHB_0/CoreTSE_top_inst/CORETSE_AHBilI/CORETSE_AHBiOooI/CORETSE_AHBl1Oo/CORETSE_AHBIOlo/CORETSE_AHBlOo1[0]:CLK
  To:                          CORETSE_AHB_0/CoreTSE_top_inst/CORETSE_AHBilI/CORETSE_AHBOlooI.CORETSE_AHBO0ooI/CORETSE_AHBO1li/CORETSE_AHBIIIi[38]:D
  Delay (ns):                  4.149                                                                           
  Slack (ns):                  -7.230                                                                          
  Arrival (ns):                19.691                                                                          
  Required (ns):               12.461                                                                          

Path 87
  From:                        CORETSE_AHB_0/CoreTSE_top_inst/CORETSE_AHBilI/CORETSE_AHBiOooI/CORETSE_AHBl1Oo/CORETSE_AHBIOlo/CORETSE_AHBlOo1[11]:CLK
  To:                          CORETSE_AHB_0/CoreTSE_top_inst/CORETSE_AHBilI/CORETSE_AHBOlooI.CORETSE_AHBO0ooI/CORETSE_AHBO1li/CORETSE_AHBIIIi[11]:D
  Delay (ns):                  4.162                                                                           
  Slack (ns):                  -7.228                                                                          
  Arrival (ns):                19.688                                                                          
  Required (ns):               12.460                                                                          

Path 88
  From:                        CORETSE_AHB_0/CoreTSE_top_inst/CORETSE_AHBilI/CORETSE_AHBiOooI/CORETSE_AHBl1Oo/CORETSE_AHBIOlo/CORETSE_AHBlOo1[10]:CLK
  To:                          CORETSE_AHB_0/CoreTSE_top_inst/CORETSE_AHBilI/CORETSE_AHBOlooI.CORETSE_AHBO0ooI/CORETSE_AHBO1li/CORETSE_AHBIIIi[11]:D
  Delay (ns):                  4.156                                                                           
  Slack (ns):                  -7.227                                                                          
  Arrival (ns):                19.687                                                                          
  Required (ns):               12.460                                                                          

Path 89
  From:                        CORETSE_AHB_0/CoreTSE_top_inst/CORETSE_AHBilI/CORETSE_AHBiOooI/CORETSE_AHBl1Oo/CORETSE_AHBIOlo/CORETSE_AHBlOo1[2]:CLK
  To:                          CORETSE_AHB_0/CoreTSE_top_inst/CORETSE_AHBilI/CORETSE_AHBOlooI.CORETSE_AHBO0ooI/CORETSE_AHBO1li/CORETSE_AHBIIIi[41]:D
  Delay (ns):                  4.143                                                                           
  Slack (ns):                  -7.224                                                                          
  Arrival (ns):                19.684                                                                          
  Required (ns):               12.460                                                                          

Path 90
  From:                        CORETSE_AHB_0/CoreTSE_top_inst/CORETSE_AHBilI/CORETSE_AHBiOooI/CORETSE_AHBl1Oo/CORETSE_AHBIOlo/CORETSE_AHBlOo1[2]:CLK
  To:                          CORETSE_AHB_0/CoreTSE_top_inst/CORETSE_AHBilI/CORETSE_AHBOlooI.CORETSE_AHBO0ooI/CORETSE_AHBO1li/CORETSE_AHBIIIi[38]:D
  Delay (ns):                  4.141                                                                           
  Slack (ns):                  -7.221                                                                          
  Arrival (ns):                19.682                                                                          
  Required (ns):               12.461                                                                          

Path 91
  From:                        CORETSE_AHB_0/CoreTSE_top_inst/CORETSE_AHBilI/CORETSE_AHBiOooI/CORETSE_AHBl1Oo/CORETSE_AHBIOlo/CORETSE_AHBlOo1[9]:CLK
  To:                          CORETSE_AHB_0/CoreTSE_top_inst/CORETSE_AHBilI/CORETSE_AHBOlooI.CORETSE_AHBO0ooI/CORETSE_AHBO1li/CORETSE_AHBIIIi[12]:D
  Delay (ns):                  4.127                                                                           
  Slack (ns):                  -7.220                                                                          
  Arrival (ns):                19.671                                                                          
  Required (ns):               12.451                                                                          

Path 92
  From:                        CORETSE_AHB_0/CoreTSE_top_inst/CORETSE_AHBilI/CORETSE_AHBiOooI/CORETSE_AHBl1Oo/CORETSE_AHBiOlo/CORETSE_AHBl1o_fast[1]:CLK
  To:                          CORETSE_AHB_0/CoreTSE_top_inst/CORETSE_AHBilI/CORETSE_AHBOlooI.CORETSE_AHBO0ooI/CORETSE_AHBO1li/CORETSE_AHBIIIi[6]:D
  Delay (ns):                  4.139                                                                           
  Slack (ns):                  -7.214                                                                          
  Arrival (ns):                19.674                                                                          
  Required (ns):               12.460                                                                          

Path 93
  From:                        CORETSE_AHB_0/CoreTSE_top_inst/CORETSE_AHBilI/CORETSE_AHBiOooI/CORETSE_AHBl1Oo/CORETSE_AHBIOlo/CORETSE_AHBlOo1[14]:CLK
  To:                          CORETSE_AHB_0/CoreTSE_top_inst/CORETSE_AHBilI/CORETSE_AHBOlooI.CORETSE_AHBO0ooI/CORETSE_AHBO1li/CORETSE_AHBIIIi[10]:D
  Delay (ns):                  4.123                                                                           
  Slack (ns):                  -7.213                                                                          
  Arrival (ns):                19.665                                                                          
  Required (ns):               12.452                                                                          

Path 94
  From:                        CORETSE_AHB_0/CoreTSE_top_inst/CORETSE_AHBilI/CORETSE_AHBiOooI/CORETSE_AHBl1Oo/CORETSE_AHBIOlo/CORETSE_AHBlOo1[9]:CLK
  To:                          CORETSE_AHB_0/CoreTSE_top_inst/CORETSE_AHBilI/CORETSE_AHBOlooI.CORETSE_AHBO0ooI/CORETSE_AHBO1li/CORETSE_AHBIIIi[11]:D
  Delay (ns):                  4.126                                                                           
  Slack (ns):                  -7.210                                                                          
  Arrival (ns):                19.670                                                                          
  Required (ns):               12.460                                                                          

Path 95
  From:                        CORETSE_AHB_0/CoreTSE_top_inst/CORETSE_AHBilI/CORETSE_AHBiOooI/CORETSE_AHBl1Oo/CORETSE_AHBiOlo/CORETSE_AHBl1o_fast[1]:CLK
  To:                          CORETSE_AHB_0/CoreTSE_top_inst/CORETSE_AHBilI/CORETSE_AHBOlooI.CORETSE_AHBO0ooI/CORETSE_AHBO1li/CORETSE_AHBIIIi[41]:D
  Delay (ns):                  4.134                                                                           
  Slack (ns):                  -7.209                                                                          
  Arrival (ns):                19.669                                                                          
  Required (ns):               12.460                                                                          

Path 96
  From:                        CORETSE_AHB_0/CoreTSE_top_inst/CORETSE_AHBilI/CORETSE_AHBiOooI/CORETSE_AHBl1Oo/CORETSE_AHBiOlo/CORETSE_AHBl1o_fast[1]:CLK
  To:                          CORETSE_AHB_0/CoreTSE_top_inst/CORETSE_AHBilI/CORETSE_AHBOlooI.CORETSE_AHBO0ooI/CORETSE_AHBO1li/CORETSE_AHBIIIi[38]:D
  Delay (ns):                  4.132                                                                           
  Slack (ns):                  -7.206                                                                          
  Arrival (ns):                19.667                                                                          
  Required (ns):               12.461                                                                          

Path 97
  From:                        CORETSE_AHB_0/CoreTSE_top_inst/CORETSE_AHBilI/CORETSE_AHBiOooI/CORETSE_AHBl1Oo/CORETSE_AHBiOlo/CORETSE_AHBl1o_fast[3]:CLK
  To:                          CORETSE_AHB_0/CoreTSE_top_inst/CORETSE_AHBilI/CORETSE_AHBOlooI.CORETSE_AHBO0ooI/CORETSE_AHBO1li/CORETSE_AHBIIIi[41]:D
  Delay (ns):                  4.131                                                                           
  Slack (ns):                  -7.203                                                                          
  Arrival (ns):                19.663                                                                          
  Required (ns):               12.460                                                                          

Path 98
  From:                        CORETSE_AHB_0/CoreTSE_top_inst/CORETSE_AHBilI/CORETSE_AHBiOooI/CORETSE_AHBl1Oo/CORETSE_AHBiOlo/CORETSE_AHBl1o_fast[3]:CLK
  To:                          CORETSE_AHB_0/CoreTSE_top_inst/CORETSE_AHBilI/CORETSE_AHBOlooI.CORETSE_AHBO0ooI/CORETSE_AHBO1li/CORETSE_AHBIIIi[38]:D
  Delay (ns):                  4.129                                                                           
  Slack (ns):                  -7.200                                                                          
  Arrival (ns):                19.661                                                                          
  Required (ns):               12.461                                                                          

Path 99
  From:                        CORETSE_AHB_0/CoreTSE_top_inst/CORETSE_AHBilI/CORETSE_AHBoOooI/CORETSE_AHBO1II/CORETSE_AHBllOI[15]:CLK
  To:                          CoreTSE_Webserver_MSS_0/MSS_ADLIB_INST/INST_MSS_075_IP:F_HM0_RDATA[15]
  Delay (ns):                  3.645                                                                           
  Slack (ns):                  -7.193                                                                          
  Arrival (ns):                19.203                                                                          
  Required (ns):               12.010                                                                          

Path 100
  From:                        CORETSE_AHB_0/CoreTSE_top_inst/CORETSE_AHBilI/CORETSE_AHBiOooI/CORETSE_AHBl1Oo/CORETSE_AHBiOlo/CORETSE_AHBl1o_fast[9]:CLK
  To:                          CORETSE_AHB_0/CoreTSE_top_inst/CORETSE_AHBilI/CORETSE_AHBOlooI.CORETSE_AHBO0ooI/CORETSE_AHBO1li/CORETSE_AHBIIIi[10]:D
  Delay (ns):                  4.094                                                                           
  Slack (ns):                  -7.186                                                                          
  Arrival (ns):                19.638                                                                          
  Required (ns):               12.452                                                                          

