Timing Violation Report Max Delay Analysis

SmartTime Version 
Microsemi Corporation - Microsemi Libero Software Release  (Version 11.7.0.113)
Date: Mon Jan 11 22:48:02 2016


Design: CoreTSE_Webserver
Family: SmartFusion2
Die: M2S090TS
Package: 484 FBGA
Temperature Range: 0 - 85 C
Voltage Range: 1.14 - 1.26 V
Speed Grade: -1
Design State: Post-Layout
Data source: Production
Min Operating Conditions: BEST - 1.26 V - 0 C
Max Operating Conditions: WORST - 1.14 V - 85 C
Scenario for Timing Analysis: timing_analysis


Path 1
  From:                        CORETSE_AHB_0/CoreTSE_top_inst/CORETSE_AHBilI/CORETSE_AHBiOooI/CORETSE_AHBl1Oo/CORETSE_AHBIOlo/CORETSE_AHBlOo1[4]:CLK
  To:                          CORETSE_AHB_0/CoreTSE_top_inst/CORETSE_AHBilI/CORETSE_AHBOlooI.CORETSE_AHBO0ooI/CORETSE_AHBO1li/CORETSE_AHBIIIi[12]:D
  Delay (ns):                  5.345                                                                           
  Slack (ns):                  -8.440                                                                          
  Arrival (ns):                20.890                                                                          
  Required (ns):               12.450                                                                          

Path 2
  From:                        CORETSE_AHB_0/CoreTSE_top_inst/CORETSE_AHBilI/CORETSE_AHBiOooI/CORETSE_AHBl1Oo/CORETSE_AHBIOlo/CORETSE_AHBlOo1[4]:CLK
  To:                          CORETSE_AHB_0/CoreTSE_top_inst/CORETSE_AHBilI/CORETSE_AHBOlooI.CORETSE_AHBO0ooI/CORETSE_AHBO1li/CORETSE_AHBIIIi[11]:D
  Delay (ns):                  5.076                                                                           
  Slack (ns):                  -8.162                                                                          
  Arrival (ns):                20.621                                                                          
  Required (ns):               12.459                                                                          

Path 3
  From:                        CORETSE_AHB_0/CoreTSE_top_inst/CORETSE_AHBilI/CORETSE_AHBiOooI/CORETSE_AHBl1Oo/CORETSE_AHBIOlo/CORETSE_AHBlOo1[0]:CLK
  To:                          CORETSE_AHB_0/CoreTSE_top_inst/CORETSE_AHBilI/CORETSE_AHBOlooI.CORETSE_AHBO0ooI/CORETSE_AHBO1li/CORETSE_AHBIIIi[12]:D
  Delay (ns):                  4.873                                                                           
  Slack (ns):                  -7.967                                                                          
  Arrival (ns):                20.417                                                                          
  Required (ns):               12.450                                                                          

Path 4
  From:                        CORETSE_AHB_0/CoreTSE_top_inst/CORETSE_AHBilI/CORETSE_AHBiOooI/CORETSE_AHBl1Oo/CORETSE_AHBIOlo/CORETSE_AHBlOo1[3]:CLK
  To:                          CORETSE_AHB_0/CoreTSE_top_inst/CORETSE_AHBilI/CORETSE_AHBOlooI.CORETSE_AHBO0ooI/CORETSE_AHBO1li/CORETSE_AHBIIIi[12]:D
  Delay (ns):                  4.799                                                                           
  Slack (ns):                  -7.881                                                                          
  Arrival (ns):                20.331                                                                          
  Required (ns):               12.450                                                                          

Path 5
  From:                        CORETSE_AHB_0/CoreTSE_top_inst/CORETSE_AHBilI/CORETSE_AHBiOooI/CORETSE_AHBl1Oo/CORETSE_AHBiOlo/CORETSE_AHBl1o[1]:CLK
  To:                          CORETSE_AHB_0/CoreTSE_top_inst/CORETSE_AHBilI/CORETSE_AHBOlooI.CORETSE_AHBO0ooI/CORETSE_AHBO1li/CORETSE_AHBIIIi[12]:D
  Delay (ns):                  4.783                                                                           
  Slack (ns):                  -7.872                                                                          
  Arrival (ns):                20.322                                                                          
  Required (ns):               12.450                                                                          

Path 6
  From:                        CORETSE_AHB_0/CoreTSE_top_inst/CORETSE_AHBilI/CORETSE_AHBiOooI/CORETSE_AHBl1Oo/CORETSE_AHBiOlo/CORETSE_AHBl1o[2]:CLK
  To:                          CORETSE_AHB_0/CoreTSE_top_inst/CORETSE_AHBilI/CORETSE_AHBOlooI.CORETSE_AHBO0ooI/CORETSE_AHBO1li/CORETSE_AHBIIIi[12]:D
  Delay (ns):                  4.778                                                                           
  Slack (ns):                  -7.857                                                                          
  Arrival (ns):                20.307                                                                          
  Required (ns):               12.450                                                                          

Path 7
  From:                        CORETSE_AHB_0/CoreTSE_top_inst/CORETSE_AHBilI/CORETSE_AHBiOooI/CORETSE_AHBl1Oo/CORETSE_AHBiOlo/CORETSE_AHBl1o[4]:CLK
  To:                          CORETSE_AHB_0/CoreTSE_top_inst/CORETSE_AHBilI/CORETSE_AHBOlooI.CORETSE_AHBO0ooI/CORETSE_AHBO1li/CORETSE_AHBIIIi[12]:D
  Delay (ns):                  4.750                                                                           
  Slack (ns):                  -7.829                                                                          
  Arrival (ns):                20.279                                                                          
  Required (ns):               12.450                                                                          

Path 8
  From:                        CORETSE_AHB_0/CoreTSE_top_inst/CORETSE_AHBilI/CORETSE_AHBiOooI/CORETSE_AHBl1Oo/CORETSE_AHBIOlo/CORETSE_AHBlOo1[0]:CLK
  To:                          CORETSE_AHB_0/CoreTSE_top_inst/CORETSE_AHBilI/CORETSE_AHBOlooI.CORETSE_AHBO0ooI/CORETSE_AHBO1li/CORETSE_AHBIIIi[11]:D
  Delay (ns):                  4.664                                                                           
  Slack (ns):                  -7.749                                                                          
  Arrival (ns):                20.208                                                                          
  Required (ns):               12.459                                                                          

Path 9
  From:                        CORETSE_AHB_0/CoreTSE_top_inst/CORETSE_AHBilI/CORETSE_AHBiOooI/CORETSE_AHBl1Oo/CORETSE_AHBiOlo/CORETSE_AHBl1o[0]:CLK
  To:                          CORETSE_AHB_0/CoreTSE_top_inst/CORETSE_AHBilI/CORETSE_AHBOlooI.CORETSE_AHBO0ooI/CORETSE_AHBO1li/CORETSE_AHBIIIi[12]:D
  Delay (ns):                  4.658                                                                           
  Slack (ns):                  -7.747                                                                          
  Arrival (ns):                20.197                                                                          
  Required (ns):               12.450                                                                          

Path 10
  From:                        CORETSE_AHB_0/CoreTSE_top_inst/CORETSE_AHBilI/CORETSE_AHBiOooI/CORETSE_AHBl1Oo/CORETSE_AHBiOlo/CORETSE_AHBl1o_fast[0]:CLK
  To:                          CORETSE_AHB_0/CoreTSE_top_inst/CORETSE_AHBilI/CORETSE_AHBOlooI.CORETSE_AHBO0ooI/CORETSE_AHBO1li/CORETSE_AHBIIIi[12]:D
  Delay (ns):                  4.626                                                                           
  Slack (ns):                  -7.719                                                                          
  Arrival (ns):                20.169                                                                          
  Required (ns):               12.450                                                                          

Path 11
  From:                        CORETSE_AHB_0/CoreTSE_top_inst/CORETSE_AHBilI/CORETSE_AHBiOooI/CORETSE_AHBl1Oo/CORETSE_AHBIOlo/CORETSE_AHBlOo1[4]:CLK
  To:                          CORETSE_AHB_0/CoreTSE_top_inst/CORETSE_AHBilI/CORETSE_AHBOlooI.CORETSE_AHBO0ooI/CORETSE_AHBO1li/CORETSE_AHBIIIi[41]:D
  Delay (ns):                  4.580                                                                           
  Slack (ns):                  -7.678                                                                          
  Arrival (ns):                20.125                                                                          
  Required (ns):               12.447                                                                          

Path 12
  From:                        CORETSE_AHB_0/CoreTSE_top_inst/CORETSE_AHBilI/CORETSE_AHBiOooI/CORETSE_AHBl1Oo/CORETSE_AHBIOlo/CORETSE_AHBlOo1[4]:CLK
  To:                          CORETSE_AHB_0/CoreTSE_top_inst/CORETSE_AHBilI/CORETSE_AHBOlooI.CORETSE_AHBO0ooI/CORETSE_AHBO1li/CORETSE_AHBIIIi[38]:D
  Delay (ns):                  4.580                                                                           
  Slack (ns):                  -7.678                                                                          
  Arrival (ns):                20.125                                                                          
  Required (ns):               12.447                                                                          

Path 13
  From:                        CORETSE_AHB_0/CoreTSE_top_inst/CORETSE_AHBilI/CORETSE_AHBiOooI/CORETSE_AHBl1Oo/CORETSE_AHBiOlo/CORETSE_AHBl1o_fast[1]:CLK
  To:                          CORETSE_AHB_0/CoreTSE_top_inst/CORETSE_AHBilI/CORETSE_AHBOlooI.CORETSE_AHBO0ooI/CORETSE_AHBO1li/CORETSE_AHBIIIi[12]:D
  Delay (ns):                  4.583                                                                           
  Slack (ns):                  -7.676                                                                          
  Arrival (ns):                20.126                                                                          
  Required (ns):               12.450                                                                          

Path 14
  From:                        CORETSE_AHB_0/CoreTSE_top_inst/CORETSE_AHBilI/CORETSE_AHBiOooI/CORETSE_AHBl1Oo/CORETSE_AHBIOlo/CORETSE_AHBlOo1[2]:CLK
  To:                          CORETSE_AHB_0/CoreTSE_top_inst/CORETSE_AHBilI/CORETSE_AHBOlooI.CORETSE_AHBO0ooI/CORETSE_AHBO1li/CORETSE_AHBIIIi[12]:D
  Delay (ns):                  4.592                                                                           
  Slack (ns):                  -7.674                                                                          
  Arrival (ns):                20.124                                                                          
  Required (ns):               12.450                                                                          

Path 15
  From:                        CORETSE_AHB_0/CoreTSE_top_inst/CORETSE_AHBilI/CORETSE_AHBiOooI/CORETSE_AHBl1Oo/CORETSE_AHBIOlo/CORETSE_AHBlOo1[9]:CLK
  To:                          CORETSE_AHB_0/CoreTSE_top_inst/CORETSE_AHBilI/CORETSE_AHBOlooI.CORETSE_AHBO0ooI/CORETSE_AHBO1li/CORETSE_AHBIIIi[11]:D
  Delay (ns):                  4.579                                                                           
  Slack (ns):                  -7.644                                                                          
  Arrival (ns):                20.103                                                                          
  Required (ns):               12.459                                                                          

Path 16
  From:                        CORETSE_AHB_0/CoreTSE_top_inst/CORETSE_AHBilI/CORETSE_AHBiOooI/CORETSE_AHBl1Oo/CORETSE_AHBIOlo/CORETSE_AHBlOo1[1]:CLK
  To:                          CORETSE_AHB_0/CoreTSE_top_inst/CORETSE_AHBilI/CORETSE_AHBOlooI.CORETSE_AHBO0ooI/CORETSE_AHBO1li/CORETSE_AHBIIIi[12]:D
  Delay (ns):                  4.540                                                                           
  Slack (ns):                  -7.634                                                                          
  Arrival (ns):                20.084                                                                          
  Required (ns):               12.450                                                                          

Path 17
  From:                        CORETSE_AHB_0/CoreTSE_top_inst/CORETSE_AHBilI/CORETSE_AHBiOooI/CORETSE_AHBl1Oo/CORETSE_AHBIOlo/CORETSE_AHBlOo1[4]:CLK
  To:                          CORETSE_AHB_0/CoreTSE_top_inst/CORETSE_AHBilI/CORETSE_AHBOlooI.CORETSE_AHBO0ooI/CORETSE_AHBO1li/CORETSE_AHBIIIi[6]:D
  Delay (ns):                  4.535                                                                           
  Slack (ns):                  -7.625                                                                          
  Arrival (ns):                20.080                                                                          
  Required (ns):               12.455                                                                          

Path 18
  From:                        CORETSE_AHB_0/CoreTSE_top_inst/CORETSE_AHBilI/CORETSE_AHBiOooI/CORETSE_AHBl1Oo/CORETSE_AHBIOlo/CORETSE_AHBlOo1[9]:CLK
  To:                          CORETSE_AHB_0/CoreTSE_top_inst/CORETSE_AHBilI/CORETSE_AHBOlooI.CORETSE_AHBO0ooI/CORETSE_AHBO1li/CORETSE_AHBIIIi[12]:D
  Delay (ns):                  4.550                                                                           
  Slack (ns):                  -7.624                                                                          
  Arrival (ns):                20.074                                                                          
  Required (ns):               12.450                                                                          

Path 19
  From:                        CORETSE_AHB_0/CoreTSE_top_inst/CORETSE_AHBilI/CORETSE_AHBiOooI/CORETSE_AHBl1Oo/CORETSE_AHBIOlo/CORETSE_AHBlOo1[15]:CLK
  To:                          CORETSE_AHB_0/CoreTSE_top_inst/CORETSE_AHBilI/CORETSE_AHBOlooI.CORETSE_AHBO0ooI/CORETSE_AHBO1li/CORETSE_AHBIIIi[12]:D
  Delay (ns):                  4.546                                                                           
  Slack (ns):                  -7.609                                                                          
  Arrival (ns):                20.059                                                                          
  Required (ns):               12.450                                                                          

Path 20
  From:                        CORETSE_AHB_0/CoreTSE_top_inst/CORETSE_AHBilI/CORETSE_AHBiOooI/CORETSE_AHBl1Oo/CORETSE_AHBIOlo/CORETSE_AHBlOo1[3]:CLK
  To:                          CORETSE_AHB_0/CoreTSE_top_inst/CORETSE_AHBilI/CORETSE_AHBOlooI.CORETSE_AHBO0ooI/CORETSE_AHBO1li/CORETSE_AHBIIIi[11]:D
  Delay (ns):                  4.530                                                                           
  Slack (ns):                  -7.603                                                                          
  Arrival (ns):                20.062                                                                          
  Required (ns):               12.459                                                                          

Path 21
  From:                        CORETSE_AHB_0/CoreTSE_top_inst/CORETSE_AHBilI/CORETSE_AHBiOooI/CORETSE_AHBl1Oo/CORETSE_AHBiOlo/CORETSE_AHBl1o[1]:CLK
  To:                          CORETSE_AHB_0/CoreTSE_top_inst/CORETSE_AHBilI/CORETSE_AHBOlooI.CORETSE_AHBO0ooI/CORETSE_AHBO1li/CORETSE_AHBIIIi[11]:D
  Delay (ns):                  4.514                                                                           
  Slack (ns):                  -7.594                                                                          
  Arrival (ns):                20.053                                                                          
  Required (ns):               12.459                                                                          

Path 22
  From:                        CORETSE_AHB_0/CoreTSE_top_inst/CORETSE_AHBilI/CORETSE_AHBiOooI/CORETSE_AHBl1Oo/CORETSE_AHBIOlo/CORETSE_AHBlOo1[5]:CLK
  To:                          CORETSE_AHB_0/CoreTSE_top_inst/CORETSE_AHBilI/CORETSE_AHBOlooI.CORETSE_AHBO0ooI/CORETSE_AHBO1li/CORETSE_AHBIIIi[11]:D
  Delay (ns):                  4.494                                                                           
  Slack (ns):                  -7.588                                                                          
  Arrival (ns):                20.047                                                                          
  Required (ns):               12.459                                                                          

Path 23
  From:                        CORETSE_AHB_0/CoreTSE_top_inst/CORETSE_AHBilI/CORETSE_AHBiOooI/CORETSE_AHBl1Oo/CORETSE_AHBiOlo/CORETSE_AHBl1o[2]:CLK
  To:                          CORETSE_AHB_0/CoreTSE_top_inst/CORETSE_AHBilI/CORETSE_AHBOlooI.CORETSE_AHBO0ooI/CORETSE_AHBO1li/CORETSE_AHBIIIi[11]:D
  Delay (ns):                  4.509                                                                           
  Slack (ns):                  -7.579                                                                          
  Arrival (ns):                20.038                                                                          
  Required (ns):               12.459                                                                          

Path 24
  From:                        CORETSE_AHB_0/CoreTSE_top_inst/CORETSE_AHBilI/CORETSE_AHBiOooI/CORETSE_AHBl1Oo/CORETSE_AHBiOlo/CORETSE_AHBl1o[4]:CLK
  To:                          CORETSE_AHB_0/CoreTSE_top_inst/CORETSE_AHBilI/CORETSE_AHBOlooI.CORETSE_AHBO0ooI/CORETSE_AHBO1li/CORETSE_AHBIIIi[11]:D
  Delay (ns):                  4.481                                                                           
  Slack (ns):                  -7.551                                                                          
  Arrival (ns):                20.010                                                                          
  Required (ns):               12.459                                                                          

Path 25
  From:                        CORETSE_AHB_0/CoreTSE_top_inst/CORETSE_AHBilI/CORETSE_AHBiOooI/CORETSE_AHBl1Oo/CORETSE_AHBiOlo/CORETSE_AHBl1o_fast[15]:CLK
  To:                          CORETSE_AHB_0/CoreTSE_top_inst/CORETSE_AHBilI/CORETSE_AHBOlooI.CORETSE_AHBO0ooI/CORETSE_AHBO1li/CORETSE_AHBIIIi[12]:D
  Delay (ns):                  4.442                                                                           
  Slack (ns):                  -7.545                                                                          
  Arrival (ns):                19.995                                                                          
  Required (ns):               12.450                                                                          

Path 26
  From:                        CORETSE_AHB_0/CoreTSE_top_inst/CORETSE_AHBilI/CORETSE_AHBiOooI/CORETSE_AHBl1Oo/CORETSE_AHBiOlo/CORETSE_AHBl1o_fast[0]:CLK
  To:                          CORETSE_AHB_0/CoreTSE_top_inst/CORETSE_AHBilI/CORETSE_AHBOlooI.CORETSE_AHBO0ooI/CORETSE_AHBO1li/CORETSE_AHBIIIi[11]:D
  Delay (ns):                  4.435                                                                           
  Slack (ns):                  -7.519                                                                          
  Arrival (ns):                19.978                                                                          
  Required (ns):               12.459                                                                          

Path 27
  From:                        CORETSE_AHB_0/CoreTSE_top_inst/CORETSE_AHBilI/CORETSE_AHBiOooI/CORETSE_AHBl1Oo/CORETSE_AHBiOlo/CORETSE_AHBl1o_fast[12]:CLK
  To:                          CORETSE_AHB_0/CoreTSE_top_inst/CORETSE_AHBilI/CORETSE_AHBOlooI.CORETSE_AHBO0ooI/CORETSE_AHBO1li/CORETSE_AHBIIIi[12]:D
  Delay (ns):                  4.403                                                                           
  Slack (ns):                  -7.496                                                                          
  Arrival (ns):                19.946                                                                          
  Required (ns):               12.450                                                                          

Path 28
  From:                        CORETSE_AHB_0/CoreTSE_top_inst/CORETSE_AHBilI/CORETSE_AHBiOooI/CORETSE_AHBl1Oo/CORETSE_AHBIOlo/CORETSE_AHBlOo1[9]:CLK
  To:                          CORETSE_AHB_0/CoreTSE_top_inst/CORETSE_AHBilI/CORETSE_AHBOlooI.CORETSE_AHBO0ooI/CORETSE_AHBO1li/CORETSE_AHBIIIi[10]:D
  Delay (ns):                  4.414                                                                           
  Slack (ns):                  -7.494                                                                          
  Arrival (ns):                19.938                                                                          
  Required (ns):               12.444                                                                          

Path 29
  From:                        CORETSE_AHB_0/CoreTSE_top_inst/CORETSE_AHBilI/CORETSE_AHBoOooI/CORETSE_AHBO1II/CORETSE_AHBllOI[11]:CLK
  To:                          CoreTSE_Webserver_MSS_0/MSS_ADLIB_INST/INST_MSS_075_IP:F_HM0_RDATA[11]
  Delay (ns):                  4.097                                                                           
  Slack (ns):                  -7.484                                                                          
  Arrival (ns):                19.659                                                                          
  Required (ns):               12.175                                                                          

Path 30
  From:                        CORETSE_AHB_0/CoreTSE_top_inst/CORETSE_AHBilI/CORETSE_AHBiOooI/CORETSE_AHBl1Oo/CORETSE_AHBiOlo/CORETSE_AHBl1o_fast[1]:CLK
  To:                          CORETSE_AHB_0/CoreTSE_top_inst/CORETSE_AHBilI/CORETSE_AHBOlooI.CORETSE_AHBO0ooI/CORETSE_AHBO1li/CORETSE_AHBIIIi[11]:D
  Delay (ns):                  4.392                                                                           
  Slack (ns):                  -7.476                                                                          
  Arrival (ns):                19.935                                                                          
  Required (ns):               12.459                                                                          

Path 31
  From:                        CORETSE_AHB_0/CoreTSE_top_inst/CORETSE_AHBilI/CORETSE_AHBiOooI/CORETSE_AHBl1Oo/CORETSE_AHBIOlo/CORETSE_AHBlOo1[0]:CLK
  To:                          CORETSE_AHB_0/CoreTSE_top_inst/CORETSE_AHBilI/CORETSE_AHBOlooI.CORETSE_AHBO0ooI/CORETSE_AHBO1li/CORETSE_AHBIIIi[41]:D
  Delay (ns):                  4.376                                                                           
  Slack (ns):                  -7.473                                                                          
  Arrival (ns):                19.920                                                                          
  Required (ns):               12.447                                                                          

Path 32
  From:                        CORETSE_AHB_0/CoreTSE_top_inst/CORETSE_AHBilI/CORETSE_AHBiOooI/CORETSE_AHBl1Oo/CORETSE_AHBIOlo/CORETSE_AHBlOo1[0]:CLK
  To:                          CORETSE_AHB_0/CoreTSE_top_inst/CORETSE_AHBilI/CORETSE_AHBOlooI.CORETSE_AHBO0ooI/CORETSE_AHBO1li/CORETSE_AHBIIIi[38]:D
  Delay (ns):                  4.376                                                                           
  Slack (ns):                  -7.473                                                                          
  Arrival (ns):                19.920                                                                          
  Required (ns):               12.447                                                                          

Path 33
  From:                        CORETSE_AHB_0/CoreTSE_top_inst/CORETSE_AHBilI/CORETSE_AHBiOooI/CORETSE_AHBl1Oo/CORETSE_AHBiOlo/CORETSE_AHBl1o[0]:CLK
  To:                          CORETSE_AHB_0/CoreTSE_top_inst/CORETSE_AHBilI/CORETSE_AHBOlooI.CORETSE_AHBO0ooI/CORETSE_AHBO1li/CORETSE_AHBIIIi[11]:D
  Delay (ns):                  4.389                                                                           
  Slack (ns):                  -7.469                                                                          
  Arrival (ns):                19.928                                                                          
  Required (ns):               12.459                                                                          

Path 34
  From:                        CORETSE_AHB_0/CoreTSE_top_inst/CORETSE_AHBilI/CORETSE_AHBiOooI/CORETSE_AHBl1Oo/CORETSE_AHBiOlo/CORETSE_AHBl1o_fast[12]:CLK
  To:                          CORETSE_AHB_0/CoreTSE_top_inst/CORETSE_AHBilI/CORETSE_AHBOlooI.CORETSE_AHBO0ooI/CORETSE_AHBO1li/CORETSE_AHBIIIi[11]:D
  Delay (ns):                  4.385                                                                           
  Slack (ns):                  -7.469                                                                          
  Arrival (ns):                19.928                                                                          
  Required (ns):               12.459                                                                          

Path 35
  From:                        CORETSE_AHB_0/CoreTSE_top_inst/CORETSE_AHBilI/CORETSE_AHBiOooI/CORETSE_AHBl1Oo/CORETSE_AHBiOlo/CORETSE_AHBl1o[11]:CLK
  To:                          CORETSE_AHB_0/CoreTSE_top_inst/CORETSE_AHBilI/CORETSE_AHBOlooI.CORETSE_AHBO0ooI/CORETSE_AHBO1li/CORETSE_AHBIIIi[12]:D
  Delay (ns):                  4.365                                                                           
  Slack (ns):                  -7.467                                                                          
  Arrival (ns):                19.917                                                                          
  Required (ns):               12.450                                                                          

Path 36
  From:                        CORETSE_AHB_0/CoreTSE_top_inst/CORETSE_AHBilI/CORETSE_AHBiOooI/CORETSE_AHBl1Oo/CORETSE_AHBIOlo/CORETSE_AHBlOo1[14]:CLK
  To:                          CORETSE_AHB_0/CoreTSE_top_inst/CORETSE_AHBilI/CORETSE_AHBOlooI.CORETSE_AHBO0ooI/CORETSE_AHBO1li/CORETSE_AHBIIIi[12]:D
  Delay (ns):                  4.368                                                                           
  Slack (ns):                  -7.448                                                                          
  Arrival (ns):                19.898                                                                          
  Required (ns):               12.450                                                                          

Path 37
  From:                        CORETSE_AHB_0/CoreTSE_top_inst/CORETSE_AHBilI/CORETSE_AHBoOooI/CORETSE_AHBO1II/CORETSE_AHBOIiI[0]:CLK
  To:                          CoreTSE_Webserver_MSS_0/MSS_ADLIB_INST/INST_MSS_075_IP:F_HM0_RDATA[19]
  Delay (ns):                  3.862                                                                           
  Slack (ns):                  -7.447                                                                          
  Arrival (ns):                19.432                                                                          
  Required (ns):               11.985                                                                          

Path 38
  From:                        CORETSE_AHB_0/CoreTSE_top_inst/CORETSE_AHBilI/CORETSE_AHBoOooI/CORETSE_AHBl1II/CORETSE_AHBOI1I[5]:CLK
  To:                          CoreTSE_Webserver_MSS_0/MSS_ADLIB_INST/INST_MSS_075_IP:F_HM0_RDATA[3]
  Delay (ns):                  4.010                                                                           
  Slack (ns):                  -7.440                                                                          
  Arrival (ns):                19.570                                                                          
  Required (ns):               12.130                                                                          

Path 39
  From:                        CORETSE_AHB_0/CoreTSE_top_inst/CORETSE_AHBilI/CORETSE_AHBiOooI/CORETSE_AHBl1Oo/CORETSE_AHBiOlo/CORETSE_AHBl1o[5]:CLK
  To:                          CORETSE_AHB_0/CoreTSE_top_inst/CORETSE_AHBilI/CORETSE_AHBOlooI.CORETSE_AHBO0ooI/CORETSE_AHBO1li/CORETSE_AHBIIIi[11]:D
  Delay (ns):                  4.363                                                                           
  Slack (ns):                  -7.434                                                                          
  Arrival (ns):                19.893                                                                          
  Required (ns):               12.459                                                                          

Path 40
  From:                        CORETSE_AHB_0/CoreTSE_top_inst/CORETSE_AHBilI/CORETSE_AHBiOooI/CORETSE_AHBl1Oo/CORETSE_AHBIOlo/CORETSE_AHBlOo1[1]:CLK
  To:                          CORETSE_AHB_0/CoreTSE_top_inst/CORETSE_AHBilI/CORETSE_AHBOlooI.CORETSE_AHBO0ooI/CORETSE_AHBO1li/CORETSE_AHBIIIi[11]:D
  Delay (ns):                  4.349                                                                           
  Slack (ns):                  -7.434                                                                          
  Arrival (ns):                19.893                                                                          
  Required (ns):               12.459                                                                          

Path 41
  From:                        CORETSE_AHB_0/CoreTSE_top_inst/CORETSE_AHBilI/CORETSE_AHBiOooI/CORETSE_AHBl1Oo/CORETSE_AHBIOlo/CORETSE_AHBlOo1[0]:CLK
  To:                          CORETSE_AHB_0/CoreTSE_top_inst/CORETSE_AHBilI/CORETSE_AHBOlooI.CORETSE_AHBO0ooI/CORETSE_AHBO1li/CORETSE_AHBIIIi[6]:D
  Delay (ns):                  4.326                                                                           
  Slack (ns):                  -7.415                                                                          
  Arrival (ns):                19.870                                                                          
  Required (ns):               12.455                                                                          

Path 42
  From:                        CORETSE_AHB_0/CoreTSE_top_inst/CORETSE_AHBilI/CORETSE_AHBoOooI/CORETSE_AHBO1II/CORETSE_AHBllOI[6]:CLK
  To:                          CoreTSE_Webserver_MSS_0/MSS_ADLIB_INST/INST_MSS_075_IP:F_HM0_RDATA[6]
  Delay (ns):                  3.987                                                                           
  Slack (ns):                  -7.401                                                                          
  Arrival (ns):                19.539                                                                          
  Required (ns):               12.138                                                                          

Path 43
  From:                        CORETSE_AHB_0/CoreTSE_top_inst/CORETSE_AHBilI/CORETSE_AHBiOooI/CORETSE_AHBl1Oo/CORETSE_AHBIOlo/CORETSE_AHBlOo1[2]:CLK
  To:                          CORETSE_AHB_0/CoreTSE_top_inst/CORETSE_AHBilI/CORETSE_AHBOlooI.CORETSE_AHBO0ooI/CORETSE_AHBO1li/CORETSE_AHBIIIi[11]:D
  Delay (ns):                  4.323                                                                           
  Slack (ns):                  -7.396                                                                          
  Arrival (ns):                19.855                                                                          
  Required (ns):               12.459                                                                          

Path 44
  From:                        CORETSE_AHB_0/CoreTSE_top_inst/CORETSE_AHBilI/CORETSE_AHBiOooI/CORETSE_AHBl1Oo/CORETSE_AHBiOlo/CORETSE_AHBl1o_fast[13]:CLK
  To:                          CORETSE_AHB_0/CoreTSE_top_inst/CORETSE_AHBilI/CORETSE_AHBOlooI.CORETSE_AHBO0ooI/CORETSE_AHBO1li/CORETSE_AHBIIIi[12]:D
  Delay (ns):                  4.287                                                                           
  Slack (ns):                  -7.380                                                                          
  Arrival (ns):                19.830                                                                          
  Required (ns):               12.450                                                                          

Path 45
  From:                        CORETSE_AHB_0/CoreTSE_top_inst/CORETSE_AHBilI/CORETSE_AHBiOooI/CORETSE_AHBl1Oo/CORETSE_AHBIOlo/CORETSE_AHBlOo1[5]:CLK
  To:                          CORETSE_AHB_0/CoreTSE_top_inst/CORETSE_AHBilI/CORETSE_AHBOlooI.CORETSE_AHBO0ooI/CORETSE_AHBO1li/CORETSE_AHBIIIi[12]:D
  Delay (ns):                  4.276                                                                           
  Slack (ns):                  -7.379                                                                          
  Arrival (ns):                19.829                                                                          
  Required (ns):               12.450                                                                          

Path 46
  From:                        CORETSE_AHB_0/CoreTSE_top_inst/CORETSE_AHBilI/CORETSE_AHBoOooI/CORETSE_AHBl1II/CORETSE_AHBOI1I[13]:CLK
  To:                          CoreTSE_Webserver_MSS_0/MSS_ADLIB_INST/INST_MSS_075_IP:F_HM0_RDATA[11]
  Delay (ns):                  3.940                                                                           
  Slack (ns):                  -7.371                                                                          
  Arrival (ns):                19.491                                                                          
  Required (ns):               12.120                                                                          

Path 47
  From:                        CORETSE_AHB_0/CoreTSE_top_inst/CORETSE_AHBilI/CORETSE_AHBiOooI/CORETSE_AHBl1Oo/CORETSE_AHBiOlo/CORETSE_AHBl1o_fast[13]:CLK
  To:                          CORETSE_AHB_0/CoreTSE_top_inst/CORETSE_AHBilI/CORETSE_AHBOlooI.CORETSE_AHBO0ooI/CORETSE_AHBO1li/CORETSE_AHBIIIi[11]:D
  Delay (ns):                  4.284                                                                           
  Slack (ns):                  -7.368                                                                          
  Arrival (ns):                19.827                                                                          
  Required (ns):               12.459                                                                          

Path 48
  From:                        CORETSE_AHB_0/CoreTSE_top_inst/CORETSE_AHBilI/CORETSE_AHBoOooI/CORETSE_AHBO1II/CORETSE_AHBllOI[4]:CLK
  To:                          CoreTSE_Webserver_MSS_0/MSS_ADLIB_INST/INST_MSS_075_IP:F_HM0_RDATA[4]
  Delay (ns):                  3.907                                                                           
  Slack (ns):                  -7.364                                                                          
  Arrival (ns):                19.459                                                                          
  Required (ns):               12.095                                                                          

Path 49
  From:                        CORETSE_AHB_0/CoreTSE_top_inst/CORETSE_AHBilI/CORETSE_AHBoOooI/CORETSE_AHBO1II/CORETSE_AHBIlOI:CLK
  To:                          CoreTSE_Webserver_MSS_0/MSS_ADLIB_INST/INST_MSS_075_IP:F_HM0_RDATA[30]
  Delay (ns):                  3.736                                                                           
  Slack (ns):                  -7.357                                                                          
  Arrival (ns):                19.311                                                                          
  Required (ns):               11.954                                                                          

Path 50
  From:                        CORETSE_AHB_0/CoreTSE_top_inst/CORETSE_AHBilI/CORETSE_AHBiOooI/CORETSE_AHBl1Oo/CORETSE_AHBIOlo/CORETSE_AHBlOo1[5]:CLK
  To:                          CORETSE_AHB_0/CoreTSE_top_inst/CORETSE_AHBilI/CORETSE_AHBOlooI.CORETSE_AHBO0ooI/CORETSE_AHBO1li/CORETSE_AHBIIIi[41]:D
  Delay (ns):                  4.251                                                                           
  Slack (ns):                  -7.357                                                                          
  Arrival (ns):                19.804                                                                          
  Required (ns):               12.447                                                                          

Path 51
  From:                        CORETSE_AHB_0/CoreTSE_top_inst/CORETSE_AHBilI/CORETSE_AHBiOooI/CORETSE_AHBl1Oo/CORETSE_AHBIOlo/CORETSE_AHBlOo1[5]:CLK
  To:                          CORETSE_AHB_0/CoreTSE_top_inst/CORETSE_AHBilI/CORETSE_AHBOlooI.CORETSE_AHBO0ooI/CORETSE_AHBO1li/CORETSE_AHBIIIi[38]:D
  Delay (ns):                  4.251                                                                           
  Slack (ns):                  -7.357                                                                          
  Arrival (ns):                19.804                                                                          
  Required (ns):               12.447                                                                          

Path 52
  From:                        CORETSE_AHB_0/CoreTSE_top_inst/CORETSE_AHBilI/CORETSE_AHBiOooI/CORETSE_AHBl1Oo/CORETSE_AHBIOlo/CORETSE_AHBlOo1_fast[8]:CLK
  To:                          CORETSE_AHB_0/CoreTSE_top_inst/CORETSE_AHBilI/CORETSE_AHBOlooI.CORETSE_AHBO0ooI/CORETSE_AHBO1li/CORETSE_AHBIIIi[12]:D
  Delay (ns):                  4.277                                                                           
  Slack (ns):                  -7.350                                                                          
  Arrival (ns):                19.800                                                                          
  Required (ns):               12.450                                                                          

Path 53
  From:                        CORETSE_AHB_0/CoreTSE_top_inst/CORETSE_AHBilI/CORETSE_AHBiOooI/CORETSE_AHBl1Oo/CORETSE_AHBiOlo/CORETSE_AHBl1o_fast[3]:CLK
  To:                          CORETSE_AHB_0/CoreTSE_top_inst/CORETSE_AHBilI/CORETSE_AHBOlooI.CORETSE_AHBO0ooI/CORETSE_AHBO1li/CORETSE_AHBIIIi[12]:D
  Delay (ns):                  4.278                                                                           
  Slack (ns):                  -7.348                                                                          
  Arrival (ns):                19.798                                                                          
  Required (ns):               12.450                                                                          

Path 54
  From:                        CORETSE_AHB_0/CoreTSE_top_inst/CORETSE_AHBilI/CORETSE_AHBiOooI/CORETSE_AHBl1Oo/CORETSE_AHBIOlo/CORETSE_AHBlOo1[7]:CLK
  To:                          CORETSE_AHB_0/CoreTSE_top_inst/CORETSE_AHBilI/CORETSE_AHBOlooI.CORETSE_AHBO0ooI/CORETSE_AHBO1li/CORETSE_AHBIIIi[12]:D
  Delay (ns):                  4.264                                                                           
  Slack (ns):                  -7.344                                                                          
  Arrival (ns):                19.794                                                                          
  Required (ns):               12.450                                                                          

Path 55
  From:                        CORETSE_AHB_0/CoreTSE_top_inst/CORETSE_AHBilI/CORETSE_AHBoOooI/CORETSE_AHBO1II/CORETSE_AHBllOI[19]:CLK
  To:                          CoreTSE_Webserver_MSS_0/MSS_ADLIB_INST/INST_MSS_075_IP:F_HM0_RDATA[19]
  Delay (ns):                  3.759                                                                           
  Slack (ns):                  -7.336                                                                          
  Arrival (ns):                19.321                                                                          
  Required (ns):               11.985                                                                          

Path 56
  From:                        CORETSE_AHB_0/CoreTSE_top_inst/CORETSE_AHBilI/CORETSE_AHBiOooI/CORETSE_AHBl1Oo/CORETSE_AHBIOlo/CORETSE_AHBlOo1[1]:CLK
  To:                          CORETSE_AHB_0/CoreTSE_top_inst/CORETSE_AHBilI/CORETSE_AHBOlooI.CORETSE_AHBO0ooI/CORETSE_AHBO1li/CORETSE_AHBIIIi[41]:D
  Delay (ns):                  4.238                                                                           
  Slack (ns):                  -7.335                                                                          
  Arrival (ns):                19.782                                                                          
  Required (ns):               12.447                                                                          

Path 57
  From:                        CORETSE_AHB_0/CoreTSE_top_inst/CORETSE_AHBilI/CORETSE_AHBiOooI/CORETSE_AHBl1Oo/CORETSE_AHBIOlo/CORETSE_AHBlOo1[1]:CLK
  To:                          CORETSE_AHB_0/CoreTSE_top_inst/CORETSE_AHBilI/CORETSE_AHBOlooI.CORETSE_AHBO0ooI/CORETSE_AHBO1li/CORETSE_AHBIIIi[38]:D
  Delay (ns):                  4.238                                                                           
  Slack (ns):                  -7.335                                                                          
  Arrival (ns):                19.782                                                                          
  Required (ns):               12.447                                                                          

Path 58
  From:                        CORETSE_AHB_0/CoreTSE_top_inst/CORETSE_AHBilI/CORETSE_AHBiOooI/CORETSE_AHBl1Oo/CORETSE_AHBIOlo/CORETSE_AHBlOo1[15]:CLK
  To:                          CORETSE_AHB_0/CoreTSE_top_inst/CORETSE_AHBilI/CORETSE_AHBOlooI.CORETSE_AHBO0ooI/CORETSE_AHBO1li/CORETSE_AHBIIIi[11]:D
  Delay (ns):                  4.277                                                                           
  Slack (ns):                  -7.331                                                                          
  Arrival (ns):                19.790                                                                          
  Required (ns):               12.459                                                                          

Path 59
  From:                        CORETSE_AHB_0/CoreTSE_top_inst/CORETSE_AHBilI/CORETSE_AHBiOooI/CORETSE_AHBl1Oo/CORETSE_AHBIOlo/CORETSE_AHBlOo1_fast[12]:CLK
  To:                          CORETSE_AHB_0/CoreTSE_top_inst/CORETSE_AHBilI/CORETSE_AHBOlooI.CORETSE_AHBO0ooI/CORETSE_AHBO1li/CORETSE_AHBIIIi[11]:D
  Delay (ns):                  4.244                                                                           
  Slack (ns):                  -7.328                                                                          
  Arrival (ns):                19.787                                                                          
  Required (ns):               12.459                                                                          

Path 60
  From:                        CORETSE_AHB_0/CoreTSE_top_inst/CORETSE_AHBilI/CORETSE_AHBiOooI/CORETSE_AHBl1Oo/CORETSE_AHBIOlo/CORETSE_AHBlOo1_fast[13]:CLK
  To:                          CORETSE_AHB_0/CoreTSE_top_inst/CORETSE_AHBilI/CORETSE_AHBOlooI.CORETSE_AHBO0ooI/CORETSE_AHBO1li/CORETSE_AHBIIIi[11]:D
  Delay (ns):                  4.230                                                                           
  Slack (ns):                  -7.323                                                                          
  Arrival (ns):                19.782                                                                          
  Required (ns):               12.459                                                                          

Path 61
  From:                        CORETSE_AHB_0/CoreTSE_top_inst/CORETSE_AHBilI/CORETSE_AHBiOooI/CORETSE_AHBl1Oo/CORETSE_AHBiOlo/CORETSE_AHBl1o[8]:CLK
  To:                          CORETSE_AHB_0/CoreTSE_top_inst/CORETSE_AHBilI/CORETSE_AHBOlooI.CORETSE_AHBO0ooI/CORETSE_AHBO1li/CORETSE_AHBIIIi[11]:D
  Delay (ns):                  4.249                                                                           
  Slack (ns):                  -7.319                                                                          
  Arrival (ns):                19.778                                                                          
  Required (ns):               12.459                                                                          

Path 62
  From:                        CORETSE_AHB_0/CoreTSE_top_inst/CORETSE_AHBilI/CORETSE_AHBiOooI/CORETSE_AHBl1Oo/CORETSE_AHBIOlo/CORETSE_AHBlOo1[7]:CLK
  To:                          CORETSE_AHB_0/CoreTSE_top_inst/CORETSE_AHBilI/CORETSE_AHBOlooI.CORETSE_AHBO0ooI/CORETSE_AHBO1li/CORETSE_AHBIIIi[10]:D
  Delay (ns):                  4.232                                                                           
  Slack (ns):                  -7.318                                                                          
  Arrival (ns):                19.762                                                                          
  Required (ns):               12.444                                                                          

Path 63
  From:                        CORETSE_AHB_0/CoreTSE_top_inst/CORETSE_AHBilI/CORETSE_AHBiOooI/CORETSE_AHBl1Oo/CORETSE_AHBiOlo/CORETSE_AHBl1o_fast[1]:CLK
  To:                          CORETSE_AHB_0/CoreTSE_top_inst/CORETSE_AHBilI/CORETSE_AHBOlooI.CORETSE_AHBO0ooI/CORETSE_AHBO1li/CORETSE_AHBIIIi[10]:D
  Delay (ns):                  4.216                                                                           
  Slack (ns):                  -7.315                                                                          
  Arrival (ns):                19.759                                                                          
  Required (ns):               12.444                                                                          

Path 64
  From:                        CORETSE_AHB_0/CoreTSE_top_inst/CORETSE_AHBilI/CORETSE_AHBiOooI/CORETSE_AHBl1Oo/CORETSE_AHBIOlo/CORETSE_AHBlOo1[0]:CLK
  To:                          CORETSE_AHB_0/CoreTSE_top_inst/CORETSE_AHBilI/CORETSE_AHBOlooI.CORETSE_AHBO0ooI/CORETSE_AHBO1li/CORETSE_AHBIIIi[10]:D
  Delay (ns):                  4.211                                                                           
  Slack (ns):                  -7.311                                                                          
  Arrival (ns):                19.755                                                                          
  Required (ns):               12.444                                                                          

Path 65
  From:                        CORETSE_AHB_0/CoreTSE_top_inst/CORETSE_AHBilI/CORETSE_AHBiOooI/CORETSE_AHBl1Oo/CORETSE_AHBIOlo/CORETSE_AHBlOo1[1]:CLK
  To:                          CORETSE_AHB_0/CoreTSE_top_inst/CORETSE_AHBilI/CORETSE_AHBOlooI.CORETSE_AHBO0ooI/CORETSE_AHBO1li/CORETSE_AHBIIIi[6]:D
  Delay (ns):                  4.210                                                                           
  Slack (ns):                  -7.299                                                                          
  Arrival (ns):                19.754                                                                          
  Required (ns):               12.455                                                                          

Path 66
  From:                        CORETSE_AHB_0/CoreTSE_top_inst/CORETSE_AHBilI/CORETSE_AHBiOooI/CORETSE_AHBl1Oo/CORETSE_AHBIOlo/CORETSE_AHBlOo1[11]:CLK
  To:                          CORETSE_AHB_0/CoreTSE_top_inst/CORETSE_AHBilI/CORETSE_AHBOlooI.CORETSE_AHBO0ooI/CORETSE_AHBO1li/CORETSE_AHBIIIi[12]:D
  Delay (ns):                  4.199                                                                           
  Slack (ns):                  -7.292                                                                          
  Arrival (ns):                19.742                                                                          
  Required (ns):               12.450                                                                          

Path 67
  From:                        CORETSE_AHB_0/CoreTSE_top_inst/CORETSE_AHBilI/CORETSE_AHBiOooI/CORETSE_AHBl1Oo/CORETSE_AHBiOlo/CORETSE_AHBl1o[14]:CLK
  To:                          CORETSE_AHB_0/CoreTSE_top_inst/CORETSE_AHBilI/CORETSE_AHBOlooI.CORETSE_AHBO0ooI/CORETSE_AHBO1li/CORETSE_AHBIIIi[12]:D
  Delay (ns):                  4.179                                                                           
  Slack (ns):                  -7.281                                                                          
  Arrival (ns):                19.731                                                                          
  Required (ns):               12.450                                                                          

Path 68
  From:                        CORETSE_AHB_0/CoreTSE_top_inst/CORETSE_AHBilI/CORETSE_AHBiOooI/CORETSE_AHBl1Oo/CORETSE_AHBiOlo/CORETSE_AHBl1o_fast[15]:CLK
  To:                          CORETSE_AHB_0/CoreTSE_top_inst/CORETSE_AHBilI/CORETSE_AHBOlooI.CORETSE_AHBO0ooI/CORETSE_AHBO1li/CORETSE_AHBIIIi[11]:D
  Delay (ns):                  4.173                                                                           
  Slack (ns):                  -7.267                                                                          
  Arrival (ns):                19.726                                                                          
  Required (ns):               12.459                                                                          

Path 69
  From:                        CORETSE_AHB_0/CoreTSE_top_inst/CORETSE_AHBilI/CORETSE_AHBiOooI/CORETSE_AHBl1Oo/CORETSE_AHBIOlo/CORETSE_AHBlOo1_fast[8]:CLK
  To:                          CORETSE_AHB_0/CoreTSE_top_inst/CORETSE_AHBilI/CORETSE_AHBOlooI.CORETSE_AHBO0ooI/CORETSE_AHBO1li/CORETSE_AHBIIIi[11]:D
  Delay (ns):                  4.201                                                                           
  Slack (ns):                  -7.265                                                                          
  Arrival (ns):                19.724                                                                          
  Required (ns):               12.459                                                                          

Path 70
  From:                        CORETSE_AHB_0/CoreTSE_top_inst/CORETSE_AHBilI/CORETSE_AHBiOooI/CORETSE_AHBl1Oo/CORETSE_AHBIOlo/CORETSE_AHBlOo1[5]:CLK
  To:                          CORETSE_AHB_0/CoreTSE_top_inst/CORETSE_AHBilI/CORETSE_AHBOlooI.CORETSE_AHBO0ooI/CORETSE_AHBO1li/CORETSE_AHBIIIi[6]:D
  Delay (ns):                  4.156                                                                           
  Slack (ns):                  -7.254                                                                          
  Arrival (ns):                19.709                                                                          
  Required (ns):               12.455                                                                          

Path 71
  From:                        CORETSE_AHB_0/CoreTSE_top_inst/CORETSE_AHBilI/CORETSE_AHBiOooI/CORETSE_AHBl1Oo/CORETSE_AHBIOlo/CORETSE_AHBlOo1[7]:CLK
  To:                          CORETSE_AHB_0/CoreTSE_top_inst/CORETSE_AHBilI/CORETSE_AHBOlooI.CORETSE_AHBO0ooI/CORETSE_AHBO1li/CORETSE_AHBIIIi[11]:D
  Delay (ns):                  4.157                                                                           
  Slack (ns):                  -7.228                                                                          
  Arrival (ns):                19.687                                                                          
  Required (ns):               12.459                                                                          

Path 72
  From:                        CORETSE_AHB_0/CoreTSE_top_inst/CORETSE_AHBio0.CORETSE_AHBOi0/CORETSE_AHBOoi0/CORETSE_AHBl0i0:CLK
  To:                          SERDES_IF2_0/SERDESIF_INST/INST_SERDESIF_IP:EPCS_TXDATA[29]
  Delay (ns):                  5.330                                                                           
  Slack (ns):                  -7.225                                                                          
  Arrival (ns):                13.183                                                                          
  Required (ns):               5.958                                                                           

Path 73
  From:                        CORETSE_AHB_0/CoreTSE_top_inst/CORETSE_AHBilI/CORETSE_AHBiOooI/CORETSE_AHBl1Oo/CORETSE_AHBiOlo/CORETSE_AHBl1o_fast[0]:CLK
  To:                          CORETSE_AHB_0/CoreTSE_top_inst/CORETSE_AHBilI/CORETSE_AHBOlooI.CORETSE_AHBO0ooI/CORETSE_AHBO1li/CORETSE_AHBIIIi[41]:D
  Delay (ns):                  4.129                                                                           
  Slack (ns):                  -7.225                                                                          
  Arrival (ns):                19.672                                                                          
  Required (ns):               12.447                                                                          

Path 74
  From:                        CORETSE_AHB_0/CoreTSE_top_inst/CORETSE_AHBilI/CORETSE_AHBiOooI/CORETSE_AHBl1Oo/CORETSE_AHBiOlo/CORETSE_AHBl1o_fast[0]:CLK
  To:                          CORETSE_AHB_0/CoreTSE_top_inst/CORETSE_AHBilI/CORETSE_AHBOlooI.CORETSE_AHBO0ooI/CORETSE_AHBO1li/CORETSE_AHBIIIi[38]:D
  Delay (ns):                  4.129                                                                           
  Slack (ns):                  -7.225                                                                          
  Arrival (ns):                19.672                                                                          
  Required (ns):               12.447                                                                          

Path 75
  From:                        CORETSE_AHB_0/CoreTSE_top_inst/CORETSE_AHBilI/CORETSE_AHBiOooI/CORETSE_AHBl1Oo/CORETSE_AHBiOlo/CORETSE_AHBl1o[5]:CLK
  To:                          CORETSE_AHB_0/CoreTSE_top_inst/CORETSE_AHBilI/CORETSE_AHBOlooI.CORETSE_AHBO0ooI/CORETSE_AHBO1li/CORETSE_AHBIIIi[12]:D
  Delay (ns):                  4.145                                                                           
  Slack (ns):                  -7.225                                                                          
  Arrival (ns):                19.675                                                                          
  Required (ns):               12.450                                                                          

Path 76
  From:                        CORETSE_AHB_0/CoreTSE_top_inst/CORETSE_AHBilI/CORETSE_AHBiOooI/CORETSE_AHBl1Oo/CORETSE_AHBiOlo/CORETSE_AHBl1o_fast[9]:CLK
  To:                          CORETSE_AHB_0/CoreTSE_top_inst/CORETSE_AHBilI/CORETSE_AHBOlooI.CORETSE_AHBO0ooI/CORETSE_AHBO1li/CORETSE_AHBIIIi[11]:D
  Delay (ns):                  4.125                                                                           
  Slack (ns):                  -7.218                                                                          
  Arrival (ns):                19.677                                                                          
  Required (ns):               12.459                                                                          

Path 77
  From:                        CORETSE_AHB_0/CoreTSE_top_inst/CORETSE_AHBilI/CORETSE_AHBoOooI/CORETSE_AHBO1II/CORETSE_AHBllOI[17]:CLK
  To:                          CoreTSE_Webserver_MSS_0/MSS_ADLIB_INST/INST_MSS_075_IP:F_HM0_RDATA[17]
  Delay (ns):                  3.573                                                                           
  Slack (ns):                  -7.212                                                                          
  Arrival (ns):                19.117                                                                          
  Required (ns):               11.905                                                                          

Path 78
  From:                        CORETSE_AHB_0/CoreTSE_top_inst/CORETSE_AHBilI/CORETSE_AHBiOooI/CORETSE_AHBl1Oo/CORETSE_AHBiOlo/CORETSE_AHBl1o[11]:CLK
  To:                          CORETSE_AHB_0/CoreTSE_top_inst/CORETSE_AHBilI/CORETSE_AHBOlooI.CORETSE_AHBO0ooI/CORETSE_AHBO1li/CORETSE_AHBIIIi[11]:D
  Delay (ns):                  4.113                                                                           
  Slack (ns):                  -7.206                                                                          
  Arrival (ns):                19.665                                                                          
  Required (ns):               12.459                                                                          

Path 79
  From:                        CORETSE_AHB_0/CoreTSE_top_inst/CORETSE_AHBilI/CORETSE_AHBiOooI/CORETSE_AHBl1Oo/CORETSE_AHBIOlo/CORETSE_AHBlOo1[3]:CLK
  To:                          CORETSE_AHB_0/CoreTSE_top_inst/CORETSE_AHBilI/CORETSE_AHBOlooI.CORETSE_AHBO0ooI/CORETSE_AHBO1li/CORETSE_AHBIIIi[41]:D
  Delay (ns):                  4.108                                                                           
  Slack (ns):                  -7.193                                                                          
  Arrival (ns):                19.640                                                                          
  Required (ns):               12.447                                                                          

Path 80
  From:                        CORETSE_AHB_0/CoreTSE_top_inst/CORETSE_AHBilI/CORETSE_AHBiOooI/CORETSE_AHBl1Oo/CORETSE_AHBIOlo/CORETSE_AHBlOo1[3]:CLK
  To:                          CORETSE_AHB_0/CoreTSE_top_inst/CORETSE_AHBilI/CORETSE_AHBOlooI.CORETSE_AHBO0ooI/CORETSE_AHBO1li/CORETSE_AHBIIIi[38]:D
  Delay (ns):                  4.108                                                                           
  Slack (ns):                  -7.193                                                                          
  Arrival (ns):                19.640                                                                          
  Required (ns):               12.447                                                                          

Path 81
  From:                        CORETSE_AHB_0/CoreTSE_top_inst/CORETSE_AHBilI/CORETSE_AHBiOooI/CORETSE_AHBl1Oo/CORETSE_AHBIOlo/CORETSE_AHBlOo1[4]:CLK
  To:                          CORETSE_AHB_0/CoreTSE_top_inst/CORETSE_AHBilI/CORETSE_AHBOlooI.CORETSE_AHBO0ooI/CORETSE_AHBO1li/CORETSE_AHBIIIi[10]:D
  Delay (ns):                  4.089                                                                           
  Slack (ns):                  -7.190                                                                          
  Arrival (ns):                19.634                                                                          
  Required (ns):               12.444                                                                          

Path 82
  From:                        CORETSE_AHB_0/CoreTSE_top_inst/CORETSE_AHBilI/CORETSE_AHBiOooI/CORETSE_AHBl1Oo/CORETSE_AHBIOlo/CORETSE_AHBlOo1[14]:CLK
  To:                          CORETSE_AHB_0/CoreTSE_top_inst/CORETSE_AHBilI/CORETSE_AHBOlooI.CORETSE_AHBO0ooI/CORETSE_AHBO1li/CORETSE_AHBIIIi[11]:D
  Delay (ns):                  4.116                                                                           
  Slack (ns):                  -7.187                                                                          
  Arrival (ns):                19.646                                                                          
  Required (ns):               12.459                                                                          

Path 83
  From:                        CORETSE_AHB_0/CoreTSE_top_inst/CORETSE_AHBilI/CORETSE_AHBiOooI/CORETSE_AHBl1Oo/CORETSE_AHBiOlo/CORETSE_AHBl1o_fast[1]:CLK
  To:                          CORETSE_AHB_0/CoreTSE_top_inst/CORETSE_AHBilI/CORETSE_AHBOlooI.CORETSE_AHBO0ooI/CORETSE_AHBO1li/CORETSE_AHBIIIi[41]:D
  Delay (ns):                  4.090                                                                           
  Slack (ns):                  -7.186                                                                          
  Arrival (ns):                19.633                                                                          
  Required (ns):               12.447                                                                          

Path 84
  From:                        CORETSE_AHB_0/CoreTSE_top_inst/CORETSE_AHBilI/CORETSE_AHBiOooI/CORETSE_AHBl1Oo/CORETSE_AHBiOlo/CORETSE_AHBl1o_fast[1]:CLK
  To:                          CORETSE_AHB_0/CoreTSE_top_inst/CORETSE_AHBilI/CORETSE_AHBOlooI.CORETSE_AHBO0ooI/CORETSE_AHBO1li/CORETSE_AHBIIIi[38]:D
  Delay (ns):                  4.090                                                                           
  Slack (ns):                  -7.186                                                                          
  Arrival (ns):                19.633                                                                          
  Required (ns):               12.447                                                                          

Path 85
  From:                        CORETSE_AHB_0/CoreTSE_top_inst/CORETSE_AHBilI/CORETSE_AHBiOooI/CORETSE_AHBl1Oo/CORETSE_AHBiOlo/CORETSE_AHBl1o[5]:CLK
  To:                          CORETSE_AHB_0/CoreTSE_top_inst/CORETSE_AHBilI/CORETSE_AHBOlooI.CORETSE_AHBO0ooI/CORETSE_AHBO1li/CORETSE_AHBIIIi[41]:D
  Delay (ns):                  4.103                                                                           
  Slack (ns):                  -7.186                                                                          
  Arrival (ns):                19.633                                                                          
  Required (ns):               12.447                                                                          

Path 86
  From:                        CORETSE_AHB_0/CoreTSE_top_inst/CORETSE_AHBilI/CORETSE_AHBiOooI/CORETSE_AHBl1Oo/CORETSE_AHBiOlo/CORETSE_AHBl1o[5]:CLK
  To:                          CORETSE_AHB_0/CoreTSE_top_inst/CORETSE_AHBilI/CORETSE_AHBOlooI.CORETSE_AHBO0ooI/CORETSE_AHBO1li/CORETSE_AHBIIIi[38]:D
  Delay (ns):                  4.103                                                                           
  Slack (ns):                  -7.186                                                                          
  Arrival (ns):                19.633                                                                          
  Required (ns):               12.447                                                                          

Path 87
  From:                        CORETSE_AHB_0/CoreTSE_top_inst/CORETSE_AHBilI/CORETSE_AHBiOooI/CORETSE_AHBl1Oo/CORETSE_AHBiOlo/CORETSE_AHBl1o_fast[0]:CLK
  To:                          CORETSE_AHB_0/CoreTSE_top_inst/CORETSE_AHBilI/CORETSE_AHBOlooI.CORETSE_AHBO0ooI/CORETSE_AHBO1li/CORETSE_AHBIIIi[6]:D
  Delay (ns):                  4.097                                                                           
  Slack (ns):                  -7.185                                                                          
  Arrival (ns):                19.640                                                                          
  Required (ns):               12.455                                                                          

Path 88
  From:                        CORETSE_AHB_0/CoreTSE_top_inst/CORETSE_AHBilI/CORETSE_AHBoOooI/CORETSE_AHBO1II/CORETSE_AHBllOI[30]:CLK
  To:                          CoreTSE_Webserver_MSS_0/MSS_ADLIB_INST/INST_MSS_075_IP:F_HM0_RDATA[30]
  Delay (ns):                  3.576                                                                           
  Slack (ns):                  -7.184                                                                          
  Arrival (ns):                19.138                                                                          
  Required (ns):               11.954                                                                          

Path 89
  From:                        CORETSE_AHB_0/CoreTSE_top_inst/CORETSE_AHBilI/CORETSE_AHBiOooI/CORETSE_AHBl1Oo/CORETSE_AHBIOlo/CORETSE_AHBlOo1[9]:CLK
  To:                          CORETSE_AHB_0/CoreTSE_top_inst/CORETSE_AHBilI/CORETSE_AHBOlooI.CORETSE_AHBO0ooI/CORETSE_AHBO1li/CORETSE_AHBIIIi[41]:D
  Delay (ns):                  4.104                                                                           
  Slack (ns):                  -7.181                                                                          
  Arrival (ns):                19.628                                                                          
  Required (ns):               12.447                                                                          

Path 90
  From:                        CORETSE_AHB_0/CoreTSE_top_inst/CORETSE_AHBilI/CORETSE_AHBiOooI/CORETSE_AHBl1Oo/CORETSE_AHBIOlo/CORETSE_AHBlOo1[9]:CLK
  To:                          CORETSE_AHB_0/CoreTSE_top_inst/CORETSE_AHBilI/CORETSE_AHBOlooI.CORETSE_AHBO0ooI/CORETSE_AHBO1li/CORETSE_AHBIIIi[38]:D
  Delay (ns):                  4.104                                                                           
  Slack (ns):                  -7.181                                                                          
  Arrival (ns):                19.628                                                                          
  Required (ns):               12.447                                                                          

Path 91
  From:                        CORETSE_AHB_0/CoreTSE_top_inst/CORETSE_AHBilI/CORETSE_AHBiOooI/CORETSE_AHBl1Oo/CORETSE_AHBIOlo/CORETSE_AHBlOo1[6]:CLK
  To:                          CORETSE_AHB_0/CoreTSE_top_inst/CORETSE_AHBilI/CORETSE_AHBOlooI.CORETSE_AHBO0ooI/CORETSE_AHBO1li/CORETSE_AHBIIIi[12]:D
  Delay (ns):                  4.089                                                                           
  Slack (ns):                  -7.167                                                                          
  Arrival (ns):                19.617                                                                          
  Required (ns):               12.450                                                                          

Path 92
  From:                        CORETSE_AHB_0/CoreTSE_top_inst/CORETSE_AHBilI/CORETSE_AHBiOooI/CORETSE_AHBl1Oo/CORETSE_AHBiOlo/CORETSE_AHBl1o_fast[0]:CLK
  To:                          CORETSE_AHB_0/CoreTSE_top_inst/CORETSE_AHBilI/CORETSE_AHBOlooI.CORETSE_AHBO0ooI/CORETSE_AHBO1li/CORETSE_AHBIIIi[10]:D
  Delay (ns):                  4.058                                                                           
  Slack (ns):                  -7.157                                                                          
  Arrival (ns):                19.601                                                                          
  Required (ns):               12.444                                                                          

Path 93
  From:                        CORETSE_AHB_0/CoreTSE_top_inst/CORETSE_AHBilI/CORETSE_AHBiOooI/CORETSE_AHBl1Oo/CORETSE_AHBiOlo/CORETSE_AHBl1o_fast[14]:CLK
  To:                          CORETSE_AHB_0/CoreTSE_top_inst/CORETSE_AHBilI/CORETSE_AHBOlooI.CORETSE_AHBO0ooI/CORETSE_AHBO1li/CORETSE_AHBIIIi[12]:D
  Delay (ns):                  4.074                                                                           
  Slack (ns):                  -7.152                                                                          
  Arrival (ns):                19.602                                                                          
  Required (ns):               12.450                                                                          

Path 94
  From:                        CORETSE_AHB_0/CoreTSE_top_inst/CORETSE_AHBilI/CORETSE_AHBiOooI/CORETSE_AHBl1Oo/CORETSE_AHBIOlo/CORETSE_AHBlOo1[3]:CLK
  To:                          CORETSE_AHB_0/CoreTSE_top_inst/CORETSE_AHBilI/CORETSE_AHBOlooI.CORETSE_AHBO0ooI/CORETSE_AHBO1li/CORETSE_AHBIIIi[6]:D
  Delay (ns):                  4.069                                                                           
  Slack (ns):                  -7.146                                                                          
  Arrival (ns):                19.601                                                                          
  Required (ns):               12.455                                                                          

Path 95
  From:                        CORETSE_AHB_0/CoreTSE_top_inst/CORETSE_AHBilI/CORETSE_AHBiOooI/CORETSE_AHBl1Oo/CORETSE_AHBiOlo/CORETSE_AHBl1o_fast[9]:CLK
  To:                          CORETSE_AHB_0/CoreTSE_top_inst/CORETSE_AHBilI/CORETSE_AHBOlooI.CORETSE_AHBO0ooI/CORETSE_AHBO1li/CORETSE_AHBIIIi[12]:D
  Delay (ns):                  4.044                                                                           
  Slack (ns):                  -7.146                                                                          
  Arrival (ns):                19.596                                                                          
  Required (ns):               12.450                                                                          

Path 96
  From:                        CORETSE_AHB_0/CoreTSE_top_inst/CORETSE_AHBilI/CORETSE_AHBiOooI/CORETSE_AHBl1Oo/CORETSE_AHBiOlo/CORETSE_AHBl1o_fast[1]:CLK
  To:                          CORETSE_AHB_0/CoreTSE_top_inst/CORETSE_AHBilI/CORETSE_AHBOlooI.CORETSE_AHBO0ooI/CORETSE_AHBO1li/CORETSE_AHBIIIi[6]:D
  Delay (ns):                  4.054                                                                           
  Slack (ns):                  -7.142                                                                          
  Arrival (ns):                19.597                                                                          
  Required (ns):               12.455                                                                          

Path 97
  From:                        CORETSE_AHB_0/CoreTSE_top_inst/CORETSE_AHBilI/CORETSE_AHBiOooI/CORETSE_AHBl1Oo/CORETSE_AHBiOlo/CORETSE_AHBl1o[8]:CLK
  To:                          CORETSE_AHB_0/CoreTSE_top_inst/CORETSE_AHBilI/CORETSE_AHBOlooI.CORETSE_AHBO0ooI/CORETSE_AHBO1li/CORETSE_AHBIIIi[12]:D
  Delay (ns):                  4.063                                                                           
  Slack (ns):                  -7.142                                                                          
  Arrival (ns):                19.592                                                                          
  Required (ns):               12.450                                                                          

Path 98
  From:                        CORETSE_AHB_0/CoreTSE_top_inst/CORETSE_AHBilI/CORETSE_AHBoOooI/CORETSE_AHBO1II/CORETSE_AHBllOI[18]:CLK
  To:                          CoreTSE_Webserver_MSS_0/MSS_ADLIB_INST/INST_MSS_075_IP:F_HM0_RDATA[18]
  Delay (ns):                  3.382                                                                           
  Slack (ns):                  -7.135                                                                          
  Arrival (ns):                18.938                                                                          
  Required (ns):               11.803                                                                          

Path 99
  From:                        CORETSE_AHB_0/CoreTSE_top_inst/CORETSE_AHBio0.CORETSE_AHBOi0/CORETSE_AHBOoi0/CORETSE_AHBI0i0[5]:CLK
  To:                          SERDES_IF2_0/SERDESIF_INST/INST_SERDESIF_IP:EPCS_TXDATA[25]
  Delay (ns):                  5.240                                                                           
  Slack (ns):                  -7.129                                                                          
  Arrival (ns):                13.087                                                                          
  Required (ns):               5.958                                                                           

Path 100
  From:                        CORETSE_AHB_0/CoreTSE_top_inst/CORETSE_AHBilI/CORETSE_AHBiOooI/CORETSE_AHBl1Oo/CORETSE_AHBIOlo/CORETSE_AHBlOo1[2]:CLK
  To:                          CORETSE_AHB_0/CoreTSE_top_inst/CORETSE_AHBilI/CORETSE_AHBOlooI.CORETSE_AHBO0ooI/CORETSE_AHBO1li/CORETSE_AHBIIIi[41]:D
  Delay (ns):                  4.039                                                                           
  Slack (ns):                  -7.124                                                                          
  Arrival (ns):                19.571                                                                          
  Required (ns):               12.447                                                                          

